1978984 openat(AT_FDCWD, "/etc/ld.so.cache", O_RDONLY|O_CLOEXEC) = 3
1978984 openat(AT_FDCWD, "/lib/x86_64-linux-gnu/libtinfo.so.6", O_RDONLY|O_CLOEXEC) = 3
1978984 openat(AT_FDCWD, "/lib/x86_64-linux-gnu/libc.so.6", O_RDONLY|O_CLOEXEC) = 3
1978984 openat(AT_FDCWD, "/dev/tty", O_RDWR|O_NONBLOCK) = 3
1978984 openat(AT_FDCWD, "/usr/lib/locale/locale-archive", O_RDONLY|O_CLOEXEC) = 3
1978984 openat(AT_FDCWD, "/usr/lib/x86_64-linux-gnu/gconv/gconv-modules.cache", O_RDONLY) = 3
1978984 openat(AT_FDCWD, "./zombie.sh", O_RDONLY) = 3
1978985 openat(AT_FDCWD, "target/debug/glibc-hwcaps/x86-64-v3/librustc_driver.so", O_RDONLY|O_CLOEXEC) = -1 ENOENT (No such file or directory)
1978985 openat(AT_FDCWD, "target/debug/glibc-hwcaps/x86-64-v2/librustc_driver.so", O_RDONLY|O_CLOEXEC) = -1 ENOENT (No such file or directory)
1978985 openat(AT_FDCWD, "target/debug/librustc_driver.so", O_RDONLY|O_CLOEXEC) = 3
1978985 openat(AT_FDCWD, "target/debug/glibc-hwcaps/x86-64-v3/libstd-55e31a9915372a07.so", O_RDONLY|O_CLOEXEC) = -1 ENOENT (No such file or directory)
1978985 openat(AT_FDCWD, "target/debug/glibc-hwcaps/x86-64-v2/libstd-55e31a9915372a07.so", O_RDONLY|O_CLOEXEC) = -1 ENOENT (No such file or directory)
1978985 openat(AT_FDCWD, "target/debug/libstd-55e31a9915372a07.so", O_RDONLY|O_CLOEXEC) = 3
1978985 openat(AT_FDCWD, "target/debug/glibc-hwcaps/x86-64-v3/libgcc_s.so.1", O_RDONLY|O_CLOEXEC) = -1 ENOENT (No such file or directory)
1978985 openat(AT_FDCWD, "target/debug/glibc-hwcaps/x86-64-v2/libgcc_s.so.1", O_RDONLY|O_CLOEXEC) = -1 ENOENT (No such file or directory)
1978985 openat(AT_FDCWD, "target/debug/libgcc_s.so.1", O_RDONLY|O_CLOEXEC) = -1 ENOENT (No such file or directory)
1978985 openat(AT_FDCWD, "glibc-hwcaps/x86-64-v3/libgcc_s.so.1", O_RDONLY|O_CLOEXEC) = -1 ENOENT (No such file or directory)
1978985 openat(AT_FDCWD, "glibc-hwcaps/x86-64-v2/libgcc_s.so.1", O_RDONLY|O_CLOEXEC) = -1 ENOENT (No such file or directory)
1978985 openat(AT_FDCWD, "libgcc_s.so.1", O_RDONLY|O_CLOEXEC) = -1 ENOENT (No such file or directory)
1978985 openat(AT_FDCWD, "/mnt/data1/nix/vendor/rust/cargo2nix/outputs/out/lib/glibc-hwcaps/x86-64-v3/libgcc_s.so.1", O_RDONLY|O_CLOEXEC) = -1 ENOENT (No such file or directory)
1978985 openat(AT_FDCWD, "/mnt/data1/nix/vendor/rust/cargo2nix/outputs/out/lib/glibc-hwcaps/x86-64-v2/libgcc_s.so.1", O_RDONLY|O_CLOEXEC) = -1 ENOENT (No such file or directory)
1978985 openat(AT_FDCWD, "/mnt/data1/nix/vendor/rust/cargo2nix/outputs/out/lib/libgcc_s.so.1", O_RDONLY|O_CLOEXEC) = -1 ENOENT (No such file or directory)
1978985 openat(AT_FDCWD, "/nix/store/i6xakg19vy8vc2g211yr9d5nmb0wk7v0-rustc-1.91.1/lib/rustlib/x86_64-unknown-linux-gnu/lib/glibc-hwcaps/x86-64-v3/libgcc_s.so.1", O_RDONLY|O_CLOEXEC) = -1 ENOENT (No such file or directory)
1978985 openat(AT_FDCWD, "/nix/store/i6xakg19vy8vc2g211yr9d5nmb0wk7v0-rustc-1.91.1/lib/rustlib/x86_64-unknown-linux-gnu/lib/glibc-hwcaps/x86-64-v2/libgcc_s.so.1", O_RDONLY|O_CLOEXEC) = -1 ENOENT (No such file or directory)
1978985 openat(AT_FDCWD, "/nix/store/i6xakg19vy8vc2g211yr9d5nmb0wk7v0-rustc-1.91.1/lib/rustlib/x86_64-unknown-linux-gnu/lib/libgcc_s.so.1", O_RDONLY|O_CLOEXEC) = -1 ENOENT (No such file or directory)
1978985 openat(AT_FDCWD, "/nix/store/xx7cm72qy2c0643cm1ipngd87aqwkcdp-glibc-2.40-66/lib/glibc-hwcaps/x86-64-v3/libgcc_s.so.1", O_RDONLY|O_CLOEXEC) = -1 ENOENT (No such file or directory)
1978985 openat(AT_FDCWD, "/nix/store/xx7cm72qy2c0643cm1ipngd87aqwkcdp-glibc-2.40-66/lib/glibc-hwcaps/x86-64-v2/libgcc_s.so.1", O_RDONLY|O_CLOEXEC) = -1 ENOENT (No such file or directory)
1978985 openat(AT_FDCWD, "/nix/store/xx7cm72qy2c0643cm1ipngd87aqwkcdp-glibc-2.40-66/lib/libgcc_s.so.1", O_RDONLY|O_CLOEXEC) = -1 ENOENT (No such file or directory)
1978985 openat(AT_FDCWD, "/nix/store/xm08aqdd7pxcdhm0ak6aqb1v7hw5q6ri-gcc-14.3.0-lib/lib/glibc-hwcaps/x86-64-v3/libgcc_s.so.1", O_RDONLY|O_CLOEXEC) = -1 ENOENT (No such file or directory)
1978985 openat(AT_FDCWD, "/nix/store/xm08aqdd7pxcdhm0ak6aqb1v7hw5q6ri-gcc-14.3.0-lib/lib/glibc-hwcaps/x86-64-v2/libgcc_s.so.1", O_RDONLY|O_CLOEXEC) = -1 ENOENT (No such file or directory)
1978985 openat(AT_FDCWD, "/nix/store/xm08aqdd7pxcdhm0ak6aqb1v7hw5q6ri-gcc-14.3.0-lib/lib/libgcc_s.so.1", O_RDONLY|O_CLOEXEC) = 3
1978985 openat(AT_FDCWD, "target/debug/glibc-hwcaps/x86-64-v3/libm.so.6", O_RDONLY|O_CLOEXEC) = -1 ENOENT (No such file or directory)
1978985 openat(AT_FDCWD, "target/debug/glibc-hwcaps/x86-64-v2/libm.so.6", O_RDONLY|O_CLOEXEC) = -1 ENOENT (No such file or directory)
1978985 openat(AT_FDCWD, "target/debug/libm.so.6", O_RDONLY|O_CLOEXEC) = -1 ENOENT (No such file or directory)
1978985 openat(AT_FDCWD, "glibc-hwcaps/x86-64-v3/libm.so.6", O_RDONLY|O_CLOEXEC) = -1 ENOENT (No such file or directory)
1978985 openat(AT_FDCWD, "glibc-hwcaps/x86-64-v2/libm.so.6", O_RDONLY|O_CLOEXEC) = -1 ENOENT (No such file or directory)
1978985 openat(AT_FDCWD, "libm.so.6", O_RDONLY|O_CLOEXEC) = -1 ENOENT (No such file or directory)
1978985 openat(AT_FDCWD, "/nix/store/i6xakg19vy8vc2g211yr9d5nmb0wk7v0-rustc-1.91.1/lib/rustlib/x86_64-unknown-linux-gnu/lib/libm.so.6", O_RDONLY|O_CLOEXEC) = -1 ENOENT (No such file or directory)
1978985 openat(AT_FDCWD, "/nix/store/xx7cm72qy2c0643cm1ipngd87aqwkcdp-glibc-2.40-66/lib/libm.so.6", O_RDONLY|O_CLOEXEC) = 3
1978985 openat(AT_FDCWD, "target/debug/glibc-hwcaps/x86-64-v3/libc.so.6", O_RDONLY|O_CLOEXEC) = -1 ENOENT (No such file or directory)
1978985 openat(AT_FDCWD, "target/debug/glibc-hwcaps/x86-64-v2/libc.so.6", O_RDONLY|O_CLOEXEC) = -1 ENOENT (No such file or directory)
1978985 openat(AT_FDCWD, "target/debug/libc.so.6", O_RDONLY|O_CLOEXEC) = -1 ENOENT (No such file or directory)
1978985 openat(AT_FDCWD, "glibc-hwcaps/x86-64-v3/libc.so.6", O_RDONLY|O_CLOEXEC) = -1 ENOENT (No such file or directory)
1978985 openat(AT_FDCWD, "glibc-hwcaps/x86-64-v2/libc.so.6", O_RDONLY|O_CLOEXEC) = -1 ENOENT (No such file or directory)
1978985 openat(AT_FDCWD, "libc.so.6", O_RDONLY|O_CLOEXEC) = -1 ENOENT (No such file or directory)
1978985 openat(AT_FDCWD, "/nix/store/i6xakg19vy8vc2g211yr9d5nmb0wk7v0-rustc-1.91.1/lib/rustlib/x86_64-unknown-linux-gnu/lib/libc.so.6", O_RDONLY|O_CLOEXEC) = -1 ENOENT (No such file or directory)
1978985 openat(AT_FDCWD, "/nix/store/xx7cm72qy2c0643cm1ipngd87aqwkcdp-glibc-2.40-66/lib/libc.so.6", O_RDONLY|O_CLOEXEC) = 3
1978985 openat(AT_FDCWD, "/proc/self/maps", O_RDONLY|O_CLOEXEC) = 3
1978985 openat(AT_FDCWD, "/proc/self/cgroup", O_RDONLY|O_CLOEXEC) = 3
1978985 openat(AT_FDCWD, "/sys/fs/cgroup/user.slice/user-1000.slice/session-1855.scope/cpu.max", O_RDONLY|O_CLOEXEC) = -1 ENOENT (No such file or directory)
1978985 openat(AT_FDCWD, "/sys/fs/cgroup/user.slice/user-1000.slice/cpu.max", O_RDONLY|O_CLOEXEC) = -1 ENOENT (No such file or directory)
1978985 openat(AT_FDCWD, "/sys/fs/cgroup/user.slice/cpu.max", O_RDONLY|O_CLOEXEC) = 3
1978985 openat(AT_FDCWD, "/sys/fs/cgroup/cpu.max", O_RDONLY|O_CLOEXEC) = -1 ENOENT (No such file or directory)
1978994 openat(AT_FDCWD, "/sys/devices/system/cpu/online", O_RDONLY|O_CLOEXEC) = 13
1979010 openat(AT_FDCWD, "/mnt/data1/nix/vendor/rust/cargo2nix/submodules/rust/compiler/zombie_driver/target/lib/rustlib/x86_64-unknown-linux-gnu/codegen-backends", O_RDONLY|O_NONBLOCK|O_CLOEXEC|O_DIRECTORY) = 15
1979010 +++ exited with 0 +++
1979009 +++ exited with 1 +++
1979008 +++ exited with 1 +++
1979007 +++ exited with 1 +++
1979006 +++ exited with 1 +++
1979005 +++ exited with 1 +++
1979004 +++ exited with 1 +++
1979003 +++ exited with 1 +++
1979002 +++ exited with 1 +++
1979001 +++ exited with 1 +++
1978999 +++ exited with 1 +++
1978998 +++ exited with 1 +++
1978997 +++ exited with 1 +++
1978996 +++ exited with 1 +++
1978995 +++ exited with 1 +++
1978994 +++ exited with 1 +++
1978993 +++ exited with 1 +++
1978992 +++ exited with 1 +++
1978991 +++ exited with 1 +++
1978990 +++ exited with 1 +++
1978989 +++ exited with 1 +++
1978988 +++ exited with 1 +++
1978987 +++ exited with 1 +++
1978986 +++ exited with 1 +++
1979011 +++ exited with 1 +++
1979000 +++ exited with 1 +++
1978985 +++ exited with 1 +++
1978984 --- SIGCHLD {si_signo=SIGCHLD, si_code=CLD_EXITED, si_pid=1978985, si_uid=1000, si_status=1, si_utime=7, si_stime=2} ---
1978984 +++ exited with 1 +++
