=== ENV DEBUG ===
PWD: Ok("/home/mdupont/.cargo/registry/src/index.crates.io-1949cf8c6b5b557f/unicode-ident-1.0.18")
CARGO_MANIFEST_DIR: Ok("/home/mdupont/.cargo/registry/src/index.crates.io-1949cf8c6b5b557f/unicode-ident-1.0.18")
=== END ENV DEBUG ===
=== SAVED 4 COMPLEXITY ITEMS FOR CRATE: unicode_ident ===
=== MANIFEST SAVED: ./test_usage_data/unicode_ident_manifest.json ===
=== COLLECTING USAGE DATA FOR CRATE: unicode_ident === (10122 total usages)
=== ENV DEBUG ===
PWD: Ok("/home/mdupont/.cargo/registry/src/index.crates.io-1949cf8c6b5b557f/proc-macro2-1.0.101")
CARGO_MANIFEST_DIR: Ok("/home/mdupont/.cargo/registry/src/index.crates.io-1949cf8c6b5b557f/proc-macro2-1.0.101")
=== END ENV DEBUG ===
=== SAVED 6 COMPLEXITY ITEMS FOR CRATE: build_script_build ===
=== MANIFEST SAVED: ./test_usage_data/build_script_build_manifest.json ===
=== COLLECTING USAGE DATA FOR CRATE: build_script_build === (119 total usages)
=== ENV DEBUG ===
PWD: Ok("/home/mdupont/.cargo/registry/src/index.crates.io-1949cf8c6b5b557f/libc-0.2.174")
CARGO_MANIFEST_DIR: Ok("/home/mdupont/.cargo/registry/src/index.crates.io-1949cf8c6b5b557f/libc-0.2.174")
=== END ENV DEBUG ===
=== SAVED 6 COMPLEXITY ITEMS FOR CRATE: build_script_build ===
=== MANIFEST SAVED: ./test_usage_data/build_script_build_manifest.json ===
=== COLLECTING USAGE DATA FOR CRATE: build_script_build === (184 total usages)
=== ENV DEBUG ===
PWD: Ok("/home/mdupont/.cargo/registry/src/index.crates.io-1949cf8c6b5b557f/proc-macro2-1.0.101")
CARGO_MANIFEST_DIR: Ok("/home/mdupont/.cargo/registry/src/index.crates.io-1949cf8c6b5b557f/proc-macro2-1.0.101")
=== END ENV DEBUG ===
=== SAVED 89 COMPLEXITY ITEMS FOR CRATE: proc_macro2 ===
=== MANIFEST SAVED: ./test_usage_data/proc_macro2_manifest.json ===
=== COLLECTING USAGE DATA FOR CRATE: proc_macro2 === (522 total usages)
=== ENV DEBUG ===
PWD: Ok("/home/mdupont/.cargo/registry/src/index.crates.io-1949cf8c6b5b557f/autocfg-1.5.0")
CARGO_MANIFEST_DIR: Ok("/home/mdupont/.cargo/registry/src/index.crates.io-1949cf8c6b5b557f/autocfg-1.5.0")
=== END ENV DEBUG ===
=== SAVED 20 COMPLEXITY ITEMS FOR CRATE: autocfg ===
=== MANIFEST SAVED: ./test_usage_data/autocfg_manifest.json ===
=== COLLECTING USAGE DATA FOR CRATE: autocfg === (63 total usages)
=== ENV DEBUG ===
PWD: Ok("/home/mdupont/.cargo/registry/src/index.crates.io-1949cf8c6b5b557f/smallvec-1.15.1")
CARGO_MANIFEST_DIR: Ok("/home/mdupont/.cargo/registry/src/index.crates.io-1949cf8c6b5b557f/smallvec-1.15.1")
=== END ENV DEBUG ===
=== SAVED 10 COMPLEXITY ITEMS FOR CRATE: smallvec ===
=== MANIFEST SAVED: ./test_usage_data/smallvec_manifest.json ===
=== COLLECTING USAGE DATA FOR CRATE: smallvec === (17 total usages)
=== ENV DEBUG ===
PWD: Ok("/home/mdupont/.cargo/registry/src/index.crates.io-1949cf8c6b5b557f/memchr-2.7.5")
CARGO_MANIFEST_DIR: Ok("/home/mdupont/.cargo/registry/src/index.crates.io-1949cf8c6b5b557f/memchr-2.7.5")
=== END ENV DEBUG ===
=== SAVED 84 COMPLEXITY ITEMS FOR CRATE: memchr ===
=== MANIFEST SAVED: ./test_usage_data/memchr_manifest.json ===
=== COLLECTING USAGE DATA FOR CRATE: memchr === (510 total usages)
=== ENV DEBUG ===
PWD: Ok("/home/mdupont/.cargo/registry/src/index.crates.io-1949cf8c6b5b557f/cfg-if-1.0.1")
CARGO_MANIFEST_DIR: Ok("/home/mdupont/.cargo/registry/src/index.crates.io-1949cf8c6b5b557f/cfg-if-1.0.1")
=== END ENV DEBUG ===
=== MANIFEST SAVED: ./test_usage_data/cfg_if_manifest.json ===
=== COLLECTING USAGE DATA FOR CRATE: cfg_if === (0 total usages)
=== ENV DEBUG ===
PWD: Ok("/home/mdupont/.cargo/registry/src/index.crates.io-1949cf8c6b5b557f/stable_deref_trait-1.2.0")
CARGO_MANIFEST_DIR: Ok("/home/mdupont/.cargo/registry/src/index.crates.io-1949cf8c6b5b557f/stable_deref_trait-1.2.0")
=== END ENV DEBUG ===
=== MANIFEST SAVED: ./test_usage_data/stable_deref_trait_manifest.json ===
=== COLLECTING USAGE DATA FOR CRATE: stable_deref_trait === (0 total usages)
=== ENV DEBUG ===
PWD: Ok("/home/mdupont/.cargo/registry/src/index.crates.io-1949cf8c6b5b557f/itoa-1.0.15")
CARGO_MANIFEST_DIR: Ok("/home/mdupont/.cargo/registry/src/index.crates.io-1949cf8c6b5b557f/itoa-1.0.15")
=== END ENV DEBUG ===
=== SAVED 3 COMPLEXITY ITEMS FOR CRATE: itoa ===
=== MANIFEST SAVED: ./test_usage_data/itoa_manifest.json ===
=== COLLECTING USAGE DATA FOR CRATE: itoa === (2 total usages)
=== ENV DEBUG ===
PWD: Ok("/home/mdupont/.cargo/registry/src/index.crates.io-1949cf8c6b5b557f/serde-1.0.219")
CARGO_MANIFEST_DIR: Ok("/home/mdupont/.cargo/registry/src/index.crates.io-1949cf8c6b5b557f/serde-1.0.219")
=== END ENV DEBUG ===
=== SAVED 2 COMPLEXITY ITEMS FOR CRATE: build_script_build ===
=== MANIFEST SAVED: ./test_usage_data/build_script_build_manifest.json ===
=== COLLECTING USAGE DATA FOR CRATE: build_script_build === (66 total usages)
=== ENV DEBUG ===
PWD: Ok("/home/mdupont/.cargo/registry/src/index.crates.io-1949cf8c6b5b557f/scopeguard-1.2.0")
CARGO_MANIFEST_DIR: Ok("/home/mdupont/.cargo/registry/src/index.crates.io-1949cf8c6b5b557f/scopeguard-1.2.0")
=== END ENV DEBUG ===
=== SAVED 3 COMPLEXITY ITEMS FOR CRATE: scopeguard ===
=== MANIFEST SAVED: ./test_usage_data/scopeguard_manifest.json ===
=== COLLECTING USAGE DATA FOR CRATE: scopeguard === (3 total usages)
=== ENV DEBUG ===
PWD: Ok("/home/mdupont/.cargo/registry/src/index.crates.io-1949cf8c6b5b557f/futures-core-0.3.31")
CARGO_MANIFEST_DIR: Ok("/home/mdupont/.cargo/registry/src/index.crates.io-1949cf8c6b5b557f/futures-core-0.3.31")
=== END ENV DEBUG ===
=== SAVED 1 COMPLEXITY ITEMS FOR CRATE: futures_core ===
=== MANIFEST SAVED: ./test_usage_data/futures_core_manifest.json ===
=== COLLECTING USAGE DATA FOR CRATE: futures_core === (7 total usages)
=== ENV DEBUG ===
PWD: Ok("/home/mdupont/.cargo/registry/src/index.crates.io-1949cf8c6b5b557f/pin-project-lite-0.2.16")
CARGO_MANIFEST_DIR: Ok("/home/mdupont/.cargo/registry/src/index.crates.io-1949cf8c6b5b557f/pin-project-lite-0.2.16")
=== END ENV DEBUG ===
=== SAVED 4 COMPLEXITY ITEMS FOR CRATE: pin_project_lite ===
=== MANIFEST SAVED: ./test_usage_data/pin_project_lite_manifest.json ===
=== COLLECTING USAGE DATA FOR CRATE: pin_project_lite === (4 total usages)
=== ENV DEBUG ===
PWD: Ok("/home/mdupont/.cargo/registry/src/index.crates.io-1949cf8c6b5b557f/log-0.4.27")
CARGO_MANIFEST_DIR: Ok("/home/mdupont/.cargo/registry/src/index.crates.io-1949cf8c6b5b557f/log-0.4.27")
=== END ENV DEBUG ===
=== SAVED 22 COMPLEXITY ITEMS FOR CRATE: log ===
=== MANIFEST SAVED: ./test_usage_data/log_manifest.json ===
=== COLLECTING USAGE DATA FOR CRATE: log === (80 total usages)
=== ENV DEBUG ===
PWD: Ok("/home/mdupont/.cargo/registry/src/index.crates.io-1949cf8c6b5b557f/writeable-0.6.1")
CARGO_MANIFEST_DIR: Ok("/home/mdupont/.cargo/registry/src/index.crates.io-1949cf8c6b5b557f/writeable-0.6.1")
=== END ENV DEBUG ===
=== SAVED 16 COMPLEXITY ITEMS FOR CRATE: writeable ===
=== MANIFEST SAVED: ./test_usage_data/writeable_manifest.json ===
=== COLLECTING USAGE DATA FOR CRATE: writeable === (54 total usages)
=== ENV DEBUG ===
PWD: Ok("/home/mdupont/.cargo/registry/src/index.crates.io-1949cf8c6b5b557f/litemap-0.8.0")
CARGO_MANIFEST_DIR: Ok("/home/mdupont/.cargo/registry/src/index.crates.io-1949cf8c6b5b557f/litemap-0.8.0")
=== END ENV DEBUG ===
=== SAVED 8 COMPLEXITY ITEMS FOR CRATE: litemap ===
=== MANIFEST SAVED: ./test_usage_data/litemap_manifest.json ===
=== COLLECTING USAGE DATA FOR CRATE: litemap === (16 total usages)
=== ENV DEBUG ===
PWD: Ok("/home/mdupont/.cargo/registry/src/index.crates.io-1949cf8c6b5b557f/parking_lot_core-0.9.11")
CARGO_MANIFEST_DIR: Ok("/home/mdupont/.cargo/registry/src/index.crates.io-1949cf8c6b5b557f/parking_lot_core-0.9.11")
=== END ENV DEBUG ===
=== SAVED 1 COMPLEXITY ITEMS FOR CRATE: build_script_build ===
=== MANIFEST SAVED: ./test_usage_data/build_script_build_manifest.json ===
=== COLLECTING USAGE DATA FOR CRATE: build_script_build === (5 total usages)
=== ENV DEBUG ===
PWD: Ok("/home/mdupont/.cargo/registry/src/index.crates.io-1949cf8c6b5b557f/serde_json-1.0.142")
CARGO_MANIFEST_DIR: Ok("/home/mdupont/.cargo/registry/src/index.crates.io-1949cf8c6b5b557f/serde_json-1.0.142")
=== END ENV DEBUG ===
=== SAVED 1 COMPLEXITY ITEMS FOR CRATE: build_script_build ===
=== MANIFEST SAVED: ./test_usage_data/build_script_build_manifest.json ===
=== COLLECTING USAGE DATA FOR CRATE: build_script_build === (13 total usages)
=== ENV DEBUG ===
PWD: Ok("/home/mdupont/.cargo/registry/src/index.crates.io-1949cf8c6b5b557f/icu_normalizer_data-2.0.0")
CARGO_MANIFEST_DIR: Ok("/home/mdupont/.cargo/registry/src/index.crates.io-1949cf8c6b5b557f/icu_normalizer_data-2.0.0")
=== END ENV DEBUG ===
=== SAVED 1 COMPLEXITY ITEMS FOR CRATE: build_script_build ===
=== MANIFEST SAVED: ./test_usage_data/build_script_build_manifest.json ===
=== COLLECTING USAGE DATA FOR CRATE: build_script_build === (4 total usages)
=== ENV DEBUG ===
PWD: Ok("/home/mdupont/.cargo/registry/src/index.crates.io-1949cf8c6b5b557f/icu_properties_data-2.0.1")
CARGO_MANIFEST_DIR: Ok("/home/mdupont/.cargo/registry/src/index.crates.io-1949cf8c6b5b557f/icu_properties_data-2.0.1")
=== END ENV DEBUG ===
=== SAVED 1 COMPLEXITY ITEMS FOR CRATE: build_script_build ===
=== MANIFEST SAVED: ./test_usage_data/build_script_build_manifest.json ===
=== COLLECTING USAGE DATA FOR CRATE: build_script_build === (4 total usages)
=== ENV DEBUG ===
PWD: Ok("/home/mdupont/.cargo/registry/src/index.crates.io-1949cf8c6b5b557f/bytes-1.11.0")
CARGO_MANIFEST_DIR: Ok("/home/mdupont/.cargo/registry/src/index.crates.io-1949cf8c6b5b557f/bytes-1.11.0")
=== END ENV DEBUG ===
=== SAVED 71 COMPLEXITY ITEMS FOR CRATE: bytes ===
=== MANIFEST SAVED: ./test_usage_data/bytes_manifest.json ===
=== COLLECTING USAGE DATA FOR CRATE: bytes === (243 total usages)
=== ENV DEBUG ===
PWD: Ok("/home/mdupont/.cargo/registry/src/index.crates.io-1949cf8c6b5b557f/ryu-1.0.20")
CARGO_MANIFEST_DIR: Ok("/home/mdupont/.cargo/registry/src/index.crates.io-1949cf8c6b5b557f/ryu-1.0.20")
=== END ENV DEBUG ===
=== SAVED 32 COMPLEXITY ITEMS FOR CRATE: ryu ===
=== MANIFEST SAVED: ./test_usage_data/ryu_manifest.json ===
=== COLLECTING USAGE DATA FOR CRATE: ryu === (1527 total usages)
=== ENV DEBUG ===
PWD: Ok("/home/mdupont/.cargo/registry/src/index.crates.io-1949cf8c6b5b557f/futures-sink-0.3.31")
CARGO_MANIFEST_DIR: Ok("/home/mdupont/.cargo/registry/src/index.crates.io-1949cf8c6b5b557f/futures-sink-0.3.31")
=== END ENV DEBUG ===
=== MANIFEST SAVED: ./test_usage_data/futures_sink_manifest.json ===
=== COLLECTING USAGE DATA FOR CRATE: futures_sink === (0 total usages)
=== ENV DEBUG ===
PWD: Ok("/home/mdupont/.cargo/registry/src/index.crates.io-1949cf8c6b5b557f/pin-utils-0.1.0")
CARGO_MANIFEST_DIR: Ok("/home/mdupont/.cargo/registry/src/index.crates.io-1949cf8c6b5b557f/pin-utils-0.1.0")
=== END ENV DEBUG ===
=== MANIFEST SAVED: ./test_usage_data/pin_utils_manifest.json ===
=== COLLECTING USAGE DATA FOR CRATE: pin_utils === (0 total usages)
=== ENV DEBUG ===
PWD: Ok("/home/mdupont/.cargo/registry/src/index.crates.io-1949cf8c6b5b557f/rustc-hash-1.1.0")
CARGO_MANIFEST_DIR: Ok("/home/mdupont/.cargo/registry/src/index.crates.io-1949cf8c6b5b557f/rustc-hash-1.1.0")
=== END ENV DEBUG ===
=== SAVED 1 COMPLEXITY ITEMS FOR CRATE: rustc_hash ===
=== MANIFEST SAVED: ./test_usage_data/rustc_hash_manifest.json ===
=== COLLECTING USAGE DATA FOR CRATE: rustc_hash === (3 total usages)
=== ENV DEBUG ===
PWD: Ok("/home/mdupont/.cargo/registry/src/index.crates.io-1949cf8c6b5b557f/quote-1.0.40")
CARGO_MANIFEST_DIR: Ok("/home/mdupont/.cargo/registry/src/index.crates.io-1949cf8c6b5b557f/quote-1.0.40")
=== END ENV DEBUG ===
=== SAVED 110 COMPLEXITY ITEMS FOR CRATE: quote ===
=== MANIFEST SAVED: ./test_usage_data/quote_manifest.json ===
=== COLLECTING USAGE DATA FOR CRATE: quote === (424 total usages)
=== ENV DEBUG ===
PWD: Ok("/home/mdupont/.cargo/registry/src/index.crates.io-1949cf8c6b5b557f/libc-0.2.174")
CARGO_MANIFEST_DIR: Ok("/home/mdupont/.cargo/registry/src/index.crates.io-1949cf8c6b5b557f/libc-0.2.174")
=== END ENV DEBUG ===
=== SAVED 377 COMPLEXITY ITEMS FOR CRATE: libc ===
=== MANIFEST SAVED: ./test_usage_data/libc_manifest.json ===
=== COLLECTING USAGE DATA FOR CRATE: libc === (11337 total usages)
=== ENV DEBUG ===
PWD: Ok("/home/mdupont/.cargo/registry/src/index.crates.io-1949cf8c6b5b557f/lock_api-0.4.13")
CARGO_MANIFEST_DIR: Ok("/home/mdupont/.cargo/registry/src/index.crates.io-1949cf8c6b5b557f/lock_api-0.4.13")
=== END ENV DEBUG ===
=== SAVED 1 COMPLEXITY ITEMS FOR CRATE: build_script_build ===
=== MANIFEST SAVED: ./test_usage_data/build_script_build_manifest.json ===
=== COLLECTING USAGE DATA FOR CRATE: build_script_build === (4 total usages)
=== ENV DEBUG ===
PWD: Ok("/home/mdupont/.cargo/registry/src/index.crates.io-1949cf8c6b5b557f/num-traits-0.2.19")
CARGO_MANIFEST_DIR: Ok("/home/mdupont/.cargo/registry/src/index.crates.io-1949cf8c6b5b557f/num-traits-0.2.19")
=== END ENV DEBUG ===
=== SAVED 1 COMPLEXITY ITEMS FOR CRATE: build_script_build ===
=== MANIFEST SAVED: ./test_usage_data/build_script_build_manifest.json ===
=== COLLECTING USAGE DATA FOR CRATE: build_script_build === (1 total usages)
=== ENV DEBUG ===
PWD: Ok("/home/mdupont/.cargo/registry/src/index.crates.io-1949cf8c6b5b557f/http-1.4.0")
CARGO_MANIFEST_DIR: Ok("/home/mdupont/.cargo/registry/src/index.crates.io-1949cf8c6b5b557f/http-1.4.0")
=== END ENV DEBUG ===
=== SAVED 89 COMPLEXITY ITEMS FOR CRATE: http ===
=== MANIFEST SAVED: ./test_usage_data/http_manifest.json ===
=== COLLECTING USAGE DATA FOR CRATE: http === (1627 total usages)
=== ENV DEBUG ===
PWD: Ok("/home/mdupont/.cargo/registry/src/index.crates.io-1949cf8c6b5b557f/parking_lot_core-0.8.6")
CARGO_MANIFEST_DIR: Ok("/home/mdupont/.cargo/registry/src/index.crates.io-1949cf8c6b5b557f/parking_lot_core-0.8.6")
=== END ENV DEBUG ===
=== SAVED 1 COMPLEXITY ITEMS FOR CRATE: build_script_build ===
=== MANIFEST SAVED: ./test_usage_data/build_script_build_manifest.json ===
=== COLLECTING USAGE DATA FOR CRATE: build_script_build === (4 total usages)
=== ENV DEBUG ===
PWD: Ok("/home/mdupont/.cargo/registry/src/index.crates.io-1949cf8c6b5b557f/once_cell-1.21.3")
CARGO_MANIFEST_DIR: Ok("/home/mdupont/.cargo/registry/src/index.crates.io-1949cf8c6b5b557f/once_cell-1.21.3")
=== END ENV DEBUG ===
=== SAVED 16 COMPLEXITY ITEMS FOR CRATE: once_cell ===
=== MANIFEST SAVED: ./test_usage_data/once_cell_manifest.json ===
=== COLLECTING USAGE DATA FOR CRATE: once_cell === (41 total usages)
=== ENV DEBUG ===
PWD: Ok("/home/mdupont/.cargo/registry/src/index.crates.io-1949cf8c6b5b557f/futures-task-0.3.31")
CARGO_MANIFEST_DIR: Ok("/home/mdupont/.cargo/registry/src/index.crates.io-1949cf8c6b5b557f/futures-task-0.3.31")
=== END ENV DEBUG ===
=== SAVED 20 COMPLEXITY ITEMS FOR CRATE: futures_task ===
=== MANIFEST SAVED: ./test_usage_data/futures_task_manifest.json ===
=== COLLECTING USAGE DATA FOR CRATE: futures_task === (33 total usages)
=== ENV DEBUG ===
PWD: Ok("/home/mdupont/.cargo/registry/src/index.crates.io-1949cf8c6b5b557f/slab-0.4.11")
CARGO_MANIFEST_DIR: Ok("/home/mdupont/.cargo/registry/src/index.crates.io-1949cf8c6b5b557f/slab-0.4.11")
=== END ENV DEBUG ===
=== SAVED 10 COMPLEXITY ITEMS FOR CRATE: slab ===
=== MANIFEST SAVED: ./test_usage_data/slab_manifest.json ===
=== COLLECTING USAGE DATA FOR CRATE: slab === (10 total usages)
=== ENV DEBUG ===
PWD: Ok("/home/mdupont/.cargo/registry/src/index.crates.io-1949cf8c6b5b557f/percent-encoding-2.3.1")
CARGO_MANIFEST_DIR: Ok("/home/mdupont/.cargo/registry/src/index.crates.io-1949cf8c6b5b557f/percent-encoding-2.3.1")
=== END ENV DEBUG ===
=== SAVED 11 COMPLEXITY ITEMS FOR CRATE: percent_encoding ===
=== MANIFEST SAVED: ./test_usage_data/percent_encoding_manifest.json ===
=== COLLECTING USAGE DATA FOR CRATE: percent_encoding === (116 total usages)
=== ENV DEBUG ===
PWD: Ok("/home/mdupont/.cargo/registry/src/index.crates.io-1949cf8c6b5b557f/futures-io-0.3.31")
CARGO_MANIFEST_DIR: Ok("/home/mdupont/.cargo/registry/src/index.crates.io-1949cf8c6b5b557f/futures-io-0.3.31")
=== END ENV DEBUG ===
=== MANIFEST SAVED: ./test_usage_data/futures_io_manifest.json ===
=== COLLECTING USAGE DATA FOR CRATE: futures_io === (0 total usages)
=== ENV DEBUG ===
PWD: Ok("/home/mdupont/.cargo/registry/src/index.crates.io-1949cf8c6b5b557f/httparse-1.10.1")
CARGO_MANIFEST_DIR: Ok("/home/mdupont/.cargo/registry/src/index.crates.io-1949cf8c6b5b557f/httparse-1.10.1")
=== END ENV DEBUG ===
=== SAVED 5 COMPLEXITY ITEMS FOR CRATE: build_script_build ===
=== MANIFEST SAVED: ./test_usage_data/build_script_build_manifest.json ===
=== COLLECTING USAGE DATA FOR CRATE: build_script_build === (38 total usages)
=== ENV DEBUG ===
PWD: Ok("/mnt/data1/nix/vendor/rust/cargo2nix/submodules/rust")
CARGO_MANIFEST_DIR: Ok("/mnt/data1/nix/vendor/rust/cargo2nix/submodules/rust/compiler/build_common")
=== END ENV DEBUG ===
=== SAVED 4 COMPLEXITY ITEMS FOR CRATE: build_common ===
=== MANIFEST SAVED: ./test_usage_data/build_common_manifest.json ===
=== COLLECTING USAGE DATA FOR CRATE: build_common === (25 total usages)
=== ENV DEBUG ===
PWD: Ok("/home/mdupont/.cargo/registry/src/index.crates.io-1949cf8c6b5b557f/instant-0.1.13")
CARGO_MANIFEST_DIR: Ok("/home/mdupont/.cargo/registry/src/index.crates.io-1949cf8c6b5b557f/instant-0.1.13")
=== END ENV DEBUG ===
=== SAVED 1 COMPLEXITY ITEMS FOR CRATE: instant ===
=== MANIFEST SAVED: ./test_usage_data/instant_manifest.json ===
=== COLLECTING USAGE DATA FOR CRATE: instant === (5 total usages)
=== ENV DEBUG ===
PWD: Ok("/home/mdupont/.cargo/registry/src/index.crates.io-1949cf8c6b5b557f/tower-service-0.3.3")
CARGO_MANIFEST_DIR: Ok("/home/mdupont/.cargo/registry/src/index.crates.io-1949cf8c6b5b557f/tower-service-0.3.3")
=== END ENV DEBUG ===
=== MANIFEST SAVED: ./test_usage_data/tower_service_manifest.json ===
=== COLLECTING USAGE DATA FOR CRATE: tower_service === (0 total usages)
=== ENV DEBUG ===
PWD: Ok("/home/mdupont/.cargo/registry/src/index.crates.io-1949cf8c6b5b557f/utf8parse-0.2.2")
CARGO_MANIFEST_DIR: Ok("/home/mdupont/.cargo/registry/src/index.crates.io-1949cf8c6b5b557f/utf8parse-0.2.2")
=== END ENV DEBUG ===
=== SAVED 3 COMPLEXITY ITEMS FOR CRATE: utf8parse ===
=== MANIFEST SAVED: ./test_usage_data/utf8parse_manifest.json ===
=== COLLECTING USAGE DATA FOR CRATE: utf8parse === (5 total usages)
=== ENV DEBUG ===
PWD: Ok("/home/mdupont/.cargo/registry/src/index.crates.io-1949cf8c6b5b557f/try-lock-0.2.5")
CARGO_MANIFEST_DIR: Ok("/home/mdupont/.cargo/registry/src/index.crates.io-1949cf8c6b5b557f/try-lock-0.2.5")
=== END ENV DEBUG ===
=== SAVED 3 COMPLEXITY ITEMS FOR CRATE: try_lock ===
=== MANIFEST SAVED: ./test_usage_data/try_lock_manifest.json ===
=== COLLECTING USAGE DATA FOR CRATE: try_lock === (3 total usages)
=== ENV DEBUG ===
PWD: Ok("/home/mdupont/.cargo/registry/src/index.crates.io-1949cf8c6b5b557f/sync_wrapper-1.0.2")
CARGO_MANIFEST_DIR: Ok("/home/mdupont/.cargo/registry/src/index.crates.io-1949cf8c6b5b557f/sync_wrapper-1.0.2")
=== END ENV DEBUG ===
=== SAVED 3 COMPLEXITY ITEMS FOR CRATE: sync_wrapper ===
=== MANIFEST SAVED: ./test_usage_data/sync_wrapper_manifest.json ===
=== COLLECTING USAGE DATA FOR CRATE: sync_wrapper === (3 total usages)
=== ENV DEBUG ===
PWD: Ok("/home/mdupont/.cargo/registry/src/index.crates.io-1949cf8c6b5b557f/futures-channel-0.3.31")
CARGO_MANIFEST_DIR: Ok("/home/mdupont/.cargo/registry/src/index.crates.io-1949cf8c6b5b557f/futures-channel-0.3.31")
=== END ENV DEBUG ===
=== SAVED 26 COMPLEXITY ITEMS FOR CRATE: futures_channel ===
=== MANIFEST SAVED: ./test_usage_data/futures_channel_manifest.json ===
=== COLLECTING USAGE DATA FOR CRATE: futures_channel === (51 total usages)
=== ENV DEBUG ===
PWD: Ok("/home/mdupont/.cargo/registry/src/index.crates.io-1949cf8c6b5b557f/syn-2.0.106")
CARGO_MANIFEST_DIR: Ok("/home/mdupont/.cargo/registry/src/index.crates.io-1949cf8c6b5b557f/syn-2.0.106")
=== END ENV DEBUG ===
=== SAVED 928 COMPLEXITY ITEMS FOR CRATE: syn ===
=== MANIFEST SAVED: ./test_usage_data/syn_manifest.json ===
=== COLLECTING USAGE DATA FOR CRATE: syn === (5874 total usages)
=== ENV DEBUG ===
PWD: Ok("/home/mdupont/.cargo/registry/src/index.crates.io-1949cf8c6b5b557f/parking_lot_core-0.9.11")
CARGO_MANIFEST_DIR: Ok("/home/mdupont/.cargo/registry/src/index.crates.io-1949cf8c6b5b557f/parking_lot_core-0.9.11")
=== END ENV DEBUG ===
=== SAVED 38 COMPLEXITY ITEMS FOR CRATE: parking_lot_core ===
=== MANIFEST SAVED: ./test_usage_data/parking_lot_core_manifest.json ===
=== COLLECTING USAGE DATA FOR CRATE: parking_lot_core === (279 total usages)
=== ENV DEBUG ===
PWD: Ok("/home/mdupont/.cargo/registry/src/index.crates.io-1949cf8c6b5b557f/mio-1.0.4")
CARGO_MANIFEST_DIR: Ok("/home/mdupont/.cargo/registry/src/index.crates.io-1949cf8c6b5b557f/mio-1.0.4")
=== END ENV DEBUG ===
=== SAVED 55 COMPLEXITY ITEMS FOR CRATE: mio ===
=== MANIFEST SAVED: ./test_usage_data/mio_manifest.json ===
=== COLLECTING USAGE DATA FOR CRATE: mio === (218 total usages)
=== ENV DEBUG ===
PWD: Ok("/home/mdupont/.cargo/registry/src/index.crates.io-1949cf8c6b5b557f/memmap2-0.2.3")
CARGO_MANIFEST_DIR: Ok("/home/mdupont/.cargo/registry/src/index.crates.io-1949cf8c6b5b557f/memmap2-0.2.3")
=== END ENV DEBUG ===
=== SAVED 6 COMPLEXITY ITEMS FOR CRATE: memmap2 ===
=== MANIFEST SAVED: ./test_usage_data/memmap2_manifest.json ===
=== COLLECTING USAGE DATA FOR CRATE: memmap2 === (7 total usages)
=== ENV DEBUG ===
PWD: Ok("/home/mdupont/.cargo/registry/src/index.crates.io-1949cf8c6b5b557f/socket2-0.6.0")
CARGO_MANIFEST_DIR: Ok("/home/mdupont/.cargo/registry/src/index.crates.io-1949cf8c6b5b557f/socket2-0.6.0")
=== END ENV DEBUG ===
=== SAVED 73 COMPLEXITY ITEMS FOR CRATE: socket2 ===
=== MANIFEST SAVED: ./test_usage_data/socket2_manifest.json ===
=== COLLECTING USAGE DATA FOR CRATE: socket2 === (213 total usages)
=== ENV DEBUG ===
PWD: Ok("/home/mdupont/.cargo/registry/src/index.crates.io-1949cf8c6b5b557f/icu_normalizer_data-2.0.0")
CARGO_MANIFEST_DIR: Ok("/home/mdupont/.cargo/registry/src/index.crates.io-1949cf8c6b5b557f/icu_normalizer_data-2.0.0")
=== END ENV DEBUG ===
=== MANIFEST SAVED: ./test_usage_data/icu_normalizer_data_manifest.json ===
=== COLLECTING USAGE DATA FOR CRATE: icu_normalizer_data === (0 total usages)
=== ENV DEBUG ===
PWD: Ok("/home/mdupont/.cargo/registry/src/index.crates.io-1949cf8c6b5b557f/icu_properties_data-2.0.1")
CARGO_MANIFEST_DIR: Ok("/home/mdupont/.cargo/registry/src/index.crates.io-1949cf8c6b5b557f/icu_properties_data-2.0.1")
=== END ENV DEBUG ===
=== MANIFEST SAVED: ./test_usage_data/icu_properties_data_manifest.json ===
=== COLLECTING USAGE DATA FOR CRATE: icu_properties_data === (0 total usages)
=== ENV DEBUG ===
PWD: Ok("/home/mdupont/.cargo/registry/src/index.crates.io-1949cf8c6b5b557f/http-body-1.0.1")
CARGO_MANIFEST_DIR: Ok("/home/mdupont/.cargo/registry/src/index.crates.io-1949cf8c6b5b557f/http-body-1.0.1")
=== END ENV DEBUG ===
=== SAVED 3 COMPLEXITY ITEMS FOR CRATE: http_body ===
=== MANIFEST SAVED: ./test_usage_data/http_body_manifest.json ===
=== COLLECTING USAGE DATA FOR CRATE: http_body === (3 total usages)
=== ENV DEBUG ===
PWD: Ok("/home/mdupont/.cargo/registry/src/index.crates.io-1949cf8c6b5b557f/futures-util-0.3.31")
CARGO_MANIFEST_DIR: Ok("/home/mdupont/.cargo/registry/src/index.crates.io-1949cf8c6b5b557f/futures-util-0.3.31")
=== END ENV DEBUG ===
=== SAVED 309 COMPLEXITY ITEMS FOR CRATE: futures_util ===
=== MANIFEST SAVED: ./test_usage_data/futures_util_manifest.json ===
=== COLLECTING USAGE DATA FOR CRATE: futures_util === (958 total usages)
=== ENV DEBUG ===
PWD: Ok("/home/mdupont/.cargo/registry/src/index.crates.io-1949cf8c6b5b557f/perf-event-open-sys-3.0.0")
CARGO_MANIFEST_DIR: Ok("/home/mdupont/.cargo/registry/src/index.crates.io-1949cf8c6b5b557f/perf-event-open-sys-3.0.0")
=== END ENV DEBUG ===
=== SAVED 27 COMPLEXITY ITEMS FOR CRATE: perf_event_open_sys ===
=== MANIFEST SAVED: ./test_usage_data/perf_event_open_sys_manifest.json ===
=== COLLECTING USAGE DATA FOR CRATE: perf_event_open_sys === (1425 total usages)
=== ENV DEBUG ===
PWD: Ok("/home/mdupont/.cargo/registry/src/index.crates.io-1949cf8c6b5b557f/tracing-core-0.1.34")
CARGO_MANIFEST_DIR: Ok("/home/mdupont/.cargo/registry/src/index.crates.io-1949cf8c6b5b557f/tracing-core-0.1.34")
=== END ENV DEBUG ===
=== SAVED 53 COMPLEXITY ITEMS FOR CRATE: tracing_core ===
=== MANIFEST SAVED: ./test_usage_data/tracing_core_manifest.json ===
=== COLLECTING USAGE DATA FOR CRATE: tracing_core === (140 total usages)
=== ENV DEBUG ===
PWD: Ok("/home/mdupont/.cargo/registry/src/index.crates.io-1949cf8c6b5b557f/form_urlencoded-1.2.1")
CARGO_MANIFEST_DIR: Ok("/home/mdupont/.cargo/registry/src/index.crates.io-1949cf8c6b5b557f/form_urlencoded-1.2.1")
=== END ENV DEBUG ===
=== SAVED 16 COMPLEXITY ITEMS FOR CRATE: form_urlencoded ===
=== MANIFEST SAVED: ./test_usage_data/form_urlencoded_manifest.json ===
=== COLLECTING USAGE DATA FOR CRATE: form_urlencoded === (30 total usages)
=== ENV DEBUG ===
PWD: Ok("/home/mdupont/.cargo/registry/src/index.crates.io-1949cf8c6b5b557f/want-0.3.1")
CARGO_MANIFEST_DIR: Ok("/home/mdupont/.cargo/registry/src/index.crates.io-1949cf8c6b5b557f/want-0.3.1")
=== END ENV DEBUG ===
=== SAVED 8 COMPLEXITY ITEMS FOR CRATE: want ===
=== MANIFEST SAVED: ./test_usage_data/want_manifest.json ===
=== COLLECTING USAGE DATA FOR CRATE: want === (12 total usages)
=== ENV DEBUG ===
PWD: Ok("/home/mdupont/.cargo/registry/src/index.crates.io-1949cf8c6b5b557f/anstyle-parse-0.2.7")
CARGO_MANIFEST_DIR: Ok("/home/mdupont/.cargo/registry/src/index.crates.io-1949cf8c6b5b557f/anstyle-parse-0.2.7")
=== END ENV DEBUG ===
=== SAVED 11 COMPLEXITY ITEMS FOR CRATE: anstyle_parse ===
=== MANIFEST SAVED: ./test_usage_data/anstyle_parse_manifest.json ===
=== COLLECTING USAGE DATA FOR CRATE: anstyle_parse === (4113 total usages)
=== ENV DEBUG ===
PWD: Ok("/home/mdupont/.cargo/registry/src/index.crates.io-1949cf8c6b5b557f/aho-corasick-1.1.3")
CARGO_MANIFEST_DIR: Ok("/home/mdupont/.cargo/registry/src/index.crates.io-1949cf8c6b5b557f/aho-corasick-1.1.3")
=== END ENV DEBUG ===
=== SAVED 99 COMPLEXITY ITEMS FOR CRATE: aho_corasick ===
=== MANIFEST SAVED: ./test_usage_data/aho_corasick_manifest.json ===
=== COLLECTING USAGE DATA FOR CRATE: aho_corasick === (561 total usages)
=== ENV DEBUG ===
PWD: Ok("/home/mdupont/.cargo/registry/src/index.crates.io-1949cf8c6b5b557f/version_check-0.9.5")
CARGO_MANIFEST_DIR: Ok("/home/mdupont/.cargo/registry/src/index.crates.io-1949cf8c6b5b557f/version_check-0.9.5")
=== END ENV DEBUG ===
=== SAVED 16 COMPLEXITY ITEMS FOR CRATE: version_check ===
=== MANIFEST SAVED: ./test_usage_data/version_check_manifest.json ===
=== COLLECTING USAGE DATA FOR CRATE: version_check === (96 total usages)
=== ENV DEBUG ===
PWD: Ok("/home/mdupont/.cargo/registry/src/index.crates.io-1949cf8c6b5b557f/getrandom-0.3.3")
CARGO_MANIFEST_DIR: Ok("/home/mdupont/.cargo/registry/src/index.crates.io-1949cf8c6b5b557f/getrandom-0.3.3")
=== END ENV DEBUG ===
=== SAVED 2 COMPLEXITY ITEMS FOR CRATE: build_script_build ===
=== MANIFEST SAVED: ./test_usage_data/build_script_build_manifest.json ===
=== COLLECTING USAGE DATA FOR CRATE: build_script_build === (47 total usages)
=== ENV DEBUG ===
PWD: Ok("/home/mdupont/.cargo/registry/src/index.crates.io-1949cf8c6b5b557f/tower-layer-0.3.3")
CARGO_MANIFEST_DIR: Ok("/home/mdupont/.cargo/registry/src/index.crates.io-1949cf8c6b5b557f/tower-layer-0.3.3")
=== END ENV DEBUG ===
=== SAVED 4 COMPLEXITY ITEMS FOR CRATE: tower_layer ===
=== MANIFEST SAVED: ./test_usage_data/tower_layer_manifest.json ===
=== COLLECTING USAGE DATA FOR CRATE: tower_layer === (3 total usages)
=== ENV DEBUG ===
PWD: Ok("/home/mdupont/.cargo/registry/src/index.crates.io-1949cf8c6b5b557f/colorchoice-1.0.4")
CARGO_MANIFEST_DIR: Ok("/home/mdupont/.cargo/registry/src/index.crates.io-1949cf8c6b5b557f/colorchoice-1.0.4")
=== END ENV DEBUG ===
=== SAVED 2 COMPLEXITY ITEMS FOR CRATE: colorchoice ===
=== MANIFEST SAVED: ./test_usage_data/colorchoice_manifest.json ===
=== COLLECTING USAGE DATA FOR CRATE: colorchoice === (4 total usages)
=== ENV DEBUG ===
PWD: Ok("/home/mdupont/.cargo/registry/src/index.crates.io-1949cf8c6b5b557f/atomic-waker-1.1.2")
CARGO_MANIFEST_DIR: Ok("/home/mdupont/.cargo/registry/src/index.crates.io-1949cf8c6b5b557f/atomic-waker-1.1.2")
=== END ENV DEBUG ===
=== SAVED 1 COMPLEXITY ITEMS FOR CRATE: atomic_waker ===
=== MANIFEST SAVED: ./test_usage_data/atomic_waker_manifest.json ===
=== COLLECTING USAGE DATA FOR CRATE: atomic_waker === (7 total usages)
=== ENV DEBUG ===
PWD: Ok("/home/mdupont/.cargo/registry/src/index.crates.io-1949cf8c6b5b557f/synstructure-0.13.2")
CARGO_MANIFEST_DIR: Ok("/home/mdupont/.cargo/registry/src/index.crates.io-1949cf8c6b5b557f/synstructure-0.13.2")
=== END ENV DEBUG ===
=== SAVED 15 COMPLEXITY ITEMS FOR CRATE: synstructure ===
=== MANIFEST SAVED: ./test_usage_data/synstructure_manifest.json ===
=== COLLECTING USAGE DATA FOR CRATE: synstructure === (97 total usages)
=== ENV DEBUG ===
PWD: Ok("/home/mdupont/.cargo/registry/src/index.crates.io-1949cf8c6b5b557f/zerovec-derive-0.11.1")
CARGO_MANIFEST_DIR: Ok("/home/mdupont/.cargo/registry/src/index.crates.io-1949cf8c6b5b557f/zerovec-derive-0.11.1")
=== END ENV DEBUG ===
=== SAVED 32 COMPLEXITY ITEMS FOR CRATE: zerovec_derive ===
=== MANIFEST SAVED: ./test_usage_data/zerovec_derive_manifest.json ===
=== COLLECTING USAGE DATA FOR CRATE: zerovec_derive === (1039 total usages)
=== ENV DEBUG ===
PWD: Ok("/home/mdupont/.cargo/registry/src/index.crates.io-1949cf8c6b5b557f/displaydoc-0.2.5")
CARGO_MANIFEST_DIR: Ok("/home/mdupont/.cargo/registry/src/index.crates.io-1949cf8c6b5b557f/displaydoc-0.2.5")
=== END ENV DEBUG ===
=== SAVED 20 COMPLEXITY ITEMS FOR CRATE: displaydoc ===
=== MANIFEST SAVED: ./test_usage_data/displaydoc_manifest.json ===
=== COLLECTING USAGE DATA FOR CRATE: displaydoc === (250 total usages)
=== ENV DEBUG ===
PWD: Ok("/home/mdupont/.cargo/registry/src/index.crates.io-1949cf8c6b5b557f/serde_derive-1.0.219")
CARGO_MANIFEST_DIR: Ok("/home/mdupont/.cargo/registry/src/index.crates.io-1949cf8c6b5b557f/serde_derive-1.0.219")
=== END ENV DEBUG ===
=== SAVED 178 COMPLEXITY ITEMS FOR CRATE: serde_derive ===
=== MANIFEST SAVED: ./test_usage_data/serde_derive_manifest.json ===
=== COLLECTING USAGE DATA FOR CRATE: serde_derive === (3312 total usages)
=== ENV DEBUG ===
PWD: Ok("/home/mdupont/.cargo/registry/src/index.crates.io-1949cf8c6b5b557f/lock_api-0.4.13")
CARGO_MANIFEST_DIR: Ok("/home/mdupont/.cargo/registry/src/index.crates.io-1949cf8c6b5b557f/lock_api-0.4.13")
=== END ENV DEBUG ===
=== SAVED 16 COMPLEXITY ITEMS FOR CRATE: lock_api ===
=== MANIFEST SAVED: ./test_usage_data/lock_api_manifest.json ===
=== COLLECTING USAGE DATA FOR CRATE: lock_api === (17 total usages)
=== ENV DEBUG ===
PWD: Ok("/home/mdupont/.cargo/registry/src/index.crates.io-1949cf8c6b5b557f/num-traits-0.2.19")
CARGO_MANIFEST_DIR: Ok("/home/mdupont/.cargo/registry/src/index.crates.io-1949cf8c6b5b557f/num-traits-0.2.19")
=== END ENV DEBUG ===
=== SAVED 19 COMPLEXITY ITEMS FOR CRATE: num_traits ===
=== MANIFEST SAVED: ./test_usage_data/num_traits_manifest.json ===
=== COLLECTING USAGE DATA FOR CRATE: num_traits === (200 total usages)
=== ENV DEBUG ===
PWD: Ok("/home/mdupont/.cargo/registry/src/index.crates.io-1949cf8c6b5b557f/tokio-1.49.0")
CARGO_MANIFEST_DIR: Ok("/home/mdupont/.cargo/registry/src/index.crates.io-1949cf8c6b5b557f/tokio-1.49.0")
=== END ENV DEBUG ===
=== SAVED 427 COMPLEXITY ITEMS FOR CRATE: tokio ===
=== MANIFEST SAVED: ./test_usage_data/tokio_manifest.json ===
=== COLLECTING USAGE DATA FOR CRATE: tokio === (1060 total usages)
=== ENV DEBUG ===
PWD: Ok("/home/mdupont/.cargo/registry/src/index.crates.io-1949cf8c6b5b557f/httparse-1.10.1")
CARGO_MANIFEST_DIR: Ok("/home/mdupont/.cargo/registry/src/index.crates.io-1949cf8c6b5b557f/httparse-1.10.1")
=== END ENV DEBUG ===
=== SAVED 45 COMPLEXITY ITEMS FOR CRATE: httparse ===
=== MANIFEST SAVED: ./test_usage_data/httparse_manifest.json ===
=== COLLECTING USAGE DATA FOR CRATE: httparse === (219 total usages)
=== ENV DEBUG ===
PWD: Ok("/home/mdupont/.cargo/registry/src/index.crates.io-1949cf8c6b5b557f/parking_lot_core-0.8.6")
CARGO_MANIFEST_DIR: Ok("/home/mdupont/.cargo/registry/src/index.crates.io-1949cf8c6b5b557f/parking_lot_core-0.8.6")
=== END ENV DEBUG ===
=== SAVED 38 COMPLEXITY ITEMS FOR CRATE: parking_lot_core ===
=== MANIFEST SAVED: ./test_usage_data/parking_lot_core_manifest.json ===
=== COLLECTING USAGE DATA FOR CRATE: parking_lot_core === (279 total usages)
=== ENV DEBUG ===
PWD: Ok("/home/mdupont/.cargo/registry/src/index.crates.io-1949cf8c6b5b557f/utf8_iter-1.0.4")
CARGO_MANIFEST_DIR: Ok("/home/mdupont/.cargo/registry/src/index.crates.io-1949cf8c6b5b557f/utf8_iter-1.0.4")
=== END ENV DEBUG ===
=== SAVED 6 COMPLEXITY ITEMS FOR CRATE: utf8_iter ===
=== MANIFEST SAVED: ./test_usage_data/utf8_iter_manifest.json ===
=== COLLECTING USAGE DATA FOR CRATE: utf8_iter === (391 total usages)
=== ENV DEBUG ===
PWD: Ok("/home/mdupont/.cargo/registry/src/index.crates.io-1949cf8c6b5b557f/anstyle-1.0.11")
CARGO_MANIFEST_DIR: Ok("/home/mdupont/.cargo/registry/src/index.crates.io-1949cf8c6b5b557f/anstyle-1.0.11")
=== END ENV DEBUG ===
=== SAVED 14 COMPLEXITY ITEMS FOR CRATE: anstyle ===
=== MANIFEST SAVED: ./test_usage_data/anstyle_manifest.json ===
=== COLLECTING USAGE DATA FOR CRATE: anstyle === (43 total usages)
=== ENV DEBUG ===
PWD: Ok("/home/mdupont/.cargo/registry/src/index.crates.io-1949cf8c6b5b557f/anstyle-query-1.1.4")
CARGO_MANIFEST_DIR: Ok("/home/mdupont/.cargo/registry/src/index.crates.io-1949cf8c6b5b557f/anstyle-query-1.1.4")
=== END ENV DEBUG ===
=== SAVED 9 COMPLEXITY ITEMS FOR CRATE: anstyle_query ===
=== MANIFEST SAVED: ./test_usage_data/anstyle_query_manifest.json ===
=== COLLECTING USAGE DATA FOR CRATE: anstyle_query === (15 total usages)
=== ENV DEBUG ===
PWD: Ok("/home/mdupont/.cargo/registry/src/index.crates.io-1949cf8c6b5b557f/regex-syntax-0.8.5")
CARGO_MANIFEST_DIR: Ok("/home/mdupont/.cargo/registry/src/index.crates.io-1949cf8c6b5b557f/regex-syntax-0.8.5")
=== END ENV DEBUG ===
=== SAVED 142 COMPLEXITY ITEMS FOR CRATE: regex_syntax ===
=== MANIFEST SAVED: ./test_usage_data/regex_syntax_manifest.json ===
=== COLLECTING USAGE DATA FOR CRATE: regex_syntax === (66431 total usages)
=== ENV DEBUG ===
PWD: Ok("/home/mdupont/.cargo/registry/src/index.crates.io-1949cf8c6b5b557f/proc-macro2-1.0.101")
CARGO_MANIFEST_DIR: Ok("/home/mdupont/.cargo/registry/src/index.crates.io-1949cf8c6b5b557f/proc-macro2-1.0.101")
=== END ENV DEBUG ===
=== SAVED 6 COMPLEXITY ITEMS FOR CRATE: build_script_build ===
=== MANIFEST SAVED: ./test_usage_data/build_script_build_manifest.json ===
=== COLLECTING USAGE DATA FOR CRATE: build_script_build === (119 total usages)
=== ENV DEBUG ===
PWD: Ok("/home/mdupont/.cargo/registry/src/index.crates.io-1949cf8c6b5b557f/zerocopy-0.8.26")
CARGO_MANIFEST_DIR: Ok("/home/mdupont/.cargo/registry/src/index.crates.io-1949cf8c6b5b557f/zerocopy-0.8.26")
=== END ENV DEBUG ===
=== SAVED 5 COMPLEXITY ITEMS FOR CRATE: build_script_build ===
=== MANIFEST SAVED: ./test_usage_data/build_script_build_manifest.json ===
=== COLLECTING USAGE DATA FOR CRATE: build_script_build === (115 total usages)
=== ENV DEBUG ===
PWD: Ok("/home/mdupont/.cargo/registry/src/index.crates.io-1949cf8c6b5b557f/is_terminal_polyfill-1.70.1")
CARGO_MANIFEST_DIR: Ok("/home/mdupont/.cargo/registry/src/index.crates.io-1949cf8c6b5b557f/is_terminal_polyfill-1.70.1")
=== END ENV DEBUG ===
=== MANIFEST SAVED: ./test_usage_data/is_terminal_polyfill_manifest.json ===
=== COLLECTING USAGE DATA FOR CRATE: is_terminal_polyfill === (0 total usages)
=== ENV DEBUG ===
PWD: Ok("/home/mdupont/.cargo/registry/src/index.crates.io-1949cf8c6b5b557f/tracing-0.1.41")
CARGO_MANIFEST_DIR: Ok("/home/mdupont/.cargo/registry/src/index.crates.io-1949cf8c6b5b557f/tracing-0.1.41")
=== END ENV DEBUG ===
=== SAVED 20 COMPLEXITY ITEMS FOR CRATE: tracing ===
=== MANIFEST SAVED: ./test_usage_data/tracing_manifest.json ===
=== COLLECTING USAGE DATA FOR CRATE: tracing === (39 total usages)
=== ENV DEBUG ===
PWD: Ok("/home/mdupont/.cargo/registry/src/index.crates.io-1949cf8c6b5b557f/ahash-0.8.12")
CARGO_MANIFEST_DIR: Ok("/home/mdupont/.cargo/registry/src/index.crates.io-1949cf8c6b5b557f/ahash-0.8.12")
=== END ENV DEBUG ===
=== SAVED 1 COMPLEXITY ITEMS FOR CRATE: build_script_build ===
=== MANIFEST SAVED: ./test_usage_data/build_script_build_manifest.json ===
=== COLLECTING USAGE DATA FOR CRATE: build_script_build === (12 total usages)
=== ENV DEBUG ===
PWD: Ok("/home/mdupont/.cargo/registry/src/index.crates.io-1949cf8c6b5b557f/perf-event-open-sys-1.0.1")
CARGO_MANIFEST_DIR: Ok("/home/mdupont/.cargo/registry/src/index.crates.io-1949cf8c6b5b557f/perf-event-open-sys-1.0.1")
=== END ENV DEBUG ===
=== SAVED 26 COMPLEXITY ITEMS FOR CRATE: perf_event_open_sys ===
=== MANIFEST SAVED: ./test_usage_data/perf_event_open_sys_manifest.json ===
=== COLLECTING USAGE DATA FOR CRATE: perf_event_open_sys === (1342 total usages)
=== ENV DEBUG ===
PWD: Ok("/mnt/data1/nix/vendor/rust/cargo2nix/submodules/rust")
CARGO_MANIFEST_DIR: Ok("/mnt/data1/nix/vendor/rust/cargo2nix/submodules/rust/compiler/rustc_macros")
=== END ENV DEBUG ===
=== SAVED 1 COMPLEXITY ITEMS FOR CRATE: build_script_build ===
=== MANIFEST SAVED: ./test_usage_data/build_script_build_manifest.json ===
=== COLLECTING USAGE DATA FOR CRATE: build_script_build === (11 total usages)
=== ENV DEBUG ===
PWD: Ok("/home/mdupont/.cargo/registry/src/index.crates.io-1949cf8c6b5b557f/time-core-0.1.6")
CARGO_MANIFEST_DIR: Ok("/home/mdupont/.cargo/registry/src/index.crates.io-1949cf8c6b5b557f/time-core-0.1.6")
=== END ENV DEBUG ===
=== SAVED 16 COMPLEXITY ITEMS FOR CRATE: time_core ===
=== MANIFEST SAVED: ./test_usage_data/time_core_manifest.json ===
=== COLLECTING USAGE DATA FOR CRATE: time_core === (9 total usages)
=== ENV DEBUG ===
PWD: Ok("/home/mdupont/.cargo/registry/src/index.crates.io-1949cf8c6b5b557f/equivalent-1.0.2")
CARGO_MANIFEST_DIR: Ok("/home/mdupont/.cargo/registry/src/index.crates.io-1949cf8c6b5b557f/equivalent-1.0.2")
=== END ENV DEBUG ===
=== MANIFEST SAVED: ./test_usage_data/equivalent_manifest.json ===
=== COLLECTING USAGE DATA FOR CRATE: equivalent === (0 total usages)
=== ENV DEBUG ===
PWD: Ok("/home/mdupont/.cargo/registry/src/index.crates.io-1949cf8c6b5b557f/hashbrown-0.15.5")
CARGO_MANIFEST_DIR: Ok("/home/mdupont/.cargo/registry/src/index.crates.io-1949cf8c6b5b557f/hashbrown-0.15.5")
=== END ENV DEBUG ===
=== SAVED 83 COMPLEXITY ITEMS FOR CRATE: hashbrown ===
=== MANIFEST SAVED: ./test_usage_data/hashbrown_manifest.json ===
=== COLLECTING USAGE DATA FOR CRATE: hashbrown === (89 total usages)
=== ENV DEBUG ===
PWD: Ok("/home/mdupont/.cargo/registry/src/index.crates.io-1949cf8c6b5b557f/zerofrom-derive-0.1.6")
CARGO_MANIFEST_DIR: Ok("/home/mdupont/.cargo/registry/src/index.crates.io-1949cf8c6b5b557f/zerofrom-derive-0.1.6")
=== END ENV DEBUG ===
=== SAVED 11 COMPLEXITY ITEMS FOR CRATE: zerofrom_derive ===
=== MANIFEST SAVED: ./test_usage_data/zerofrom_derive_manifest.json ===
=== COLLECTING USAGE DATA FOR CRATE: zerofrom_derive === (160 total usages)
=== ENV DEBUG ===
PWD: Ok("/home/mdupont/.cargo/registry/src/index.crates.io-1949cf8c6b5b557f/yoke-derive-0.8.0")
CARGO_MANIFEST_DIR: Ok("/home/mdupont/.cargo/registry/src/index.crates.io-1949cf8c6b5b557f/yoke-derive-0.8.0")
=== END ENV DEBUG ===
=== SAVED 8 COMPLEXITY ITEMS FOR CRATE: yoke_derive ===
=== MANIFEST SAVED: ./test_usage_data/yoke_derive_manifest.json ===
=== COLLECTING USAGE DATA FOR CRATE: yoke_derive === (254 total usages)
=== ENV DEBUG ===
PWD: Ok("/home/mdupont/.cargo/registry/src/index.crates.io-1949cf8c6b5b557f/serde-1.0.219")
CARGO_MANIFEST_DIR: Ok("/home/mdupont/.cargo/registry/src/index.crates.io-1949cf8c6b5b557f/serde-1.0.219")
=== END ENV DEBUG ===
=== SAVED 152 COMPLEXITY ITEMS FOR CRATE: serde ===
=== MANIFEST SAVED: ./test_usage_data/serde_manifest.json ===
=== COLLECTING USAGE DATA FOR CRATE: serde === (304 total usages)
=== ENV DEBUG ===
PWD: Ok("/home/mdupont/.cargo/registry/src/index.crates.io-1949cf8c6b5b557f/num-integer-0.1.46")
CARGO_MANIFEST_DIR: Ok("/home/mdupont/.cargo/registry/src/index.crates.io-1949cf8c6b5b557f/num-integer-0.1.46")
=== END ENV DEBUG ===
=== SAVED 23 COMPLEXITY ITEMS FOR CRATE: num_integer ===
=== MANIFEST SAVED: ./test_usage_data/num_integer_manifest.json ===
=== COLLECTING USAGE DATA FOR CRATE: num_integer === (195 total usages)
=== ENV DEBUG ===
PWD: Ok("/home/mdupont/.cargo/registry/src/index.crates.io-1949cf8c6b5b557f/parking_lot-0.12.4")
CARGO_MANIFEST_DIR: Ok("/home/mdupont/.cargo/registry/src/index.crates.io-1949cf8c6b5b557f/parking_lot-0.12.4")
=== END ENV DEBUG ===
=== SAVED 17 COMPLEXITY ITEMS FOR CRATE: parking_lot ===
=== MANIFEST SAVED: ./test_usage_data/parking_lot_manifest.json ===
=== COLLECTING USAGE DATA FOR CRATE: parking_lot === (54 total usages)
=== ENV DEBUG ===
PWD: Ok("/home/mdupont/.cargo/registry/src/index.crates.io-1949cf8c6b5b557f/num-complex-0.4.6")
CARGO_MANIFEST_DIR: Ok("/home/mdupont/.cargo/registry/src/index.crates.io-1949cf8c6b5b557f/num-complex-0.4.6")
=== END ENV DEBUG ===
=== SAVED 8 COMPLEXITY ITEMS FOR CRATE: num_complex ===
=== MANIFEST SAVED: ./test_usage_data/num_complex_manifest.json ===
=== COLLECTING USAGE DATA FOR CRATE: num_complex === (436 total usages)
=== ENV DEBUG ===
PWD: Ok("/home/mdupont/.cargo/registry/src/index.crates.io-1949cf8c6b5b557f/regex-automata-0.4.9")
CARGO_MANIFEST_DIR: Ok("/home/mdupont/.cargo/registry/src/index.crates.io-1949cf8c6b5b557f/regex-automata-0.4.9")
=== END ENV DEBUG ===
=== SAVED 310 COMPLEXITY ITEMS FOR CRATE: regex_automata ===
=== MANIFEST SAVED: ./test_usage_data/regex_automata_manifest.json ===
=== COLLECTING USAGE DATA FOR CRATE: regex_automata === (1999 total usages)
=== ENV DEBUG ===
PWD: Ok("/home/mdupont/.cargo/registry/src/index.crates.io-1949cf8c6b5b557f/hyper-1.8.1")
CARGO_MANIFEST_DIR: Ok("/home/mdupont/.cargo/registry/src/index.crates.io-1949cf8c6b5b557f/hyper-1.8.1")
=== END ENV DEBUG ===
=== SAVED 125 COMPLEXITY ITEMS FOR CRATE: hyper ===
=== MANIFEST SAVED: ./test_usage_data/hyper_manifest.json ===
=== COLLECTING USAGE DATA FOR CRATE: hyper === (351 total usages)
=== ENV DEBUG ===
PWD: Ok("/home/mdupont/.cargo/registry/src/index.crates.io-1949cf8c6b5b557f/anstream-0.6.20")
CARGO_MANIFEST_DIR: Ok("/home/mdupont/.cargo/registry/src/index.crates.io-1949cf8c6b5b557f/anstream-0.6.20")
=== END ENV DEBUG ===
=== SAVED 34 COMPLEXITY ITEMS FOR CRATE: anstream ===
=== MANIFEST SAVED: ./test_usage_data/anstream_manifest.json ===
=== COLLECTING USAGE DATA FOR CRATE: anstream === (118 total usages)
=== ENV DEBUG ===
PWD: Ok("/home/mdupont/.cargo/registry/src/index.crates.io-1949cf8c6b5b557f/parking_lot-0.11.2")
CARGO_MANIFEST_DIR: Ok("/home/mdupont/.cargo/registry/src/index.crates.io-1949cf8c6b5b557f/parking_lot-0.11.2")
=== END ENV DEBUG ===
=== SAVED 17 COMPLEXITY ITEMS FOR CRATE: parking_lot ===
=== MANIFEST SAVED: ./test_usage_data/parking_lot_manifest.json ===
=== COLLECTING USAGE DATA FOR CRATE: parking_lot === (54 total usages)
=== ENV DEBUG ===
PWD: Ok("/home/mdupont/.cargo/registry/src/index.crates.io-1949cf8c6b5b557f/tower-0.5.2")
CARGO_MANIFEST_DIR: Ok("/home/mdupont/.cargo/registry/src/index.crates.io-1949cf8c6b5b557f/tower-0.5.2")
=== END ENV DEBUG ===
=== SAVED 62 COMPLEXITY ITEMS FOR CRATE: tower ===
=== MANIFEST SAVED: ./test_usage_data/tower_manifest.json ===
=== COLLECTING USAGE DATA FOR CRATE: tower === (125 total usages)
=== ENV DEBUG ===
PWD: Ok("/home/mdupont/.cargo/registry/src/index.crates.io-1949cf8c6b5b557f/rustc-stable-hash-0.1.2")
CARGO_MANIFEST_DIR: Ok("/home/mdupont/.cargo/registry/src/index.crates.io-1949cf8c6b5b557f/rustc-stable-hash-0.1.2")
=== END ENV DEBUG ===
=== SAVED 7 COMPLEXITY ITEMS FOR CRATE: rustc_stable_hash ===
=== MANIFEST SAVED: ./test_usage_data/rustc_stable_hash_manifest.json ===
=== COLLECTING USAGE DATA FOR CRATE: rustc_stable_hash === (28 total usages)
=== ENV DEBUG ===
PWD: Ok("/home/mdupont/.cargo/registry/src/index.crates.io-1949cf8c6b5b557f/clap_lex-0.7.5")
CARGO_MANIFEST_DIR: Ok("/home/mdupont/.cargo/registry/src/index.crates.io-1949cf8c6b5b557f/clap_lex-0.7.5")
=== END ENV DEBUG ===
=== SAVED 8 COMPLEXITY ITEMS FOR CRATE: clap_lex ===
=== MANIFEST SAVED: ./test_usage_data/clap_lex_manifest.json ===
=== COLLECTING USAGE DATA FOR CRATE: clap_lex === (23 total usages)
=== ENV DEBUG ===
PWD: Ok("/home/mdupont/.cargo/registry/src/index.crates.io-1949cf8c6b5b557f/anyhow-1.0.99")
CARGO_MANIFEST_DIR: Ok("/home/mdupont/.cargo/registry/src/index.crates.io-1949cf8c6b5b557f/anyhow-1.0.99")
=== END ENV DEBUG ===
=== SAVED 4 COMPLEXITY ITEMS FOR CRATE: build_script_build ===
=== MANIFEST SAVED: ./test_usage_data/build_script_build_manifest.json ===
=== COLLECTING USAGE DATA FOR CRATE: build_script_build === (101 total usages)
=== ENV DEBUG ===
PWD: Ok("/home/mdupont/.cargo/registry/src/index.crates.io-1949cf8c6b5b557f/bitflags-2.9.3")
CARGO_MANIFEST_DIR: Ok("/home/mdupont/.cargo/registry/src/index.crates.io-1949cf8c6b5b557f/bitflags-2.9.3")
=== END ENV DEBUG ===
=== SAVED 11 COMPLEXITY ITEMS FOR CRATE: bitflags ===
=== MANIFEST SAVED: ./test_usage_data/bitflags_manifest.json ===
=== COLLECTING USAGE DATA FOR CRATE: bitflags === (113 total usages)
=== ENV DEBUG ===
PWD: Ok("/home/mdupont/.cargo/registry/src/index.crates.io-1949cf8c6b5b557f/base64-0.22.1")
CARGO_MANIFEST_DIR: Ok("/home/mdupont/.cargo/registry/src/index.crates.io-1949cf8c6b5b557f/base64-0.22.1")
=== END ENV DEBUG ===
=== SAVED 39 COMPLEXITY ITEMS FOR CRATE: base64 ===
=== MANIFEST SAVED: ./test_usage_data/base64_manifest.json ===
=== COLLECTING USAGE DATA FOR CRATE: base64 === (316 total usages)
=== ENV DEBUG ===
PWD: Ok("/home/mdupont/.cargo/registry/src/index.crates.io-1949cf8c6b5b557f/heck-0.5.0")
CARGO_MANIFEST_DIR: Ok("/home/mdupont/.cargo/registry/src/index.crates.io-1949cf8c6b5b557f/heck-0.5.0")
=== END ENV DEBUG ===
=== SAVED 13 COMPLEXITY ITEMS FOR CRATE: heck ===
=== MANIFEST SAVED: ./test_usage_data/heck_manifest.json ===
=== COLLECTING USAGE DATA FOR CRATE: heck === (111 total usages)
=== ENV DEBUG ===
PWD: Ok("/home/mdupont/.cargo/registry/src/index.crates.io-1949cf8c6b5b557f/strsim-0.11.1")
CARGO_MANIFEST_DIR: Ok("/home/mdupont/.cargo/registry/src/index.crates.io-1949cf8c6b5b557f/strsim-0.11.1")
=== END ENV DEBUG ===
=== SAVED 23 COMPLEXITY ITEMS FOR CRATE: strsim ===
=== MANIFEST SAVED: ./test_usage_data/strsim_manifest.json ===
=== COLLECTING USAGE DATA FOR CRATE: strsim === (218 total usages)
=== ENV DEBUG ===
PWD: Ok("/home/mdupont/.cargo/registry/src/index.crates.io-1949cf8c6b5b557f/num-conv-0.1.0")
CARGO_MANIFEST_DIR: Ok("/home/mdupont/.cargo/registry/src/index.crates.io-1949cf8c6b5b557f/num-conv-0.1.0")
=== END ENV DEBUG ===
=== MANIFEST SAVED: ./test_usage_data/num_conv_manifest.json ===
=== COLLECTING USAGE DATA FOR CRATE: num_conv === (288 total usages)
=== ENV DEBUG ===
PWD: Ok("/home/mdupont/.cargo/registry/src/index.crates.io-1949cf8c6b5b557f/ipnet-2.11.0")
CARGO_MANIFEST_DIR: Ok("/home/mdupont/.cargo/registry/src/index.crates.io-1949cf8c6b5b557f/ipnet-2.11.0")
=== END ENV DEBUG ===
=== SAVED 21 COMPLEXITY ITEMS FOR CRATE: ipnet ===
=== MANIFEST SAVED: ./test_usage_data/ipnet_manifest.json ===
=== COLLECTING USAGE DATA FOR CRATE: ipnet === (74 total usages)
=== ENV DEBUG ===
PWD: Ok("/home/mdupont/.cargo/registry/src/index.crates.io-1949cf8c6b5b557f/iri-string-0.7.10")
CARGO_MANIFEST_DIR: Ok("/home/mdupont/.cargo/registry/src/index.crates.io-1949cf8c6b5b557f/iri-string-0.7.10")
=== END ENV DEBUG ===
=== SAVED 223 COMPLEXITY ITEMS FOR CRATE: iri_string ===
=== MANIFEST SAVED: ./test_usage_data/iri_string_manifest.json ===
=== COLLECTING USAGE DATA FOR CRATE: iri_string === (1199 total usages)
=== ENV DEBUG ===
PWD: Ok("/home/mdupont/.cargo/registry/src/index.crates.io-1949cf8c6b5b557f/bit-vec-0.6.3")
CARGO_MANIFEST_DIR: Ok("/home/mdupont/.cargo/registry/src/index.crates.io-1949cf8c6b5b557f/bit-vec-0.6.3")
=== END ENV DEBUG ===
=== SAVED 8 COMPLEXITY ITEMS FOR CRATE: bit_vec ===
=== MANIFEST SAVED: ./test_usage_data/bit_vec_manifest.json ===
=== COLLECTING USAGE DATA FOR CRATE: bit_vec === (25 total usages)
=== ENV DEBUG ===
PWD: Ok("/home/mdupont/.cargo/registry/src/index.crates.io-1949cf8c6b5b557f/zerofrom-0.1.6")
CARGO_MANIFEST_DIR: Ok("/home/mdupont/.cargo/registry/src/index.crates.io-1949cf8c6b5b557f/zerofrom-0.1.6")
=== END ENV DEBUG ===
=== MANIFEST SAVED: ./test_usage_data/zerofrom_manifest.json ===
=== COLLECTING USAGE DATA FOR CRATE: zerofrom === (0 total usages)
=== ENV DEBUG ===
PWD: Ok("/home/mdupont/.cargo/registry/src/index.crates.io-1949cf8c6b5b557f/serde_json-1.0.142")
CARGO_MANIFEST_DIR: Ok("/home/mdupont/.cargo/registry/src/index.crates.io-1949cf8c6b5b557f/serde_json-1.0.142")
=== END ENV DEBUG ===
=== SAVED 107 COMPLEXITY ITEMS FOR CRATE: serde_json ===
=== MANIFEST SAVED: ./test_usage_data/serde_json_manifest.json ===
=== COLLECTING USAGE DATA FOR CRATE: serde_json === (545 total usages)
=== ENV DEBUG ===
PWD: Ok("/home/mdupont/.cargo/registry/src/index.crates.io-1949cf8c6b5b557f/num-bigint-0.4.6")
CARGO_MANIFEST_DIR: Ok("/home/mdupont/.cargo/registry/src/index.crates.io-1949cf8c6b5b557f/num-bigint-0.4.6")
=== END ENV DEBUG ===
=== SAVED 91 COMPLEXITY ITEMS FOR CRATE: num_bigint ===
=== MANIFEST SAVED: ./test_usage_data/num_bigint_manifest.json ===
=== COLLECTING USAGE DATA FOR CRATE: num_bigint === (1079 total usages)
=== ENV DEBUG ===
PWD: Ok("/home/mdupont/.cargo/registry/src/index.crates.io-1949cf8c6b5b557f/num-iter-0.1.45")
CARGO_MANIFEST_DIR: Ok("/home/mdupont/.cargo/registry/src/index.crates.io-1949cf8c6b5b557f/num-iter-0.1.45")
=== END ENV DEBUG ===
=== SAVED 13 COMPLEXITY ITEMS FOR CRATE: num_iter ===
=== MANIFEST SAVED: ./test_usage_data/num_iter_manifest.json ===
=== COLLECTING USAGE DATA FOR CRATE: num_iter === (14 total usages)
=== ENV DEBUG ===
PWD: Ok("/home/mdupont/.cargo/registry/src/index.crates.io-1949cf8c6b5b557f/powerfmt-0.2.0")
CARGO_MANIFEST_DIR: Ok("/home/mdupont/.cargo/registry/src/index.crates.io-1949cf8c6b5b557f/powerfmt-0.2.0")
=== END ENV DEBUG ===
=== SAVED 8 COMPLEXITY ITEMS FOR CRATE: powerfmt ===
=== MANIFEST SAVED: ./test_usage_data/powerfmt_manifest.json ===
=== COLLECTING USAGE DATA FOR CRATE: powerfmt === (7 total usages)
=== ENV DEBUG ===
PWD: Ok("/mnt/data1/nix/vendor/rust/cargo2nix/submodules/rust")
CARGO_MANIFEST_DIR: Ok("/mnt/data1/nix/vendor/rust/cargo2nix/submodules/rust/compiler/rustc_hashes")
=== END ENV DEBUG ===
=== SAVED 2 COMPLEXITY ITEMS FOR CRATE: rustc_hashes ===
=== MANIFEST SAVED: ./test_usage_data/rustc_hashes_manifest.json ===
=== COLLECTING USAGE DATA FOR CRATE: rustc_hashes === (2 total usages)
=== ENV DEBUG ===
PWD: Ok("/home/mdupont/.cargo/registry/src/index.crates.io-1949cf8c6b5b557f/proc-macro2-1.0.101")
CARGO_MANIFEST_DIR: Ok("/home/mdupont/.cargo/registry/src/index.crates.io-1949cf8c6b5b557f/proc-macro2-1.0.101")
=== END ENV DEBUG ===
=== SAVED 89 COMPLEXITY ITEMS FOR CRATE: proc_macro2 ===
=== MANIFEST SAVED: ./test_usage_data/proc_macro2_manifest.json ===
=== COLLECTING USAGE DATA FOR CRATE: proc_macro2 === (522 total usages)
=== ENV DEBUG ===
PWD: Ok("/home/mdupont/.cargo/registry/src/index.crates.io-1949cf8c6b5b557f/clap_builder-4.5.44")
CARGO_MANIFEST_DIR: Ok("/home/mdupont/.cargo/registry/src/index.crates.io-1949cf8c6b5b557f/clap_builder-4.5.44")
=== END ENV DEBUG ===
=== SAVED 136 COMPLEXITY ITEMS FOR CRATE: clap_builder ===
=== MANIFEST SAVED: ./test_usage_data/clap_builder_manifest.json ===
=== COLLECTING USAGE DATA FOR CRATE: clap_builder === (1508 total usages)
=== ENV DEBUG ===
PWD: Ok("/home/mdupont/.cargo/registry/src/index.crates.io-1949cf8c6b5b557f/tower-http-0.6.8")
CARGO_MANIFEST_DIR: Ok("/home/mdupont/.cargo/registry/src/index.crates.io-1949cf8c6b5b557f/tower-http-0.6.8")
=== END ENV DEBUG ===
=== SAVED 40 COMPLEXITY ITEMS FOR CRATE: tower_http ===
=== MANIFEST SAVED: ./test_usage_data/tower_http_manifest.json ===
=== COLLECTING USAGE DATA FOR CRATE: tower_http === (83 total usages)
=== ENV DEBUG ===
PWD: Ok("/mnt/data1/nix/vendor/rust/cargo2nix/submodules/measureme/measureme")
CARGO_MANIFEST_DIR: Ok("/mnt/data1/nix/vendor/rust/cargo2nix/submodules/measureme/measureme")
=== END ENV DEBUG ===
=== SAVED 37 COMPLEXITY ITEMS FOR CRATE: measureme ===
=== MANIFEST SAVED: ./test_usage_data/measureme_manifest.json ===
=== COLLECTING USAGE DATA FOR CRATE: measureme === (152 total usages)
=== ENV DEBUG ===
PWD: Ok("/home/mdupont/.cargo/registry/src/index.crates.io-1949cf8c6b5b557f/serde_urlencoded-0.7.1")
CARGO_MANIFEST_DIR: Ok("/home/mdupont/.cargo/registry/src/index.crates.io-1949cf8c6b5b557f/serde_urlencoded-0.7.1")
=== END ENV DEBUG ===
=== SAVED 24 COMPLEXITY ITEMS FOR CRATE: serde_urlencoded ===
=== MANIFEST SAVED: ./test_usage_data/serde_urlencoded_manifest.json ===
=== COLLECTING USAGE DATA FOR CRATE: serde_urlencoded === (41 total usages)
=== ENV DEBUG ===
PWD: Ok("/home/mdupont/.cargo/git/checkouts/measureme-24d35d1d46eb523b/f9f84d1/measureme")
CARGO_MANIFEST_DIR: Ok("/home/mdupont/.cargo/git/checkouts/measureme-24d35d1d46eb523b/f9f84d1/measureme")
=== END ENV DEBUG ===
=== SAVED 37 COMPLEXITY ITEMS FOR CRATE: measureme ===
=== MANIFEST SAVED: ./test_usage_data/measureme_manifest.json ===
=== COLLECTING USAGE DATA FOR CRATE: measureme === (152 total usages)
=== ENV DEBUG ===
PWD: Ok("/home/mdupont/.cargo/registry/src/index.crates.io-1949cf8c6b5b557f/time-macros-0.2.24")
CARGO_MANIFEST_DIR: Ok("/home/mdupont/.cargo/registry/src/index.crates.io-1949cf8c6b5b557f/time-macros-0.2.24")
=== END ENV DEBUG ===
=== SAVED 85 COMPLEXITY ITEMS FOR CRATE: time_macros ===
=== MANIFEST SAVED: ./test_usage_data/time_macros_manifest.json ===
=== COLLECTING USAGE DATA FOR CRATE: time_macros === (804 total usages)
=== ENV DEBUG ===
PWD: Ok("/home/mdupont/.cargo/registry/src/index.crates.io-1949cf8c6b5b557f/clap_derive-4.5.45")
CARGO_MANIFEST_DIR: Ok("/home/mdupont/.cargo/registry/src/index.crates.io-1949cf8c6b5b557f/clap_derive-4.5.45")
=== END ENV DEBUG ===
=== SAVED 60 COMPLEXITY ITEMS FOR CRATE: clap_derive ===
=== MANIFEST SAVED: ./test_usage_data/clap_derive_manifest.json ===
=== COLLECTING USAGE DATA FOR CRATE: clap_derive === (1920 total usages)
=== ENV DEBUG ===
PWD: Ok("/home/mdupont/.cargo/registry/src/index.crates.io-1949cf8c6b5b557f/bit-set-0.5.3")
CARGO_MANIFEST_DIR: Ok("/home/mdupont/.cargo/registry/src/index.crates.io-1949cf8c6b5b557f/bit-set-0.5.3")
=== END ENV DEBUG ===
=== SAVED 14 COMPLEXITY ITEMS FOR CRATE: bit_set ===
=== MANIFEST SAVED: ./test_usage_data/bit_set_manifest.json ===
=== COLLECTING USAGE DATA FOR CRATE: bit_set === (48 total usages)
=== ENV DEBUG ===
PWD: Ok("/home/mdupont/.cargo/git/checkouts/measureme-24d35d1d46eb523b/9f51cde/measureme")
CARGO_MANIFEST_DIR: Ok("/home/mdupont/.cargo/git/checkouts/measureme-24d35d1d46eb523b/9f51cde/measureme")
=== END ENV DEBUG ===
=== SAVED 31 COMPLEXITY ITEMS FOR CRATE: measureme ===
=== MANIFEST SAVED: ./test_usage_data/measureme_manifest.json ===
=== COLLECTING USAGE DATA FOR CRATE: measureme === (144 total usages)
=== ENV DEBUG ===
PWD: Ok("/home/mdupont/.cargo/registry/src/index.crates.io-1949cf8c6b5b557f/hyper-util-0.1.19")
CARGO_MANIFEST_DIR: Ok("/home/mdupont/.cargo/registry/src/index.crates.io-1949cf8c6b5b557f/hyper-util-0.1.19")
=== END ENV DEBUG ===
=== SAVED 121 COMPLEXITY ITEMS FOR CRATE: hyper_util ===
=== MANIFEST SAVED: ./test_usage_data/hyper_util_manifest.json ===
=== COLLECTING USAGE DATA FOR CRATE: hyper_util === (1283 total usages)
=== ENV DEBUG ===
PWD: Ok("/home/mdupont/.cargo/registry/src/index.crates.io-1949cf8c6b5b557f/zerocopy-0.8.26")
CARGO_MANIFEST_DIR: Ok("/home/mdupont/.cargo/registry/src/index.crates.io-1949cf8c6b5b557f/zerocopy-0.8.26")
=== END ENV DEBUG ===
=== SAVED 83 COMPLEXITY ITEMS FOR CRATE: zerocopy ===
=== MANIFEST SAVED: ./test_usage_data/zerocopy_manifest.json ===
=== COLLECTING USAGE DATA FOR CRATE: zerocopy === (425 total usages)
=== ENV DEBUG ===
PWD: Ok("/home/mdupont/.cargo/registry/src/index.crates.io-1949cf8c6b5b557f/indexmap-2.10.0")
CARGO_MANIFEST_DIR: Ok("/home/mdupont/.cargo/registry/src/index.crates.io-1949cf8c6b5b557f/indexmap-2.10.0")
=== END ENV DEBUG ===
=== SAVED 47 COMPLEXITY ITEMS FOR CRATE: indexmap ===
=== MANIFEST SAVED: ./test_usage_data/indexmap_manifest.json ===
=== COLLECTING USAGE DATA FOR CRATE: indexmap === (94 total usages)
=== ENV DEBUG ===
PWD: Ok("/home/mdupont/.cargo/registry/src/index.crates.io-1949cf8c6b5b557f/getrandom-0.3.3")
CARGO_MANIFEST_DIR: Ok("/home/mdupont/.cargo/registry/src/index.crates.io-1949cf8c6b5b557f/getrandom-0.3.3")
=== END ENV DEBUG ===
=== SAVED 26 COMPLEXITY ITEMS FOR CRATE: getrandom ===
=== MANIFEST SAVED: ./test_usage_data/getrandom_manifest.json ===
=== COLLECTING USAGE DATA FOR CRATE: getrandom === (116 total usages)
=== ENV DEBUG ===
PWD: Ok("/home/mdupont/.cargo/registry/src/index.crates.io-1949cf8c6b5b557f/http-body-util-0.1.3")
CARGO_MANIFEST_DIR: Ok("/home/mdupont/.cargo/registry/src/index.crates.io-1949cf8c6b5b557f/http-body-util-0.1.3")
=== END ENV DEBUG ===
=== SAVED 24 COMPLEXITY ITEMS FOR CRATE: http_body_util ===
=== MANIFEST SAVED: ./test_usage_data/http_body_util_manifest.json ===
=== COLLECTING USAGE DATA FOR CRATE: http_body_util === (60 total usages)
=== ENV DEBUG ===
PWD: Ok("/home/mdupont/.cargo/registry/src/index.crates.io-1949cf8c6b5b557f/yoke-0.8.0")
CARGO_MANIFEST_DIR: Ok("/home/mdupont/.cargo/registry/src/index.crates.io-1949cf8c6b5b557f/yoke-0.8.0")
=== END ENV DEBUG ===
=== SAVED 5 COMPLEXITY ITEMS FOR CRATE: yoke ===
=== MANIFEST SAVED: ./test_usage_data/yoke_manifest.json ===
=== COLLECTING USAGE DATA FOR CRATE: yoke === (9 total usages)
=== ENV DEBUG ===
PWD: Ok("/home/mdupont/.cargo/registry/src/index.crates.io-1949cf8c6b5b557f/num-rational-0.4.2")
CARGO_MANIFEST_DIR: Ok("/home/mdupont/.cargo/registry/src/index.crates.io-1949cf8c6b5b557f/num-rational-0.4.2")
=== END ENV DEBUG ===
=== SAVED 9 COMPLEXITY ITEMS FOR CRATE: num_rational ===
=== MANIFEST SAVED: ./test_usage_data/num_rational_manifest.json ===
=== COLLECTING USAGE DATA FOR CRATE: num_rational === (147 total usages)
=== ENV DEBUG ===
PWD: Ok("/home/mdupont/.cargo/registry/src/index.crates.io-1949cf8c6b5b557f/deranged-0.5.5")
CARGO_MANIFEST_DIR: Ok("/home/mdupont/.cargo/registry/src/index.crates.io-1949cf8c6b5b557f/deranged-0.5.5")
=== END ENV DEBUG ===
=== SAVED 27 COMPLEXITY ITEMS FOR CRATE: deranged ===
=== MANIFEST SAVED: ./test_usage_data/deranged_manifest.json ===
=== COLLECTING USAGE DATA FOR CRATE: deranged === (27 total usages)
=== ENV DEBUG ===
PWD: Ok("/mnt/data1/nix/vendor/rust/cargo2nix/submodules/rust")
CARGO_MANIFEST_DIR: Ok("/mnt/data1/nix/vendor/rust/cargo2nix/submodules/rust/compiler/rustc_index")
=== END ENV DEBUG ===
=== SAVED 1 COMPLEXITY ITEMS FOR CRATE: build_script_build ===
=== MANIFEST SAVED: ./test_usage_data/build_script_build_manifest.json ===
=== COLLECTING USAGE DATA FOR CRATE: build_script_build === (4 total usages)
=== ENV DEBUG ===
PWD: Ok("/home/mdupont/.cargo/registry/src/index.crates.io-1949cf8c6b5b557f/nom-8.0.0")
CARGO_MANIFEST_DIR: Ok("/home/mdupont/.cargo/registry/src/index.crates.io-1949cf8c6b5b557f/nom-8.0.0")
=== END ENV DEBUG ===
=== SAVED 234 COMPLEXITY ITEMS FOR CRATE: nom ===
=== MANIFEST SAVED: ./test_usage_data/nom_manifest.json ===
=== COLLECTING USAGE DATA FOR CRATE: nom === (1351 total usages)
=== ENV DEBUG ===
PWD: Ok("/home/mdupont/.cargo/registry/src/index.crates.io-1949cf8c6b5b557f/lazy_static-1.5.0")
CARGO_MANIFEST_DIR: Ok("/home/mdupont/.cargo/registry/src/index.crates.io-1949cf8c6b5b557f/lazy_static-1.5.0")
=== END ENV DEBUG ===
=== SAVED 2 COMPLEXITY ITEMS FOR CRATE: lazy_static ===
=== MANIFEST SAVED: ./test_usage_data/lazy_static_manifest.json ===
=== COLLECTING USAGE DATA FOR CRATE: lazy_static === (1 total usages)
=== ENV DEBUG ===
PWD: Ok("/home/mdupont/.cargo/registry/src/index.crates.io-1949cf8c6b5b557f/thin-vec-0.2.14")
CARGO_MANIFEST_DIR: Ok("/home/mdupont/.cargo/registry/src/index.crates.io-1949cf8c6b5b557f/thin-vec-0.2.14")
=== END ENV DEBUG ===
=== SAVED 13 COMPLEXITY ITEMS FOR CRATE: thin_vec ===
=== MANIFEST SAVED: ./test_usage_data/thin_vec_manifest.json ===
=== COLLECTING USAGE DATA FOR CRATE: thin_vec === (42 total usages)
=== ENV DEBUG ===
PWD: Ok("/home/mdupont/.cargo/registry/src/index.crates.io-1949cf8c6b5b557f/byteorder-1.5.0")
CARGO_MANIFEST_DIR: Ok("/home/mdupont/.cargo/registry/src/index.crates.io-1949cf8c6b5b557f/byteorder-1.5.0")
=== END ENV DEBUG ===
=== SAVED 9 COMPLEXITY ITEMS FOR CRATE: byteorder ===
=== MANIFEST SAVED: ./test_usage_data/byteorder_manifest.json ===
=== COLLECTING USAGE DATA FOR CRATE: byteorder === (24 total usages)
=== ENV DEBUG ===
PWD: Ok("/mnt/data1/nix/vendor/rust/cargo2nix/submodules/rust")
CARGO_MANIFEST_DIR: Ok("/mnt/data1/nix/vendor/rust/cargo2nix/submodules/rust/compiler/rustc_macros")
=== END ENV DEBUG ===
=== SAVED 116 COMPLEXITY ITEMS FOR CRATE: rustc_macros ===
=== MANIFEST SAVED: ./test_usage_data/rustc_macros_manifest.json ===
=== COLLECTING USAGE DATA FOR CRATE: rustc_macros === (1569 total usages)
=== ENV DEBUG ===
PWD: Ok("/home/mdupont/.cargo/registry/src/index.crates.io-1949cf8c6b5b557f/anyhow-1.0.99")
CARGO_MANIFEST_DIR: Ok("/home/mdupont/.cargo/registry/src/index.crates.io-1949cf8c6b5b557f/anyhow-1.0.99")
=== END ENV DEBUG ===
=== SAVED 40 COMPLEXITY ITEMS FOR CRATE: anyhow ===
=== MANIFEST SAVED: ./test_usage_data/anyhow_manifest.json ===
=== COLLECTING USAGE DATA FOR CRATE: anyhow === (98 total usages)
=== ENV DEBUG ===
PWD: Ok("/mnt/data1/nix/vendor/rust/cargo2nix/submodules/measureme/decodeme")
CARGO_MANIFEST_DIR: Ok("/mnt/data1/nix/vendor/rust/cargo2nix/submodules/measureme/decodeme")
=== END ENV DEBUG ===
=== SAVED 18 COMPLEXITY ITEMS FOR CRATE: decodeme ===
=== MANIFEST SAVED: ./test_usage_data/decodeme_manifest.json ===
=== COLLECTING USAGE DATA FOR CRATE: decodeme === (77 total usages)
=== ENV DEBUG ===
PWD: Ok("/home/mdupont/.cargo/registry/src/index.crates.io-1949cf8c6b5b557f/quote-1.0.40")
CARGO_MANIFEST_DIR: Ok("/home/mdupont/.cargo/registry/src/index.crates.io-1949cf8c6b5b557f/quote-1.0.40")
=== END ENV DEBUG ===
=== SAVED 110 COMPLEXITY ITEMS FOR CRATE: quote ===
=== MANIFEST SAVED: ./test_usage_data/quote_manifest.json ===
=== COLLECTING USAGE DATA FOR CRATE: quote === (424 total usages)
=== ENV DEBUG ===
PWD: Ok("/home/mdupont/.cargo/registry/src/index.crates.io-1949cf8c6b5b557f/ahash-0.8.12")
CARGO_MANIFEST_DIR: Ok("/home/mdupont/.cargo/registry/src/index.crates.io-1949cf8c6b5b557f/ahash-0.8.12")
=== END ENV DEBUG ===
=== SAVED 18 COMPLEXITY ITEMS FOR CRATE: ahash ===
=== MANIFEST SAVED: ./test_usage_data/ahash_manifest.json ===
=== COLLECTING USAGE DATA FOR CRATE: ahash === (71 total usages)
=== ENV DEBUG ===
PWD: Ok("/home/mdupont/.cargo/registry/src/index.crates.io-1949cf8c6b5b557f/clap-4.5.45")
CARGO_MANIFEST_DIR: Ok("/home/mdupont/.cargo/registry/src/index.crates.io-1949cf8c6b5b557f/clap-4.5.45")
=== END ENV DEBUG ===
=== MANIFEST SAVED: ./test_usage_data/clap_manifest.json ===
=== COLLECTING USAGE DATA FOR CRATE: clap === (0 total usages)
=== ENV DEBUG ===
PWD: Ok("/home/mdupont/.cargo/git/checkouts/measureme-24d35d1d46eb523b/f9f84d1/decodeme")
CARGO_MANIFEST_DIR: Ok("/home/mdupont/.cargo/git/checkouts/measureme-24d35d1d46eb523b/f9f84d1/decodeme")
=== END ENV DEBUG ===
=== SAVED 18 COMPLEXITY ITEMS FOR CRATE: decodeme ===
=== MANIFEST SAVED: ./test_usage_data/decodeme_manifest.json ===
=== COLLECTING USAGE DATA FOR CRATE: decodeme === (76 total usages)
=== ENV DEBUG ===
PWD: Ok("/home/mdupont/.cargo/registry/src/index.crates.io-1949cf8c6b5b557f/fancy-regex-0.13.0")
CARGO_MANIFEST_DIR: Ok("/home/mdupont/.cargo/registry/src/index.crates.io-1949cf8c6b5b557f/fancy-regex-0.13.0")
=== END ENV DEBUG ===
=== SAVED 58 COMPLEXITY ITEMS FOR CRATE: fancy_regex ===
=== MANIFEST SAVED: ./test_usage_data/fancy_regex_manifest.json ===
=== COLLECTING USAGE DATA FOR CRATE: fancy_regex === (274 total usages)
=== ENV DEBUG ===
PWD: Ok("/home/mdupont/.cargo/registry/src/index.crates.io-1949cf8c6b5b557f/regex-1.11.1")
CARGO_MANIFEST_DIR: Ok("/home/mdupont/.cargo/registry/src/index.crates.io-1949cf8c6b5b557f/regex-1.11.1")
=== END ENV DEBUG ===
=== SAVED 27 COMPLEXITY ITEMS FOR CRATE: regex ===
=== MANIFEST SAVED: ./test_usage_data/regex_manifest.json ===
=== COLLECTING USAGE DATA FOR CRATE: regex === (47 total usages)
=== ENV DEBUG ===
PWD: Ok("/mnt/data1/nix/vendor/rust/cargo2nix/submodules/rust")
CARGO_MANIFEST_DIR: Ok("/mnt/data1/nix/vendor/rust/cargo2nix/submodules/rust/compiler/rustc_index_macros")
=== END ENV DEBUG ===
=== SAVED 3 COMPLEXITY ITEMS FOR CRATE: rustc_index_macros ===
=== MANIFEST SAVED: ./test_usage_data/rustc_index_macros_manifest.json ===
=== COLLECTING USAGE DATA FOR CRATE: rustc_index_macros === (8 total usages)
=== ENV DEBUG ===
PWD: Ok("/home/mdupont/.cargo/registry/src/index.crates.io-1949cf8c6b5b557f/bytecount-0.6.9")
CARGO_MANIFEST_DIR: Ok("/home/mdupont/.cargo/registry/src/index.crates.io-1949cf8c6b5b557f/bytecount-0.6.9")
=== END ENV DEBUG ===
=== SAVED 19 COMPLEXITY ITEMS FOR CRATE: bytecount ===
=== MANIFEST SAVED: ./test_usage_data/bytecount_manifest.json ===
=== COLLECTING USAGE DATA FOR CRATE: bytecount === (240 total usages)
=== ENV DEBUG ===
PWD: Ok("/home/mdupont/.cargo/registry/src/index.crates.io-1949cf8c6b5b557f/num-cmp-0.1.0")
CARGO_MANIFEST_DIR: Ok("/home/mdupont/.cargo/registry/src/index.crates.io-1949cf8c6b5b557f/num-cmp-0.1.0")
=== END ENV DEBUG ===
=== MANIFEST SAVED: ./test_usage_data/num_cmp_manifest.json ===
=== COLLECTING USAGE DATA FOR CRATE: num_cmp === (12 total usages)
=== ENV DEBUG ===
PWD: Ok("/home/mdupont/.cargo/registry/src/index.crates.io-1949cf8c6b5b557f/uuid-1.18.0")
CARGO_MANIFEST_DIR: Ok("/home/mdupont/.cargo/registry/src/index.crates.io-1949cf8c6b5b557f/uuid-1.18.0")
=== END ENV DEBUG ===
=== SAVED 33 COMPLEXITY ITEMS FOR CRATE: uuid ===
=== MANIFEST SAVED: ./test_usage_data/uuid_manifest.json ===
=== COLLECTING USAGE DATA FOR CRATE: uuid === (117 total usages)
=== ENV DEBUG ===
PWD: Ok("/home/mdupont/.cargo/registry/src/index.crates.io-1949cf8c6b5b557f/zerovec-0.11.4")
CARGO_MANIFEST_DIR: Ok("/home/mdupont/.cargo/registry/src/index.crates.io-1949cf8c6b5b557f/zerovec-0.11.4")
=== END ENV DEBUG ===
=== SAVED 50 COMPLEXITY ITEMS FOR CRATE: zerovec ===
=== MANIFEST SAVED: ./test_usage_data/zerovec_manifest.json ===
=== COLLECTING USAGE DATA FOR CRATE: zerovec === (132 total usages)
=== ENV DEBUG ===
PWD: Ok("/home/mdupont/.cargo/registry/src/index.crates.io-1949cf8c6b5b557f/zerotrie-0.2.2")
CARGO_MANIFEST_DIR: Ok("/home/mdupont/.cargo/registry/src/index.crates.io-1949cf8c6b5b557f/zerotrie-0.2.2")
=== END ENV DEBUG ===
=== SAVED 37 COMPLEXITY ITEMS FOR CRATE: zerotrie ===
=== MANIFEST SAVED: ./test_usage_data/zerotrie_manifest.json ===
=== COLLECTING USAGE DATA FOR CRATE: zerotrie === (139 total usages)
=== ENV DEBUG ===
PWD: Ok("/home/mdupont/.cargo/registry/src/index.crates.io-1949cf8c6b5b557f/num-0.4.3")
CARGO_MANIFEST_DIR: Ok("/home/mdupont/.cargo/registry/src/index.crates.io-1949cf8c6b5b557f/num-0.4.3")
=== END ENV DEBUG ===
=== MANIFEST SAVED: ./test_usage_data/num_manifest.json ===
=== COLLECTING USAGE DATA FOR CRATE: num === (0 total usages)
=== ENV DEBUG ===
PWD: Ok("/home/mdupont/.cargo/git/checkouts/measureme-24d35d1d46eb523b/9f51cde/analyzeme")
CARGO_MANIFEST_DIR: Ok("/home/mdupont/.cargo/git/checkouts/measureme-24d35d1d46eb523b/9f51cde/analyzeme")
=== END ENV DEBUG ===
=== SAVED 30 COMPLEXITY ITEMS FOR CRATE: analyzeme ===
=== MANIFEST SAVED: ./test_usage_data/analyzeme_manifest.json ===
=== COLLECTING USAGE DATA FOR CRATE: analyzeme === (219 total usages)
=== ENV DEBUG ===
PWD: Ok("/home/mdupont/.cargo/registry/src/index.crates.io-1949cf8c6b5b557f/iso8601-0.6.3")
CARGO_MANIFEST_DIR: Ok("/home/mdupont/.cargo/registry/src/index.crates.io-1949cf8c6b5b557f/iso8601-0.6.3")
=== END ENV DEBUG ===
=== SAVED 44 COMPLEXITY ITEMS FOR CRATE: iso8601 ===
=== MANIFEST SAVED: ./test_usage_data/iso8601_manifest.json ===
=== COLLECTING USAGE DATA FOR CRATE: iso8601 === (112 total usages)
=== ENV DEBUG ===
PWD: Ok("/mnt/data1/nix/vendor/rust/cargo2nix/submodules/rust")
CARGO_MANIFEST_DIR: Ok("/mnt/data1/nix/vendor/rust/cargo2nix/submodules/rust/compiler/rustc_serialize")
=== END ENV DEBUG ===
=== SAVED 27 COMPLEXITY ITEMS FOR CRATE: rustc_serialize ===
=== MANIFEST SAVED: ./test_usage_data/rustc_serialize_manifest.json ===
=== COLLECTING USAGE DATA FOR CRATE: rustc_serialize === (79 total usages)
=== ENV DEBUG ===
PWD: Ok("/home/mdupont/.cargo/registry/src/index.crates.io-1949cf8c6b5b557f/time-0.3.44")
CARGO_MANIFEST_DIR: Ok("/home/mdupont/.cargo/registry/src/index.crates.io-1949cf8c6b5b557f/time-0.3.44")
=== END ENV DEBUG ===
=== SAVED 156 COMPLEXITY ITEMS FOR CRATE: time ===
=== MANIFEST SAVED: ./test_usage_data/time_manifest.json ===
=== COLLECTING USAGE DATA FOR CRATE: time === (1074 total usages)
=== ENV DEBUG ===
PWD: Ok("/home/mdupont/.cargo/registry/src/index.crates.io-1949cf8c6b5b557f/syn-2.0.106")
CARGO_MANIFEST_DIR: Ok("/home/mdupont/.cargo/registry/src/index.crates.io-1949cf8c6b5b557f/syn-2.0.106")
=== END ENV DEBUG ===
=== SAVED 550 COMPLEXITY ITEMS FOR CRATE: syn ===
=== MANIFEST SAVED: ./test_usage_data/syn_manifest.json ===
=== COLLECTING USAGE DATA FOR CRATE: syn === (4012 total usages)
=== ENV DEBUG ===
PWD: Ok("/home/mdupont/.cargo/registry/src/index.crates.io-1949cf8c6b5b557f/tinystr-0.8.1")
CARGO_MANIFEST_DIR: Ok("/home/mdupont/.cargo/registry/src/index.crates.io-1949cf8c6b5b557f/tinystr-0.8.1")
=== END ENV DEBUG ===
=== SAVED 6 COMPLEXITY ITEMS FOR CRATE: tinystr ===
=== MANIFEST SAVED: ./test_usage_data/tinystr_manifest.json ===
=== COLLECTING USAGE DATA FOR CRATE: tinystr === (7 total usages)
=== ENV DEBUG ===
PWD: Ok("/home/mdupont/.cargo/registry/src/index.crates.io-1949cf8c6b5b557f/potential_utf-0.1.2")
CARGO_MANIFEST_DIR: Ok("/home/mdupont/.cargo/registry/src/index.crates.io-1949cf8c6b5b557f/potential_utf-0.1.2")
=== END ENV DEBUG ===
=== SAVED 3 COMPLEXITY ITEMS FOR CRATE: potential_utf ===
=== MANIFEST SAVED: ./test_usage_data/potential_utf_manifest.json ===
=== COLLECTING USAGE DATA FOR CRATE: potential_utf === (3 total usages)
=== ENV DEBUG ===
PWD: Ok("/home/mdupont/.cargo/registry/src/index.crates.io-1949cf8c6b5b557f/fraction-0.15.3")
CARGO_MANIFEST_DIR: Ok("/home/mdupont/.cargo/registry/src/index.crates.io-1949cf8c6b5b557f/fraction-0.15.3")
=== END ENV DEBUG ===
=== SAVED 27 COMPLEXITY ITEMS FOR CRATE: fraction ===
=== MANIFEST SAVED: ./test_usage_data/fraction_manifest.json ===
=== COLLECTING USAGE DATA FOR CRATE: fraction === (586 total usages)
=== ENV DEBUG ===
PWD: Ok("/mnt/data1/nix/vendor/rust/cargo2nix/submodules/measureme/analyzeme")
CARGO_MANIFEST_DIR: Ok("/mnt/data1/nix/vendor/rust/cargo2nix/submodules/measureme/analyzeme")
=== END ENV DEBUG ===
=== SAVED 29 COMPLEXITY ITEMS FOR CRATE: analyzeme ===
=== MANIFEST SAVED: ./test_usage_data/analyzeme_manifest.json ===
=== COLLECTING USAGE DATA FOR CRATE: analyzeme === (224 total usages)
=== ENV DEBUG ===
PWD: Ok("/mnt/data1/nix/vendor/rust/cargo2nix/submodules/rust")
CARGO_MANIFEST_DIR: Ok("/mnt/data1/nix/vendor/rust/cargo2nix/submodules/rust/compiler/rustc_index")
=== END ENV DEBUG ===
=== SAVED 30 COMPLEXITY ITEMS FOR CRATE: rustc_index ===
=== MANIFEST SAVED: ./test_usage_data/rustc_index_manifest.json ===
=== COLLECTING USAGE DATA FOR CRATE: rustc_index === (88 total usages)
=== ENV DEBUG ===
PWD: Ok("/home/mdupont/.cargo/registry/src/index.crates.io-1949cf8c6b5b557f/icu_locale_core-2.0.0")
CARGO_MANIFEST_DIR: Ok("/home/mdupont/.cargo/registry/src/index.crates.io-1949cf8c6b5b557f/icu_locale_core-2.0.0")
=== END ENV DEBUG ===
=== SAVED 42 COMPLEXITY ITEMS FOR CRATE: icu_locale_core ===
=== MANIFEST SAVED: ./test_usage_data/icu_locale_core_manifest.json ===
=== COLLECTING USAGE DATA FOR CRATE: icu_locale_core === (101 total usages)
=== ENV DEBUG ===
PWD: Ok("/home/mdupont/.cargo/registry/src/index.crates.io-1949cf8c6b5b557f/icu_collections-2.0.0")
CARGO_MANIFEST_DIR: Ok("/home/mdupont/.cargo/registry/src/index.crates.io-1949cf8c6b5b557f/icu_collections-2.0.0")
=== END ENV DEBUG ===
=== SAVED 25 COMPLEXITY ITEMS FOR CRATE: icu_collections ===
=== MANIFEST SAVED: ./test_usage_data/icu_collections_manifest.json ===
=== COLLECTING USAGE DATA FOR CRATE: icu_collections === (2486 total usages)
=== ENV DEBUG ===
PWD: Ok("/home/mdupont/.cargo/registry/src/index.crates.io-1949cf8c6b5b557f/icu_provider-2.0.0")
CARGO_MANIFEST_DIR: Ok("/home/mdupont/.cargo/registry/src/index.crates.io-1949cf8c6b5b557f/icu_provider-2.0.0")
=== END ENV DEBUG ===
=== SAVED 30 COMPLEXITY ITEMS FOR CRATE: icu_provider ===
=== MANIFEST SAVED: ./test_usage_data/icu_provider_manifest.json ===
=== COLLECTING USAGE DATA FOR CRATE: icu_provider === (58 total usages)
=== ENV DEBUG ===
PWD: Ok("/home/mdupont/.cargo/registry/src/index.crates.io-1949cf8c6b5b557f/icu_normalizer-2.0.0")
CARGO_MANIFEST_DIR: Ok("/home/mdupont/.cargo/registry/src/index.crates.io-1949cf8c6b5b557f/icu_normalizer-2.0.0")
=== END ENV DEBUG ===
=== SAVED 46 COMPLEXITY ITEMS FOR CRATE: icu_normalizer ===
=== MANIFEST SAVED: ./test_usage_data/icu_normalizer_manifest.json ===
=== COLLECTING USAGE DATA FOR CRATE: icu_normalizer === (189 total usages)
=== ENV DEBUG ===
PWD: Ok("/home/mdupont/.cargo/registry/src/index.crates.io-1949cf8c6b5b557f/icu_properties-2.0.1")
CARGO_MANIFEST_DIR: Ok("/home/mdupont/.cargo/registry/src/index.crates.io-1949cf8c6b5b557f/icu_properties-2.0.1")
=== END ENV DEBUG ===
=== SAVED 244 COMPLEXITY ITEMS FOR CRATE: icu_properties ===
=== MANIFEST SAVED: ./test_usage_data/icu_properties_manifest.json ===
=== COLLECTING USAGE DATA FOR CRATE: icu_properties === (659 total usages)
=== ENV DEBUG ===
PWD: Ok("/home/mdupont/.cargo/registry/src/index.crates.io-1949cf8c6b5b557f/idna_adapter-1.2.1")
CARGO_MANIFEST_DIR: Ok("/home/mdupont/.cargo/registry/src/index.crates.io-1949cf8c6b5b557f/idna_adapter-1.2.1")
=== END ENV DEBUG ===
=== SAVED 8 COMPLEXITY ITEMS FOR CRATE: idna_adapter ===
=== MANIFEST SAVED: ./test_usage_data/idna_adapter_manifest.json ===
=== COLLECTING USAGE DATA FOR CRATE: idna_adapter === (50 total usages)
=== ENV DEBUG ===
PWD: Ok("/home/mdupont/.cargo/registry/src/index.crates.io-1949cf8c6b5b557f/idna-1.0.3")
CARGO_MANIFEST_DIR: Ok("/home/mdupont/.cargo/registry/src/index.crates.io-1949cf8c6b5b557f/idna-1.0.3")
=== END ENV DEBUG ===
=== SAVED 45 COMPLEXITY ITEMS FOR CRATE: idna ===
=== MANIFEST SAVED: ./test_usage_data/idna_manifest.json ===
=== COLLECTING USAGE DATA FOR CRATE: idna === (268 total usages)
=== ENV DEBUG ===
PWD: Ok("/home/mdupont/.cargo/registry/src/index.crates.io-1949cf8c6b5b557f/url-2.5.4")
CARGO_MANIFEST_DIR: Ok("/home/mdupont/.cargo/registry/src/index.crates.io-1949cf8c6b5b557f/url-2.5.4")
=== END ENV DEBUG ===
=== SAVED 65 COMPLEXITY ITEMS FOR CRATE: url ===
=== MANIFEST SAVED: ./test_usage_data/url_manifest.json ===
=== COLLECTING USAGE DATA FOR CRATE: url === (455 total usages)
=== ENV DEBUG ===
PWD: Ok("/home/mdupont/.cargo/registry/src/index.crates.io-1949cf8c6b5b557f/reqwest-0.12.28")
CARGO_MANIFEST_DIR: Ok("/home/mdupont/.cargo/registry/src/index.crates.io-1949cf8c6b5b557f/reqwest-0.12.28")
=== END ENV DEBUG ===
=== SAVED 123 COMPLEXITY ITEMS FOR CRATE: reqwest ===
=== MANIFEST SAVED: ./test_usage_data/reqwest_manifest.json ===
=== COLLECTING USAGE DATA FOR CRATE: reqwest === (394 total usages)
=== ENV DEBUG ===
PWD: Ok("/home/mdupont/.cargo/registry/src/index.crates.io-1949cf8c6b5b557f/jsonschema-0.18.3")
CARGO_MANIFEST_DIR: Ok("/home/mdupont/.cargo/registry/src/index.crates.io-1949cf8c6b5b557f/jsonschema-0.18.3")
=== END ENV DEBUG ===
=== SAVED 172 COMPLEXITY ITEMS FOR CRATE: jsonschema ===
=== MANIFEST SAVED: ./test_usage_data/jsonschema_manifest.json ===
=== COLLECTING USAGE DATA FOR CRATE: jsonschema === (977 total usages)
    Finished `dev` profile [unoptimized + debuginfo] target(s) in 0.11s
