Building bootstrap
error: failed to load manifest for workspace member `/mnt/data1/nix/vendor/rust/cargo2nix/tools/trait-fixer`
referenced by workspace at `/mnt/data1/nix/vendor/rust/cargo2nix/Cargo.toml`

Caused by:
  failed to load manifest for dependency `trait-fixer-attribute-reader-mock`

Caused by:
  failed to load manifest for dependency `rustc_span`

Caused by:
  failed to load manifest for dependency `rustc_data_structures`

Caused by:
  failed to load manifest for dependency `rustc_index`

Caused by:
  failed to load manifest for dependency `rustc_macros`

Caused by:
  failed to load manifest for dependency `build_common`

Caused by:
  failed to read `/mnt/data1/nix/vendor/rust/cargo2nix/submodules/rust/compiler/build_common/Cargo.toml`

Caused by:
  No such file or directory (os error 2)
failed to run: /mnt/data1/nix/vendor/rust/cargo2nix/submodules/rust-build/build/x86_64-unknown-linux-gnu/stage0/bin/cargo build --jobs=default --manifest-path /mnt/data1/nix/vendor/rust/cargo2nix/submodules/rust-build/src/bootstrap/Cargo.toml -Zroot-dir=/mnt/data1/nix/vendor/rust/cargo2nix/submodules/rust-build
Build completed unsuccessfully in 0:00:00
