Starting bootstrap build with custom scanner...
RUSTC=/home/mdupont/nix/vendor/rust/cargo2nix/submodules/rust/compiler/rustc_driver/simple_scanner
   Compiling proc-macro2 v1.0.101
   Compiling unicode-ident v1.0.18
   Compiling serde v1.0.219
   Compiling libc v0.2.174
   Compiling memchr v2.7.5
   Compiling cfg-if v1.0.1
   Compiling shlex v1.3.0
   Compiling autocfg v1.5.0
   Compiling equivalent v1.0.2
   Compiling foldhash v0.1.5
   Compiling allocator-api2 v0.2.21
   Compiling smallvec v1.15.1
   Compiling bitflags v2.9.3
   Compiling itoa v1.0.15
   Compiling log v0.4.27
   Compiling stable_deref_trait v1.2.0
   Compiling once_cell v1.21.3
   Compiling regex-syntax v0.8.5
   Compiling crossbeam-utils v0.8.21
   Compiling serde_json v1.0.142
   Compiling ryu v1.0.20
   Compiling litemap v0.8.0
   Compiling writeable v0.6.1
     Running `/home/mdupont/nix/vendor/rust/cargo2nix/submodules/rust/compiler/rustc_driver/simple_scanner --crate-name unicode_ident --edition=2018 /home/mdupont/.cargo/registry/src/index.crates.io-1949cf8c6b5b557f/unicode-ident-1.0.18/src/lib.rs --error-format=json --json=diagnostic-rendered-ansi,artifacts,future-incompat --crate-type lib --emit=dep-info,metadata,link -C embed-bitcode=no --check-cfg 'cfg(docsrs,test)' --check-cfg 'cfg(feature, values())' -C metadata=7b782351e0a67383 -C extra-filename=-d7c6ac44183fdb60 --out-dir /mnt/data1/nix/vendor/rust/cargo2nix/submodules/rust/target/debug/deps -L dependency=/mnt/data1/nix/vendor/rust/cargo2nix/submodules/rust/target/debug/deps --cap-lints allow`
     Running `/home/mdupont/nix/vendor/rust/cargo2nix/submodules/rust/compiler/rustc_driver/simple_scanner --crate-name build_script_build --edition=2018 /home/mdupont/.cargo/registry/src/index.crates.io-1949cf8c6b5b557f/serde-1.0.219/build.rs --error-format=json --json=diagnostic-rendered-ansi,artifacts,future-incompat --crate-type bin --emit=dep-info,link -C embed-bitcode=no --cfg 'feature="alloc"' --cfg 'feature="default"' --cfg 'feature="derive"' --cfg 'feature="rc"' --cfg 'feature="serde_derive"' --cfg 'feature="std"' --check-cfg 'cfg(docsrs,test)' --check-cfg 'cfg(feature, values("alloc", "default", "derive", "rc", "serde_derive", "std", "unstable"))' -C metadata=5f69820cac3aa6a9 -C extra-filename=-9f2c5841d473be34 --out-dir /mnt/data1/nix/vendor/rust/cargo2nix/submodules/rust/target/debug/build/serde-9f2c5841d473be34 -L dependency=/mnt/data1/nix/vendor/rust/cargo2nix/submodules/rust/target/debug/deps --cap-lints allow`
     Running `/home/mdupont/nix/vendor/rust/cargo2nix/submodules/rust/compiler/rustc_driver/simple_scanner --crate-name build_script_build --edition=2021 /home/mdupont/.cargo/registry/src/index.crates.io-1949cf8c6b5b557f/proc-macro2-1.0.101/build.rs --error-format=json --json=diagnostic-rendered-ansi,artifacts,future-incompat --crate-type bin --emit=dep-info,link -C embed-bitcode=no --cfg 'feature="default"' --cfg 'feature="proc-macro"' --cfg 'feature="span-locations"' --check-cfg 'cfg(docsrs,test)' --check-cfg 'cfg(feature, values("default", "nightly", "proc-macro", "span-locations"))' -C metadata=18298d03e87718ca -C extra-filename=-dd7098d044d15aa0 --out-dir /mnt/data1/nix/vendor/rust/cargo2nix/submodules/rust/target/debug/build/proc-macro2-dd7098d044d15aa0 -L dependency=/mnt/data1/nix/vendor/rust/cargo2nix/submodules/rust/target/debug/deps --cap-lints allow`
     Running `/home/mdupont/nix/vendor/rust/cargo2nix/submodules/rust/compiler/rustc_driver/simple_scanner --crate-name memchr --edition=2021 /home/mdupont/.cargo/registry/src/index.crates.io-1949cf8c6b5b557f/memchr-2.7.5/src/lib.rs --error-format=json --json=diagnostic-rendered-ansi,artifacts,future-incompat --crate-type lib --emit=dep-info,metadata,link -C embed-bitcode=no -C debuginfo=2 --cfg 'feature="alloc"' --cfg 'feature="default"' --cfg 'feature="std"' --check-cfg 'cfg(docsrs,test)' --check-cfg 'cfg(feature, values("alloc", "core", "default", "libc", "logging", "rustc-dep-of-std", "std", "use_std"))' -C metadata=dbd1ff1223128c77 -C extra-filename=-102549b39af91f6d --out-dir /mnt/data1/nix/vendor/rust/cargo2nix/submodules/rust/target/debug/deps -L dependency=/mnt/data1/nix/vendor/rust/cargo2nix/submodules/rust/target/debug/deps --cap-lints allow`
     Running `/home/mdupont/nix/vendor/rust/cargo2nix/submodules/rust/compiler/rustc_driver/simple_scanner --crate-name build_script_build --edition=2021 /home/mdupont/.cargo/registry/src/index.crates.io-1949cf8c6b5b557f/libc-0.2.174/build.rs --error-format=json --json=diagnostic-rendered-ansi,artifacts,future-incompat --crate-type bin --emit=dep-info,link -C embed-bitcode=no '--allow=clippy::used_underscore_binding' --allow=unused_qualifications '--warn=clippy::unnecessary_semicolon' '--allow=clippy::unnecessary_cast' '--allow=clippy::uninlined_format_args' '--warn=clippy::ptr_as_ptr' '--allow=clippy::non_minimal_cfg' '--allow=clippy::missing_safety_doc' '--warn=clippy::map_unwrap_or' '--warn=clippy::manual_assert' '--allow=clippy::identity_op' '--warn=clippy::explicit_iter_loop' '--allow=clippy::expl_impl_clone_on_copy' --cfg 'feature="default"' --cfg 'feature="extra_traits"' --cfg 'feature="std"' --check-cfg 'cfg(docsrs,test)' --check-cfg 'cfg(feature, values("align", "const-extern-fn", "default", "extra_traits", "rustc-dep-of-std", "rustc-std-workspace-core", "std", "use_std"))' -C metadata=f9f5341594494fcf -C extra-filename=-0407e0cea2b8b657 --out-dir /mnt/data1/nix/vendor/rust/cargo2nix/submodules/rust/target/debug/build/libc-0407e0cea2b8b657 -L dependency=/mnt/data1/nix/vendor/rust/cargo2nix/submodules/rust/target/debug/deps --cap-lints allow`
     Running `/home/mdupont/nix/vendor/rust/cargo2nix/submodules/rust/compiler/rustc_driver/simple_scanner --crate-name cfg_if --edition=2018 /home/mdupont/.cargo/registry/src/index.crates.io-1949cf8c6b5b557f/cfg-if-1.0.1/src/lib.rs --error-format=json --json=diagnostic-rendered-ansi,artifacts,future-incompat --crate-type lib --emit=dep-info,metadata,link -C embed-bitcode=no -C debuginfo=2 --check-cfg 'cfg(docsrs,test)' --check-cfg 'cfg(feature, values("core", "rustc-dep-of-std"))' -C metadata=01a6c8f21a3de411 -C extra-filename=-d23c9046170979ce --out-dir /mnt/data1/nix/vendor/rust/cargo2nix/submodules/rust/target/debug/deps -L dependency=/mnt/data1/nix/vendor/rust/cargo2nix/submodules/rust/target/debug/deps --cap-lints allow`
     Running `/home/mdupont/nix/vendor/rust/cargo2nix/submodules/rust/compiler/rustc_driver/simple_scanner --crate-name build_script_build --edition=2021 /home/mdupont/.cargo/registry/src/index.crates.io-1949cf8c6b5b557f/libc-0.2.174/build.rs --error-format=json --json=diagnostic-rendered-ansi,artifacts,future-incompat --crate-type bin --emit=dep-info,link -C embed-bitcode=no '--allow=clippy::used_underscore_binding' --allow=unused_qualifications '--warn=clippy::unnecessary_semicolon' '--allow=clippy::unnecessary_cast' '--allow=clippy::uninlined_format_args' '--warn=clippy::ptr_as_ptr' '--allow=clippy::non_minimal_cfg' '--allow=clippy::missing_safety_doc' '--warn=clippy::map_unwrap_or' '--warn=clippy::manual_assert' '--allow=clippy::identity_op' '--warn=clippy::explicit_iter_loop' '--allow=clippy::expl_impl_clone_on_copy' --cfg 'feature="default"' --cfg 'feature="std"' --check-cfg 'cfg(docsrs,test)' --check-cfg 'cfg(feature, values("align", "const-extern-fn", "default", "extra_traits", "rustc-dep-of-std", "rustc-std-workspace-core", "std", "use_std"))' -C metadata=84febf2b1f08c928 -C extra-filename=-62a4878426c54d87 --out-dir /mnt/data1/nix/vendor/rust/cargo2nix/submodules/rust/target/debug/build/libc-62a4878426c54d87 -L dependency=/mnt/data1/nix/vendor/rust/cargo2nix/submodules/rust/target/debug/deps --cap-lints allow`
     Running `/home/mdupont/nix/vendor/rust/cargo2nix/submodules/rust/compiler/rustc_driver/simple_scanner --crate-name shlex --edition=2015 /home/mdupont/.cargo/registry/src/index.crates.io-1949cf8c6b5b557f/shlex-1.3.0/src/lib.rs --error-format=json --json=diagnostic-rendered-ansi,artifacts,future-incompat --crate-type lib --emit=dep-info,metadata,link -C embed-bitcode=no -C debuginfo=2 --cfg 'feature="default"' --cfg 'feature="std"' --check-cfg 'cfg(docsrs,test)' --check-cfg 'cfg(feature, values("default", "std"))' -C metadata=e4314ccf430120c9 -C extra-filename=-4269b7e2ffbe8f9f --out-dir /mnt/data1/nix/vendor/rust/cargo2nix/submodules/rust/target/debug/deps -L dependency=/mnt/data1/nix/vendor/rust/cargo2nix/submodules/rust/target/debug/deps --cap-lints allow`
     Running `/home/mdupont/nix/vendor/rust/cargo2nix/submodules/rust/compiler/rustc_driver/simple_scanner --crate-name autocfg --edition=2015 /home/mdupont/.cargo/registry/src/index.crates.io-1949cf8c6b5b557f/autocfg-1.5.0/src/lib.rs --error-format=json --json=diagnostic-rendered-ansi,artifacts,future-incompat --crate-type lib --emit=dep-info,metadata,link -C embed-bitcode=no --check-cfg 'cfg(docsrs,test)' --check-cfg 'cfg(feature, values())' -C metadata=7c76596d391ade71 -C extra-filename=-c1171f8e2f7479cd --out-dir /mnt/data1/nix/vendor/rust/cargo2nix/submodules/rust/target/debug/deps -L dependency=/mnt/data1/nix/vendor/rust/cargo2nix/submodules/rust/target/debug/deps --cap-lints allow`
     Running `/home/mdupont/nix/vendor/rust/cargo2nix/submodules/rust/compiler/rustc_driver/simple_scanner --crate-name equivalent --edition=2015 /home/mdupont/.cargo/registry/src/index.crates.io-1949cf8c6b5b557f/equivalent-1.0.2/src/lib.rs --error-format=json --json=diagnostic-rendered-ansi,artifacts,future-incompat --crate-type lib --emit=dep-info,metadata,link -C embed-bitcode=no -C debuginfo=2 --check-cfg 'cfg(docsrs,test)' --check-cfg 'cfg(feature, values())' -C metadata=ed54af19a296de85 -C extra-filename=-eca42f85f990eb7f --out-dir /mnt/data1/nix/vendor/rust/cargo2nix/submodules/rust/target/debug/deps -L dependency=/mnt/data1/nix/vendor/rust/cargo2nix/submodules/rust/target/debug/deps --cap-lints allow`
     Running `/home/mdupont/nix/vendor/rust/cargo2nix/submodules/rust/compiler/rustc_driver/simple_scanner --crate-name allocator_api2 --edition=2018 /home/mdupont/.cargo/registry/src/index.crates.io-1949cf8c6b5b557f/allocator-api2-0.2.21/src/lib.rs --error-format=json --json=diagnostic-rendered-ansi,artifacts,future-incompat --crate-type lib --emit=dep-info,metadata,link -C embed-bitcode=no -C debuginfo=2 --warn=unexpected_cfgs --check-cfg 'cfg(no_global_oom_handling)' --cfg 'feature="alloc"' --check-cfg 'cfg(docsrs,test)' --check-cfg 'cfg(feature, values("alloc", "default", "fresh-rust", "nightly", "serde", "std"))' -C metadata=2fd0ec801d2fa80e -C extra-filename=-54c59f91955ffc2d --out-dir /mnt/data1/nix/vendor/rust/cargo2nix/submodules/rust/target/debug/deps -L dependency=/mnt/data1/nix/vendor/rust/cargo2nix/submodules/rust/target/debug/deps --cap-lints allow`
     Running `/home/mdupont/nix/vendor/rust/cargo2nix/submodules/rust/compiler/rustc_driver/simple_scanner --crate-name bitflags --edition=2021 /home/mdupont/.cargo/registry/src/index.crates.io-1949cf8c6b5b557f/bitflags-2.9.3/src/lib.rs --error-format=json --json=diagnostic-rendered-ansi,artifacts,future-incompat --crate-type lib --emit=dep-info,metadata,link -C embed-bitcode=no -C debuginfo=2 --cfg 'feature="std"' --check-cfg 'cfg(docsrs,test)' --check-cfg 'cfg(feature, values("arbitrary", "bytemuck", "example_generated", "serde", "std"))' -C metadata=f721cea826c0093b -C extra-filename=-83182ca32476ca2d --out-dir /mnt/data1/nix/vendor/rust/cargo2nix/submodules/rust/target/debug/deps -L dependency=/mnt/data1/nix/vendor/rust/cargo2nix/submodules/rust/target/debug/deps --cap-lints allow`
     Running `/home/mdupont/nix/vendor/rust/cargo2nix/submodules/rust/compiler/rustc_driver/simple_scanner --crate-name itoa --edition=2018 /home/mdupont/.cargo/registry/src/index.crates.io-1949cf8c6b5b557f/itoa-1.0.15/src/lib.rs --error-format=json --json=diagnostic-rendered-ansi,artifacts,future-incompat --crate-type lib --emit=dep-info,metadata,link -C embed-bitcode=no -C debuginfo=2 --check-cfg 'cfg(docsrs,test)' --check-cfg 'cfg(feature, values("no-panic"))' -C metadata=0dca872f7cabebc8 -C extra-filename=-37369ebc16450b8a --out-dir /mnt/data1/nix/vendor/rust/cargo2nix/submodules/rust/target/debug/deps -L dependency=/mnt/data1/nix/vendor/rust/cargo2nix/submodules/rust/target/debug/deps --cap-lints allow`
     Running `/home/mdupont/nix/vendor/rust/cargo2nix/submodules/rust/compiler/rustc_driver/simple_scanner --crate-name foldhash --edition=2021 /home/mdupont/.cargo/registry/src/index.crates.io-1949cf8c6b5b557f/foldhash-0.1.5/src/lib.rs --error-format=json --json=diagnostic-rendered-ansi,artifacts,future-incompat --crate-type lib --emit=dep-info,metadata,link -C embed-bitcode=no -C debuginfo=2 --cfg 'feature="std"' --check-cfg 'cfg(docsrs,test)' --check-cfg 'cfg(feature, values("default", "std"))' -C metadata=8514c59d1366e509 -C extra-filename=-c186a453545cce35 --out-dir /mnt/data1/nix/vendor/rust/cargo2nix/submodules/rust/target/debug/deps -L dependency=/mnt/data1/nix/vendor/rust/cargo2nix/submodules/rust/target/debug/deps --cap-lints allow`
     Running `/home/mdupont/nix/vendor/rust/cargo2nix/submodules/rust/compiler/rustc_driver/simple_scanner --crate-name smallvec --edition=2018 /home/mdupont/.cargo/registry/src/index.crates.io-1949cf8c6b5b557f/smallvec-1.15.1/src/lib.rs --error-format=json --json=diagnostic-rendered-ansi,artifacts,future-incompat --crate-type lib --emit=dep-info,metadata,link -C embed-bitcode=no -C debuginfo=2 --cfg 'feature="const_generics"' --cfg 'feature="drain_filter"' --cfg 'feature="may_dangle"' --cfg 'feature="union"' --check-cfg 'cfg(docsrs,test)' --check-cfg 'cfg(feature, values("arbitrary", "bincode", "const_generics", "const_new", "debugger_visualizer", "drain_filter", "drain_keep_rest", "impl_bincode", "malloc_size_of", "may_dangle", "serde", "specialization", "union", "unty", "write"))' -C metadata=299a1990ba81c425 -C extra-filename=-a8d5db0a2e56a986 --out-dir /mnt/data1/nix/vendor/rust/cargo2nix/submodules/rust/target/debug/deps -L dependency=/mnt/data1/nix/vendor/rust/cargo2nix/submodules/rust/target/debug/deps --cap-lints allow`
     Running `/home/mdupont/nix/vendor/rust/cargo2nix/submodules/rust/compiler/rustc_driver/simple_scanner --crate-name log --edition=2021 /home/mdupont/.cargo/registry/src/index.crates.io-1949cf8c6b5b557f/log-0.4.27/src/lib.rs --error-format=json --json=diagnostic-rendered-ansi,artifacts,future-incompat --crate-type lib --emit=dep-info,metadata,link -C embed-bitcode=no -C debuginfo=2 --cfg 'feature="std"' --check-cfg 'cfg(docsrs,test)' --check-cfg 'cfg(feature, values("kv", "kv_serde", "kv_std", "kv_sval", "kv_unstable", "kv_unstable_serde", "kv_unstable_std", "kv_unstable_sval", "max_level_debug", "max_level_error", "max_level_info", "max_level_off", "max_level_trace", "max_level_warn", "release_max_level_debug", "release_max_level_error", "release_max_level_info", "release_max_level_off", "release_max_level_trace", "release_max_level_warn", "serde", "std", "sval", "sval_ref", "value-bag"))' -C metadata=48712e617da3fc67 -C extra-filename=-e01cd09b935ee125 --out-dir /mnt/data1/nix/vendor/rust/cargo2nix/submodules/rust/target/debug/deps -L dependency=/mnt/data1/nix/vendor/rust/cargo2nix/submodules/rust/target/debug/deps --cap-lints allow`
     Running `/home/mdupont/nix/vendor/rust/cargo2nix/submodules/rust/compiler/rustc_driver/simple_scanner --crate-name stable_deref_trait --edition=2015 /home/mdupont/.cargo/registry/src/index.crates.io-1949cf8c6b5b557f/stable_deref_trait-1.2.0/src/lib.rs --error-format=json --json=diagnostic-rendered-ansi,artifacts,future-incompat --crate-type lib --emit=dep-info,metadata,link -C embed-bitcode=no -C debuginfo=2 --cfg 'feature="alloc"' --cfg 'feature="default"' --cfg 'feature="std"' --check-cfg 'cfg(docsrs,test)' --check-cfg 'cfg(feature, values("alloc", "default", "std"))' -C metadata=f4edb9620e3ab1ab -C extra-filename=-a5cdb97d19e0912f --out-dir /mnt/data1/nix/vendor/rust/cargo2nix/submodules/rust/target/debug/deps -L dependency=/mnt/data1/nix/vendor/rust/cargo2nix/submodules/rust/target/debug/deps --cap-lints allow`
     Running `/home/mdupont/nix/vendor/rust/cargo2nix/submodules/rust/compiler/rustc_driver/simple_scanner --crate-name once_cell --edition=2021 /home/mdupont/.cargo/registry/src/index.crates.io-1949cf8c6b5b557f/once_cell-1.21.3/src/lib.rs --error-format=json --json=diagnostic-rendered-ansi,artifacts,future-incompat --crate-type lib --emit=dep-info,metadata,link -C embed-bitcode=no -C debuginfo=2 --cfg 'feature="alloc"' --cfg 'feature="default"' --cfg 'feature="race"' --cfg 'feature="std"' --check-cfg 'cfg(docsrs,test)' --check-cfg 'cfg(feature, values("alloc", "atomic-polyfill", "critical-section", "default", "parking_lot", "portable-atomic", "race", "std", "unstable"))' -C metadata=79824dc31b33398c -C extra-filename=-c72d79b4b87ff7d7 --out-dir /mnt/data1/nix/vendor/rust/cargo2nix/submodules/rust/target/debug/deps -L dependency=/mnt/data1/nix/vendor/rust/cargo2nix/submodules/rust/target/debug/deps --cap-lints allow`
WITNESS_SYMBOL: {"symbol":"simple_scanner_start","from":"main","file":"simple_scanner.rs","line":112}
WITNESS_SYMBOL: {"symbol":"simple_scanner_start","from":"main","file":"simple_scanner.rs","line":112}
WITNESS_SYMBOL: {"symbol":"simple_scanner_start","from":"main","file":"simple_scanner.rs","line":112}
WITNESS_SYMBOL: {"symbol":"simple_scanner_start","from":"main","file":"simple_scanner.rs","line":112}
     Running `/home/mdupont/nix/vendor/rust/cargo2nix/submodules/rust/compiler/rustc_driver/simple_scanner --crate-name regex_syntax --edition=2021 /home/mdupont/.cargo/registry/src/index.crates.io-1949cf8c6b5b557f/regex-syntax-0.8.5/src/lib.rs --error-format=json --json=diagnostic-rendered-ansi,artifacts,future-incompat --crate-type lib --emit=dep-info,metadata,link -C embed-bitcode=no -C debuginfo=2 --cfg 'feature="default"' --cfg 'feature="std"' --cfg 'feature="unicode"' --cfg 'feature="unicode-age"' --cfg 'feature="unicode-bool"' --cfg 'feature="unicode-case"' --cfg 'feature="unicode-gencat"' --cfg 'feature="unicode-perl"' --cfg 'feature="unicode-script"' --cfg 'feature="unicode-segment"' --check-cfg 'cfg(docsrs,test)' --check-cfg 'cfg(feature, values("arbitrary", "default", "std", "unicode", "unicode-age", "unicode-bool", "unicode-case", "unicode-gencat", "unicode-perl", "unicode-script", "unicode-segment"))' -C metadata=74e20229898352cc -C extra-filename=-c2786d0b34cca51d --out-dir /mnt/data1/nix/vendor/rust/cargo2nix/submodules/rust/target/debug/deps -L dependency=/mnt/data1/nix/vendor/rust/cargo2nix/submodules/rust/target/debug/deps --cap-lints allow`
     Running `/home/mdupont/nix/vendor/rust/cargo2nix/submodules/rust/compiler/rustc_driver/simple_scanner --crate-name build_script_build --edition=2021 /home/mdupont/.cargo/registry/src/index.crates.io-1949cf8c6b5b557f/crossbeam-utils-0.8.21/build.rs --error-format=json --json=diagnostic-rendered-ansi,artifacts,future-incompat --crate-type bin --emit=dep-info,link -C embed-bitcode=no --warn=unexpected_cfgs '--allow=clippy::lint_groups_priority' '--allow=clippy::declare_interior_mutable_const' --check-cfg 'cfg(crossbeam_loom)' --check-cfg 'cfg(crossbeam_sanitize)' --cfg 'feature="default"' --cfg 'feature="std"' --check-cfg 'cfg(docsrs,test)' --check-cfg 'cfg(feature, values("default", "loom", "nightly", "std"))' -C metadata=71573524b71d6a67 -C extra-filename=-b2dfcb79b30c84c0 --out-dir /mnt/data1/nix/vendor/rust/cargo2nix/submodules/rust/target/debug/build/crossbeam-utils-b2dfcb79b30c84c0 -L dependency=/mnt/data1/nix/vendor/rust/cargo2nix/submodules/rust/target/debug/deps --cap-lints allow`
WITNESS_SYMBOL: {"symbol":"simple_scanner_start","from":"main","file":"simple_scanner.rs","line":112}
WITNESS_SYMBOL: {"symbol":"simple_scanner_start","from":"main","file":"simple_scanner.rs","line":112}
WITNESS_SYMBOL: {"symbol":"simple_scanner_start","from":"main","file":"simple_scanner.rs","line":112}
SCAN_DIR: /mnt/data1/nix/vendor/rust/cargo2nix/submodules/rust/compiler/rustc_driver/scan_results
SCAN_DIR: /mnt/data1/nix/vendor/rust/cargo2nix/submodules/rust/compiler/rustc_driver/scan_results
SAVED: 4 items to /mnt/data1/nix/vendor/rust/cargo2nix/submodules/rust/compiler/rustc_driver/scan_results/unicode-ident.json
SCAN_DIR: /mnt/data1/nix/vendor/rust/cargo2nix/submodules/rust/compiler/rustc_driver/scan_results
SAVED: 10 items to /mnt/data1/nix/vendor/rust/cargo2nix/submodules/rust/compiler/rustc_driver/scan_results/libc.json
WITNESS_SYMBOL: {"symbol":"simple_scanner_start","from":"main","file":"simple_scanner.rs","line":112}
SCAN_DIR: /mnt/data1/nix/vendor/rust/cargo2nix/submodules/rust/compiler/rustc_driver/scan_results
SAVED: 5 items to /mnt/data1/nix/vendor/rust/cargo2nix/submodules/rust/compiler/rustc_driver/scan_results/serde.json
WITNESS_SYMBOL: {"symbol":"simple_scanner_start","from":"main","file":"simple_scanner.rs","line":112}
SAVED: 28 items to /mnt/data1/nix/vendor/rust/cargo2nix/submodules/rust/compiler/rustc_driver/scan_results/autocfg.json
WITNESS_SYMBOL: {"symbol":"simple_scanner_start","from":"main","file":"simple_scanner.rs","line":112}
SCAN_DIR: /mnt/data1/nix/vendor/rust/cargo2nix/submodules/rust/compiler/rustc_driver/scan_results
WITNESS_SYMBOL: {"symbol":"simple_scanner_start","from":"main","file":"simple_scanner.rs","line":112}
     Running `/home/mdupont/nix/vendor/rust/cargo2nix/submodules/rust/compiler/rustc_driver/simple_scanner --crate-name ryu --edition=2018 /home/mdupont/.cargo/registry/src/index.crates.io-1949cf8c6b5b557f/ryu-1.0.20/src/lib.rs --error-format=json --json=diagnostic-rendered-ansi,artifacts,future-incompat --crate-type lib --emit=dep-info,metadata,link -C embed-bitcode=no -C debuginfo=2 --check-cfg 'cfg(docsrs,test)' --check-cfg 'cfg(feature, values("no-panic", "small"))' -C metadata=606fa1f6b4a02c3a -C extra-filename=-3c7cebc0d33e7cf0 --out-dir /mnt/data1/nix/vendor/rust/cargo2nix/submodules/rust/target/debug/deps -L dependency=/mnt/data1/nix/vendor/rust/cargo2nix/submodules/rust/target/debug/deps --cap-lints allow`
SAVED: 12 items to /mnt/data1/nix/vendor/rust/cargo2nix/submodules/rust/compiler/rustc_driver/scan_results/memchr.json
WITNESS_SYMBOL: {"symbol":"simple_scanner_start","from":"main","file":"simple_scanner.rs","line":112}
SCAN_DIR: /mnt/data1/nix/vendor/rust/cargo2nix/submodules/rust/compiler/rustc_driver/scan_results
SCAN_DIR: /mnt/data1/nix/vendor/rust/cargo2nix/submodules/rust/compiler/rustc_driver/scan_results
SAVED: 2 items to /mnt/data1/nix/vendor/rust/cargo2nix/submodules/rust/compiler/rustc_driver/scan_results/cfg-if.json
SUMMARY_DIR: /mnt/data1/nix/vendor/rust/cargo2nix/submodules/rust/compiler/rustc_driver/scan_results
SAVED: 31 items to /mnt/data1/nix/vendor/rust/cargo2nix/submodules/rust/compiler/rustc_driver/scan_results/shlex.json
     Running `/home/mdupont/nix/vendor/rust/cargo2nix/submodules/rust/compiler/rustc_driver/simple_scanner --crate-name build_script_build --edition=2021 /home/mdupont/.cargo/registry/src/index.crates.io-1949cf8c6b5b557f/serde_json-1.0.142/build.rs --error-format=json --json=diagnostic-rendered-ansi,artifacts,future-incompat --crate-type bin --emit=dep-info,link -C embed-bitcode=no --cfg 'feature="alloc"' --cfg 'feature="default"' --cfg 'feature="std"' --cfg 'feature="unbounded_depth"' --check-cfg 'cfg(docsrs,test)' --check-cfg 'cfg(feature, values("alloc", "arbitrary_precision", "default", "float_roundtrip", "indexmap", "preserve_order", "raw_value", "std", "unbounded_depth"))' -C metadata=446790b37ffc7b21 -C extra-filename=-bde65d83aab080ac --out-dir /mnt/data1/nix/vendor/rust/cargo2nix/submodules/rust/target/debug/build/serde_json-bde65d83aab080ac -L dependency=/mnt/data1/nix/vendor/rust/cargo2nix/submodules/rust/target/debug/deps --cap-lints allow`
WITNESS_SYMBOL: {"symbol":"simple_scanner_start","from":"main","file":"simple_scanner.rs","line":112}
SCAN_DIR: /mnt/data1/nix/vendor/rust/cargo2nix/submodules/rust/compiler/rustc_driver/scan_results
SAVED: 14 items to /mnt/data1/nix/vendor/rust/cargo2nix/submodules/rust/compiler/rustc_driver/scan_results/proc-macro2.json
SUMMARY: 2 item types saved to /mnt/data1/nix/vendor/rust/cargo2nix/submodules/rust/compiler/rustc_driver/scan_results/cfg-if_summary.json
SCAN_DIR: /mnt/data1/nix/vendor/rust/cargo2nix/submodules/rust/compiler/rustc_driver/scan_results
SCAN_DIR: /mnt/data1/nix/vendor/rust/cargo2nix/submodules/rust/compiler/rustc_driver/scan_results
SAVED: 6 items to /mnt/data1/nix/vendor/rust/cargo2nix/submodules/rust/compiler/rustc_driver/scan_results/equivalent.json
SAVED: 10 items to /mnt/data1/nix/vendor/rust/cargo2nix/submodules/rust/compiler/rustc_driver/scan_results/libc.json
WITNESS_SYMBOL: {"symbol":"simple_scanner_start","from":"main","file":"simple_scanner.rs","line":112}
WITNESS_SYMBOL: {"symbol":"simple_scanner_start","from":"main","file":"simple_scanner.rs","line":112}
     Running `/home/mdupont/nix/vendor/rust/cargo2nix/submodules/rust/compiler/rustc_driver/simple_scanner --crate-name writeable --edition=2021 /home/mdupont/.cargo/registry/src/index.crates.io-1949cf8c6b5b557f/writeable-0.6.1/src/lib.rs --error-format=json --json=diagnostic-rendered-ansi,artifacts,future-incompat --crate-type lib --emit=dep-info,metadata,link -C embed-bitcode=no -C debuginfo=2 --check-cfg 'cfg(docsrs,test)' --check-cfg 'cfg(feature, values("either"))' -C metadata=3158d5331f9e8726 -C extra-filename=-b17429cab074c5f2 --out-dir /mnt/data1/nix/vendor/rust/cargo2nix/submodules/rust/target/debug/deps -L dependency=/mnt/data1/nix/vendor/rust/cargo2nix/submodules/rust/target/debug/deps --cap-lints allow`
     Running `/home/mdupont/nix/vendor/rust/cargo2nix/submodules/rust/compiler/rustc_driver/simple_scanner --crate-name litemap --edition=2021 /home/mdupont/.cargo/registry/src/index.crates.io-1949cf8c6b5b557f/litemap-0.8.0/src/lib.rs --error-format=json --json=diagnostic-rendered-ansi,artifacts,future-incompat --crate-type lib --emit=dep-info,metadata,link -C embed-bitcode=no -C debuginfo=2 --cfg 'feature="alloc"' --check-cfg 'cfg(docsrs,test)' --check-cfg 'cfg(feature, values("alloc", "databake", "default", "serde", "testing", "yoke"))' -C metadata=a3b8d6e0c0972f2b -C extra-filename=-1c2d8c5ecc8cf45d --out-dir /mnt/data1/nix/vendor/rust/cargo2nix/submodules/rust/target/debug/deps -L dependency=/mnt/data1/nix/vendor/rust/cargo2nix/submodules/rust/target/debug/deps --cap-lints allow`
SCAN_DIR: /mnt/data1/nix/vendor/rust/cargo2nix/submodules/rust/compiler/rustc_driver/scan_results
SAVED: 20 items to /mnt/data1/nix/vendor/rust/cargo2nix/submodules/rust/compiler/rustc_driver/scan_results/foldhash.json
SCAN_DIR: /mnt/data1/nix/vendor/rust/cargo2nix/submodules/rust/compiler/rustc_driver/scan_results
SCAN_DIR: /mnt/data1/nix/vendor/rust/cargo2nix/submodules/rust/compiler/rustc_driver/scan_results
WITNESS_SYMBOL: {"symbol":"simple_scanner_start","from":"main","file":"simple_scanner.rs","line":112}
WITNESS_SYMBOL: {"symbol":"simple_scanner_start","from":"main","file":"simple_scanner.rs","line":112}
SAVED: 32 items to /mnt/data1/nix/vendor/rust/cargo2nix/submodules/rust/compiler/rustc_driver/scan_results/itoa.json
WITNESS_SYMBOL: {"symbol":"simple_scanner_end","from":"main","file":"simple_scanner.rs","line":118}
WITNESS_SYMBOL: {"symbol":"simple_scanner_start","from":"main","file":"simple_scanner.rs","line":112}
SUMMARY_DIR: /mnt/data1/nix/vendor/rust/cargo2nix/submodules/rust/compiler/rustc_driver/scan_results
SUMMARY: 5 item types saved to /mnt/data1/nix/vendor/rust/cargo2nix/submodules/rust/compiler/rustc_driver/scan_results/serde_summary.json
WITNESS_SYMBOL: {"symbol":"simple_scanner_start","from":"main","file":"simple_scanner.rs","line":112}
SUMMARY_DIR: /mnt/data1/nix/vendor/rust/cargo2nix/submodules/rust/compiler/rustc_driver/scan_results
SUMMARY: 6 item types saved to /mnt/data1/nix/vendor/rust/cargo2nix/submodules/rust/compiler/rustc_driver/scan_results/equivalent_summary.json
   Compiling either v1.15.0
     Running `/home/mdupont/nix/vendor/rust/cargo2nix/submodules/rust/compiler/rustc_driver/simple_scanner --crate-name either --edition=2021 /home/mdupont/.cargo/registry/src/index.crates.io-1949cf8c6b5b557f/either-1.15.0/src/lib.rs --error-format=json --json=diagnostic-rendered-ansi,artifacts,future-incompat --crate-type lib --emit=dep-info,metadata,link -C embed-bitcode=no -C debuginfo=2 --cfg 'feature="default"' --cfg 'feature="std"' --cfg 'feature="use_std"' --check-cfg 'cfg(docsrs,test)' --check-cfg 'cfg(feature, values("default", "serde", "std", "use_std"))' -C metadata=6ea394b12ce98732 -C extra-filename=-aa4dc61b26ccb849 --out-dir /mnt/data1/nix/vendor/rust/cargo2nix/submodules/rust/target/debug/deps -L dependency=/mnt/data1/nix/vendor/rust/cargo2nix/submodules/rust/target/debug/deps --cap-lints allow`
SCAN_DIR: /mnt/data1/nix/vendor/rust/cargo2nix/submodules/rust/compiler/rustc_driver/scan_results
SCAN_DIR: /mnt/data1/nix/vendor/rust/cargo2nix/submodules/rust/compiler/rustc_driver/scan_results
SCAN_DIR: /mnt/data1/nix/vendor/rust/cargo2nix/submodules/rust/compiler/rustc_driver/scan_results
SCAN_DIR: /mnt/data1/nix/vendor/rust/cargo2nix/submodules/rust/compiler/rustc_driver/scan_results
SAVED: 18 items to /mnt/data1/nix/vendor/rust/cargo2nix/submodules/rust/compiler/rustc_driver/scan_results/bitflags.json
SAVED: 32 items to /mnt/data1/nix/vendor/rust/cargo2nix/submodules/rust/compiler/rustc_driver/scan_results/stable_deref_trait.json
WITNESS_SYMBOL: {"symbol":"simple_scanner_start","from":"main","file":"simple_scanner.rs","line":112}
SAVED: 22 items to /mnt/data1/nix/vendor/rust/cargo2nix/submodules/rust/compiler/rustc_driver/scan_results/regex-syntax.json
SUMMARY_DIR: /mnt/data1/nix/vendor/rust/cargo2nix/submodules/rust/compiler/rustc_driver/scan_results
SUMMARY: 4 item types saved to /mnt/data1/nix/vendor/rust/cargo2nix/submodules/rust/compiler/rustc_driver/scan_results/unicode-ident_summary.json
WITNESS_SYMBOL: {"symbol":"simple_scanner_start","from":"main","file":"simple_scanner.rs","line":112}
SCAN_DIR: /mnt/data1/nix/vendor/rust/cargo2nix/submodules/rust/compiler/rustc_driver/scan_results
SAVED: 4 items to /mnt/data1/nix/vendor/rust/cargo2nix/submodules/rust/compiler/rustc_driver/scan_results/crossbeam-utils.json
WITNESS_SYMBOL: {"symbol":"simple_scanner_end","from":"main","file":"simple_scanner.rs","line":118}
SUMMARY_DIR: /mnt/data1/nix/vendor/rust/cargo2nix/submodules/rust/compiler/rustc_driver/scan_results
WITNESS_SYMBOL: {"symbol":"simple_scanner_start","from":"main","file":"simple_scanner.rs","line":112}
SUMMARY: 32 item types saved to /mnt/data1/nix/vendor/rust/cargo2nix/submodules/rust/compiler/rustc_driver/scan_results/stable_deref_trait_summary.json
SCAN_DIR: /mnt/data1/nix/vendor/rust/cargo2nix/submodules/rust/compiler/rustc_driver/scan_results
SCAN_DIR: /mnt/data1/nix/vendor/rust/cargo2nix/submodules/rust/compiler/rustc_driver/scan_results
WITNESS_SYMBOL: {"symbol":"simple_scanner_start","from":"main","file":"simple_scanner.rs","line":112}
SAVED: 5 items to /mnt/data1/nix/vendor/rust/cargo2nix/submodules/rust/compiler/rustc_driver/scan_results/allocator-api2.json
SUMMARY_DIR: /mnt/data1/nix/vendor/rust/cargo2nix/submodules/rust/compiler/rustc_driver/scan_results
SUMMARY: 10 item types saved to /mnt/data1/nix/vendor/rust/cargo2nix/submodules/rust/compiler/rustc_driver/scan_results/libc_summary.json
SAVED: 125 items to /mnt/data1/nix/vendor/rust/cargo2nix/submodules/rust/compiler/rustc_driver/scan_results/smallvec.json
SAVED: 7 items to /mnt/data1/nix/vendor/rust/cargo2nix/submodules/rust/compiler/rustc_driver/scan_results/once_cell.json
     Running `/home/mdupont/nix/vendor/rust/cargo2nix/submodules/rust/compiler/rustc_driver/simple_scanner --crate-name stable_deref_trait --edition=2015 /home/mdupont/.cargo/registry/src/index.crates.io-1949cf8c6b5b557f/stable_deref_trait-1.2.0/src/lib.rs --error-format=json --json=diagnostic-rendered-ansi,artifacts,future-incompat --crate-type lib --emit=dep-info,metadata,link -C embed-bitcode=no --cfg 'feature="alloc"' --check-cfg 'cfg(docsrs,test)' --check-cfg 'cfg(feature, values("alloc", "default", "std"))' -C metadata=14532a5b62dc537f -C extra-filename=-3bf63fbcc9b26f02 --out-dir /mnt/data1/nix/vendor/rust/cargo2nix/submodules/rust/target/debug/deps -L dependency=/mnt/data1/nix/vendor/rust/cargo2nix/submodules/rust/target/debug/deps --cap-lints allow`
SAVED: 74 items to /mnt/data1/nix/vendor/rust/cargo2nix/submodules/rust/compiler/rustc_driver/scan_results/log.json
SCAN_DIR: /mnt/data1/nix/vendor/rust/cargo2nix/submodules/rust/compiler/rustc_driver/scan_results
WITNESS_SYMBOL: {"symbol":"simple_scanner_start","from":"main","file":"simple_scanner.rs","line":112}
SAVED: 12 items to /mnt/data1/nix/vendor/rust/cargo2nix/submodules/rust/compiler/rustc_driver/scan_results/ryu.json
WITNESS_SYMBOL: {"symbol":"simple_scanner_end","from":"main","file":"simple_scanner.rs","line":118}
SCAN_DIR: /mnt/data1/nix/vendor/rust/cargo2nix/submodules/rust/compiler/rustc_driver/scan_results
SCAN_DIR: /mnt/data1/nix/vendor/rust/cargo2nix/submodules/rust/compiler/rustc_driver/scan_results
SUMMARY_DIR: /mnt/data1/nix/vendor/rust/cargo2nix/submodules/rust/compiler/rustc_driver/scan_results
SUMMARY: 14 item types saved to /mnt/data1/nix/vendor/rust/cargo2nix/submodules/rust/compiler/rustc_driver/scan_results/proc-macro2_summary.json
SAVED: 2 items to /mnt/data1/nix/vendor/rust/cargo2nix/submodules/rust/compiler/rustc_driver/scan_results/serde_json.json
SUMMARY_DIR: /mnt/data1/nix/vendor/rust/cargo2nix/submodules/rust/compiler/rustc_driver/scan_results
SUMMARY: 4 item types saved to /mnt/data1/nix/vendor/rust/cargo2nix/submodules/rust/compiler/rustc_driver/scan_results/crossbeam-utils_summary.json
SAVED: 26 items to /mnt/data1/nix/vendor/rust/cargo2nix/submodules/rust/compiler/rustc_driver/scan_results/writeable.json
WITNESS_SYMBOL: {"symbol":"simple_scanner_end","from":"main","file":"simple_scanner.rs","line":118}
   Compiling getrandom v0.3.3
     Running `/home/mdupont/nix/vendor/rust/cargo2nix/submodules/rust/compiler/rustc_driver/simple_scanner --crate-name build_script_build --edition=2021 /home/mdupont/.cargo/registry/src/index.crates.io-1949cf8c6b5b557f/getrandom-0.3.3/build.rs --error-format=json --json=diagnostic-rendered-ansi,artifacts,future-incompat --crate-type bin --emit=dep-info,link -C embed-bitcode=no --warn=unexpected_cfgs --check-cfg 'cfg(getrandom_backend, values("custom", "efi_rng", "rdrand", "rndr", "linux_getrandom", "linux_raw", "wasm_js"))' --check-cfg 'cfg(getrandom_msan)' --check-cfg 'cfg(getrandom_windows_legacy)' --check-cfg 'cfg(getrandom_test_linux_fallback)' --check-cfg 'cfg(getrandom_test_linux_without_fallback)' --check-cfg 'cfg(getrandom_test_netbsd_fallback)' --check-cfg 'cfg(target_os, values("cygwin"))' --cfg 'feature="std"' --check-cfg 'cfg(docsrs,test)' --check-cfg 'cfg(feature, values("rustc-dep-of-std", "std", "wasm_js"))' -C metadata=cadf936cd0892229 -C extra-filename=-37c2734acd35b089 --out-dir /mnt/data1/nix/vendor/rust/cargo2nix/submodules/rust/target/debug/build/getrandom-37c2734acd35b089 -L dependency=/mnt/data1/nix/vendor/rust/cargo2nix/submodules/rust/target/debug/deps --cap-lints allow`
WITNESS_SYMBOL: {"symbol":"simple_scanner_start","from":"main","file":"simple_scanner.rs","line":112}
   Compiling parking_lot_core v0.9.11
     Running `/home/mdupont/nix/vendor/rust/cargo2nix/submodules/rust/compiler/rustc_driver/simple_scanner --crate-name build_script_build --edition=2021 /home/mdupont/.cargo/registry/src/index.crates.io-1949cf8c6b5b557f/parking_lot_core-0.9.11/build.rs --error-format=json --json=diagnostic-rendered-ansi,artifacts,future-incompat --crate-type bin --emit=dep-info,link -C embed-bitcode=no --check-cfg 'cfg(docsrs,test)' --check-cfg 'cfg(feature, values("backtrace", "deadlock_detection", "nightly", "petgraph", "thread-id"))' -C metadata=dc68c38da9f6c423 -C extra-filename=-86136019d7412c69 --out-dir /mnt/data1/nix/vendor/rust/cargo2nix/submodules/rust/target/debug/build/parking_lot_core-86136019d7412c69 -L dependency=/mnt/data1/nix/vendor/rust/cargo2nix/submodules/rust/target/debug/deps --cap-lints allow`
SUMMARY_DIR: /mnt/data1/nix/vendor/rust/cargo2nix/submodules/rust/compiler/rustc_driver/scan_results
SUMMARY: 2 item types saved to /mnt/data1/nix/vendor/rust/cargo2nix/submodules/rust/compiler/rustc_driver/scan_results/serde_json_summary.json
SCAN_DIR: /mnt/data1/nix/vendor/rust/cargo2nix/submodules/rust/compiler/rustc_driver/scan_results
SAVED: 9 items to /mnt/data1/nix/vendor/rust/cargo2nix/submodules/rust/compiler/rustc_driver/scan_results/litemap.json
SCAN_DIR: /mnt/data1/nix/vendor/rust/cargo2nix/submodules/rust/compiler/rustc_driver/scan_results
WITNESS_SYMBOL: {"symbol":"simple_scanner_start","from":"main","file":"simple_scanner.rs","line":112}
WITNESS_SYMBOL: {"symbol":"simple_scanner_start","from":"main","file":"simple_scanner.rs","line":112}
SAVED: 62 items to /mnt/data1/nix/vendor/rust/cargo2nix/submodules/rust/compiler/rustc_driver/scan_results/either.json
WITNESS_SYMBOL: {"symbol":"simple_scanner_start","from":"main","file":"simple_scanner.rs","line":112}
SCAN_DIR: /mnt/data1/nix/vendor/rust/cargo2nix/submodules/rust/compiler/rustc_driver/scan_results
SAVED: 3 items to /mnt/data1/nix/vendor/rust/cargo2nix/submodules/rust/compiler/rustc_driver/scan_results/getrandom.json
SUMMARY_DIR: /mnt/data1/nix/vendor/rust/cargo2nix/submodules/rust/compiler/rustc_driver/scan_results
SUMMARY: 10 item types saved to /mnt/data1/nix/vendor/rust/cargo2nix/submodules/rust/compiler/rustc_driver/scan_results/libc_summary.json
SCAN_DIR: /mnt/data1/nix/vendor/rust/cargo2nix/submodules/rust/compiler/rustc_driver/scan_results
