Starting bootstrap build with custom scanner...
RUSTC=/home/mdupont/nix/vendor/rust/cargo2nix/submodules/rust/compiler/rustc_driver/simple_scanner
   Compiling proc-macro2 v1.0.101
   Compiling unicode-ident v1.0.18
   Compiling libc v0.2.174
   Compiling serde v1.0.219
   Compiling memchr v2.7.5
   Compiling cfg-if v1.0.1
   Compiling shlex v1.3.0
   Compiling autocfg v1.5.0
   Compiling equivalent v1.0.2
   Compiling foldhash v0.1.5
   Compiling allocator-api2 v0.2.21
   Compiling smallvec v1.15.1
   Compiling itoa v1.0.15
   Compiling bitflags v2.9.3
   Compiling log v0.4.27
   Compiling stable_deref_trait v1.2.0
   Compiling once_cell v1.21.3
   Compiling regex-syntax v0.8.5
   Compiling crossbeam-utils v0.8.21
   Compiling serde_json v1.0.142
   Compiling ryu v1.0.20
   Compiling writeable v0.6.1
   Compiling litemap v0.8.0
     Running `/home/mdupont/nix/vendor/rust/cargo2nix/submodules/rust/compiler/rustc_driver/simple_scanner --crate-name build_script_build --edition=2021 /home/mdupont/.cargo/registry/src/index.crates.io-1949cf8c6b5b557f/proc-macro2-1.0.101/build.rs --error-format=json --json=diagnostic-rendered-ansi,artifacts,future-incompat --crate-type bin --emit=dep-info,link -C embed-bitcode=no --cfg 'feature="default"' --cfg 'feature="proc-macro"' --cfg 'feature="span-locations"' --check-cfg 'cfg(docsrs,test)' --check-cfg 'cfg(feature, values("default", "nightly", "proc-macro", "span-locations"))' -C metadata=c33ae75a43481938 -C extra-filename=-056b14438eb110b4 --out-dir /mnt/data1/nix/vendor/rust/cargo2nix/submodules/rust/target/debug/build/proc-macro2-056b14438eb110b4 -L dependency=/mnt/data1/nix/vendor/rust/cargo2nix/submodules/rust/target/debug/deps --cap-lints allow`
     Running `/home/mdupont/nix/vendor/rust/cargo2nix/submodules/rust/compiler/rustc_driver/simple_scanner --crate-name build_script_build --edition=2021 /home/mdupont/.cargo/registry/src/index.crates.io-1949cf8c6b5b557f/libc-0.2.174/build.rs --error-format=json --json=diagnostic-rendered-ansi,artifacts,future-incompat --crate-type bin --emit=dep-info,link -C embed-bitcode=no '--allow=clippy::used_underscore_binding' --allow=unused_qualifications '--warn=clippy::unnecessary_semicolon' '--allow=clippy::unnecessary_cast' '--allow=clippy::uninlined_format_args' '--warn=clippy::ptr_as_ptr' '--allow=clippy::non_minimal_cfg' '--allow=clippy::missing_safety_doc' '--warn=clippy::map_unwrap_or' '--warn=clippy::manual_assert' '--allow=clippy::identity_op' '--warn=clippy::explicit_iter_loop' '--allow=clippy::expl_impl_clone_on_copy' --cfg 'feature="default"' --cfg 'feature="extra_traits"' --cfg 'feature="std"' --check-cfg 'cfg(docsrs,test)' --check-cfg 'cfg(feature, values("align", "const-extern-fn", "default", "extra_traits", "rustc-dep-of-std", "rustc-std-workspace-core", "std", "use_std"))' -C metadata=3b5e97835a5baace -C extra-filename=-038f766b98554166 --out-dir /mnt/data1/nix/vendor/rust/cargo2nix/submodules/rust/target/debug/build/libc-038f766b98554166 -L dependency=/mnt/data1/nix/vendor/rust/cargo2nix/submodules/rust/target/debug/deps --cap-lints allow`
     Running `/home/mdupont/nix/vendor/rust/cargo2nix/submodules/rust/compiler/rustc_driver/simple_scanner --crate-name shlex --edition=2015 /home/mdupont/.cargo/registry/src/index.crates.io-1949cf8c6b5b557f/shlex-1.3.0/src/lib.rs --error-format=json --json=diagnostic-rendered-ansi,artifacts,future-incompat --crate-type lib --emit=dep-info,metadata,link -C embed-bitcode=no -C debuginfo=2 --cfg 'feature="default"' --cfg 'feature="std"' --check-cfg 'cfg(docsrs,test)' --check-cfg 'cfg(feature, values("default", "std"))' -C metadata=75558cd463a717f7 -C extra-filename=-b171dbf051338a2d --out-dir /mnt/data1/nix/vendor/rust/cargo2nix/submodules/rust/target/debug/deps -L dependency=/mnt/data1/nix/vendor/rust/cargo2nix/submodules/rust/target/debug/deps --cap-lints allow`
     Running `/home/mdupont/nix/vendor/rust/cargo2nix/submodules/rust/compiler/rustc_driver/simple_scanner --crate-name build_script_build --edition=2021 /home/mdupont/.cargo/registry/src/index.crates.io-1949cf8c6b5b557f/libc-0.2.174/build.rs --error-format=json --json=diagnostic-rendered-ansi,artifacts,future-incompat --crate-type bin --emit=dep-info,link -C embed-bitcode=no '--allow=clippy::used_underscore_binding' --allow=unused_qualifications '--warn=clippy::unnecessary_semicolon' '--allow=clippy::unnecessary_cast' '--allow=clippy::uninlined_format_args' '--warn=clippy::ptr_as_ptr' '--allow=clippy::non_minimal_cfg' '--allow=clippy::missing_safety_doc' '--warn=clippy::map_unwrap_or' '--warn=clippy::manual_assert' '--allow=clippy::identity_op' '--warn=clippy::explicit_iter_loop' '--allow=clippy::expl_impl_clone_on_copy' --cfg 'feature="default"' --cfg 'feature="std"' --check-cfg 'cfg(docsrs,test)' --check-cfg 'cfg(feature, values("align", "const-extern-fn", "default", "extra_traits", "rustc-dep-of-std", "rustc-std-workspace-core", "std", "use_std"))' -C metadata=0f95a2f004e051c2 -C extra-filename=-6817c6dc76352826 --out-dir /mnt/data1/nix/vendor/rust/cargo2nix/submodules/rust/target/debug/build/libc-6817c6dc76352826 -L dependency=/mnt/data1/nix/vendor/rust/cargo2nix/submodules/rust/target/debug/deps --cap-lints allow`
     Running `/home/mdupont/nix/vendor/rust/cargo2nix/submodules/rust/compiler/rustc_driver/simple_scanner --crate-name cfg_if --edition=2018 /home/mdupont/.cargo/registry/src/index.crates.io-1949cf8c6b5b557f/cfg-if-1.0.1/src/lib.rs --error-format=json --json=diagnostic-rendered-ansi,artifacts,future-incompat --crate-type lib --emit=dep-info,metadata,link -C embed-bitcode=no -C debuginfo=2 --check-cfg 'cfg(docsrs,test)' --check-cfg 'cfg(feature, values("core", "rustc-dep-of-std"))' -C metadata=3e7eafe60b4cc551 -C extra-filename=-df7a4e6842e0fd70 --out-dir /mnt/data1/nix/vendor/rust/cargo2nix/submodules/rust/target/debug/deps -L dependency=/mnt/data1/nix/vendor/rust/cargo2nix/submodules/rust/target/debug/deps --cap-lints allow`
     Running `/home/mdupont/nix/vendor/rust/cargo2nix/submodules/rust/compiler/rustc_driver/simple_scanner --crate-name unicode_ident --edition=2018 /home/mdupont/.cargo/registry/src/index.crates.io-1949cf8c6b5b557f/unicode-ident-1.0.18/src/lib.rs --error-format=json --json=diagnostic-rendered-ansi,artifacts,future-incompat --crate-type lib --emit=dep-info,metadata,link -C embed-bitcode=no --check-cfg 'cfg(docsrs,test)' --check-cfg 'cfg(feature, values())' -C metadata=b310d2c430a70d1c -C extra-filename=-2e261faec0ad3f27 --out-dir /mnt/data1/nix/vendor/rust/cargo2nix/submodules/rust/target/debug/deps -L dependency=/mnt/data1/nix/vendor/rust/cargo2nix/submodules/rust/target/debug/deps --cap-lints allow`
     Running `/home/mdupont/nix/vendor/rust/cargo2nix/submodules/rust/compiler/rustc_driver/simple_scanner --crate-name memchr --edition=2021 /home/mdupont/.cargo/registry/src/index.crates.io-1949cf8c6b5b557f/memchr-2.7.5/src/lib.rs --error-format=json --json=diagnostic-rendered-ansi,artifacts,future-incompat --crate-type lib --emit=dep-info,metadata,link -C embed-bitcode=no -C debuginfo=2 --cfg 'feature="alloc"' --cfg 'feature="default"' --cfg 'feature="std"' --check-cfg 'cfg(docsrs,test)' --check-cfg 'cfg(feature, values("alloc", "core", "default", "libc", "logging", "rustc-dep-of-std", "std", "use_std"))' -C metadata=2ce4c4591bec7989 -C extra-filename=-5033123a3ea0e55c --out-dir /mnt/data1/nix/vendor/rust/cargo2nix/submodules/rust/target/debug/deps -L dependency=/mnt/data1/nix/vendor/rust/cargo2nix/submodules/rust/target/debug/deps --cap-lints allow`
     Running `/home/mdupont/nix/vendor/rust/cargo2nix/submodules/rust/compiler/rustc_driver/simple_scanner --crate-name autocfg --edition=2015 /home/mdupont/.cargo/registry/src/index.crates.io-1949cf8c6b5b557f/autocfg-1.5.0/src/lib.rs --error-format=json --json=diagnostic-rendered-ansi,artifacts,future-incompat --crate-type lib --emit=dep-info,metadata,link -C embed-bitcode=no --check-cfg 'cfg(docsrs,test)' --check-cfg 'cfg(feature, values())' -C metadata=b510e8f2dcda9b9d -C extra-filename=-f3f9c5e0d166ba48 --out-dir /mnt/data1/nix/vendor/rust/cargo2nix/submodules/rust/target/debug/deps -L dependency=/mnt/data1/nix/vendor/rust/cargo2nix/submodules/rust/target/debug/deps --cap-lints allow`
     Running `/home/mdupont/nix/vendor/rust/cargo2nix/submodules/rust/compiler/rustc_driver/simple_scanner --crate-name build_script_build --edition=2018 /home/mdupont/.cargo/registry/src/index.crates.io-1949cf8c6b5b557f/serde-1.0.219/build.rs --error-format=json --json=diagnostic-rendered-ansi,artifacts,future-incompat --crate-type bin --emit=dep-info,link -C embed-bitcode=no --cfg 'feature="alloc"' --cfg 'feature="default"' --cfg 'feature="derive"' --cfg 'feature="rc"' --cfg 'feature="serde_derive"' --cfg 'feature="std"' --check-cfg 'cfg(docsrs,test)' --check-cfg 'cfg(feature, values("alloc", "default", "derive", "rc", "serde_derive", "std", "unstable"))' -C metadata=b44a0c7e9ec1fd38 -C extra-filename=-753051b0bb7f6308 --out-dir /mnt/data1/nix/vendor/rust/cargo2nix/submodules/rust/target/debug/build/serde-753051b0bb7f6308 -L dependency=/mnt/data1/nix/vendor/rust/cargo2nix/submodules/rust/target/debug/deps --cap-lints allow`
     Running `/home/mdupont/nix/vendor/rust/cargo2nix/submodules/rust/compiler/rustc_driver/simple_scanner --crate-name equivalent --edition=2015 /home/mdupont/.cargo/registry/src/index.crates.io-1949cf8c6b5b557f/equivalent-1.0.2/src/lib.rs --error-format=json --json=diagnostic-rendered-ansi,artifacts,future-incompat --crate-type lib --emit=dep-info,metadata,link -C embed-bitcode=no -C debuginfo=2 --check-cfg 'cfg(docsrs,test)' --check-cfg 'cfg(feature, values())' -C metadata=f4bebd397e793983 -C extra-filename=-06089d38f5d0edf4 --out-dir /mnt/data1/nix/vendor/rust/cargo2nix/submodules/rust/target/debug/deps -L dependency=/mnt/data1/nix/vendor/rust/cargo2nix/submodules/rust/target/debug/deps --cap-lints allow`
     Running `/home/mdupont/nix/vendor/rust/cargo2nix/submodules/rust/compiler/rustc_driver/simple_scanner --crate-name allocator_api2 --edition=2018 /home/mdupont/.cargo/registry/src/index.crates.io-1949cf8c6b5b557f/allocator-api2-0.2.21/src/lib.rs --error-format=json --json=diagnostic-rendered-ansi,artifacts,future-incompat --crate-type lib --emit=dep-info,metadata,link -C embed-bitcode=no -C debuginfo=2 --warn=unexpected_cfgs --check-cfg 'cfg(no_global_oom_handling)' --cfg 'feature="alloc"' --check-cfg 'cfg(docsrs,test)' --check-cfg 'cfg(feature, values("alloc", "default", "fresh-rust", "nightly", "serde", "std"))' -C metadata=b974f036b49f3428 -C extra-filename=-9febd41f209a1c2c --out-dir /mnt/data1/nix/vendor/rust/cargo2nix/submodules/rust/target/debug/deps -L dependency=/mnt/data1/nix/vendor/rust/cargo2nix/submodules/rust/target/debug/deps --cap-lints allow`
     Running `/home/mdupont/nix/vendor/rust/cargo2nix/submodules/rust/compiler/rustc_driver/simple_scanner --crate-name foldhash --edition=2021 /home/mdupont/.cargo/registry/src/index.crates.io-1949cf8c6b5b557f/foldhash-0.1.5/src/lib.rs --error-format=json --json=diagnostic-rendered-ansi,artifacts,future-incompat --crate-type lib --emit=dep-info,metadata,link -C embed-bitcode=no -C debuginfo=2 --cfg 'feature="std"' --check-cfg 'cfg(docsrs,test)' --check-cfg 'cfg(feature, values("default", "std"))' -C metadata=150566f77278afbe -C extra-filename=-3e9a5b6f24adee39 --out-dir /mnt/data1/nix/vendor/rust/cargo2nix/submodules/rust/target/debug/deps -L dependency=/mnt/data1/nix/vendor/rust/cargo2nix/submodules/rust/target/debug/deps --cap-lints allow`
     Running `/home/mdupont/nix/vendor/rust/cargo2nix/submodules/rust/compiler/rustc_driver/simple_scanner --crate-name smallvec --edition=2018 /home/mdupont/.cargo/registry/src/index.crates.io-1949cf8c6b5b557f/smallvec-1.15.1/src/lib.rs --error-format=json --json=diagnostic-rendered-ansi,artifacts,future-incompat --crate-type lib --emit=dep-info,metadata,link -C embed-bitcode=no -C debuginfo=2 --cfg 'feature="const_generics"' --cfg 'feature="drain_filter"' --cfg 'feature="may_dangle"' --cfg 'feature="union"' --check-cfg 'cfg(docsrs,test)' --check-cfg 'cfg(feature, values("arbitrary", "bincode", "const_generics", "const_new", "debugger_visualizer", "drain_filter", "drain_keep_rest", "impl_bincode", "malloc_size_of", "may_dangle", "serde", "specialization", "union", "unty", "write"))' -C metadata=47318fc973987844 -C extra-filename=-1c0a90b9ad62cec3 --out-dir /mnt/data1/nix/vendor/rust/cargo2nix/submodules/rust/target/debug/deps -L dependency=/mnt/data1/nix/vendor/rust/cargo2nix/submodules/rust/target/debug/deps --cap-lints allow`
     Running `/home/mdupont/nix/vendor/rust/cargo2nix/submodules/rust/compiler/rustc_driver/simple_scanner --crate-name log --edition=2021 /home/mdupont/.cargo/registry/src/index.crates.io-1949cf8c6b5b557f/log-0.4.27/src/lib.rs --error-format=json --json=diagnostic-rendered-ansi,artifacts,future-incompat --crate-type lib --emit=dep-info,metadata,link -C embed-bitcode=no -C debuginfo=2 --cfg 'feature="std"' --check-cfg 'cfg(docsrs,test)' --check-cfg 'cfg(feature, values("kv", "kv_serde", "kv_std", "kv_sval", "kv_unstable", "kv_unstable_serde", "kv_unstable_std", "kv_unstable_sval", "max_level_debug", "max_level_error", "max_level_info", "max_level_off", "max_level_trace", "max_level_warn", "release_max_level_debug", "release_max_level_error", "release_max_level_info", "release_max_level_off", "release_max_level_trace", "release_max_level_warn", "serde", "std", "sval", "sval_ref", "value-bag"))' -C metadata=834951c63a9bedf5 -C extra-filename=-5355ad6a9c3f822f --out-dir /mnt/data1/nix/vendor/rust/cargo2nix/submodules/rust/target/debug/deps -L dependency=/mnt/data1/nix/vendor/rust/cargo2nix/submodules/rust/target/debug/deps --cap-lints allow`
     Running `/home/mdupont/nix/vendor/rust/cargo2nix/submodules/rust/compiler/rustc_driver/simple_scanner --crate-name itoa --edition=2018 /home/mdupont/.cargo/registry/src/index.crates.io-1949cf8c6b5b557f/itoa-1.0.15/src/lib.rs --error-format=json --json=diagnostic-rendered-ansi,artifacts,future-incompat --crate-type lib --emit=dep-info,metadata,link -C embed-bitcode=no -C debuginfo=2 --check-cfg 'cfg(docsrs,test)' --check-cfg 'cfg(feature, values("no-panic"))' -C metadata=30b2219a3f58a691 -C extra-filename=-a4bf2738945fa09d --out-dir /mnt/data1/nix/vendor/rust/cargo2nix/submodules/rust/target/debug/deps -L dependency=/mnt/data1/nix/vendor/rust/cargo2nix/submodules/rust/target/debug/deps --cap-lints allow`
     Running `/home/mdupont/nix/vendor/rust/cargo2nix/submodules/rust/compiler/rustc_driver/simple_scanner --crate-name bitflags --edition=2021 /home/mdupont/.cargo/registry/src/index.crates.io-1949cf8c6b5b557f/bitflags-2.9.3/src/lib.rs --error-format=json --json=diagnostic-rendered-ansi,artifacts,future-incompat --crate-type lib --emit=dep-info,metadata,link -C embed-bitcode=no -C debuginfo=2 --cfg 'feature="std"' --check-cfg 'cfg(docsrs,test)' --check-cfg 'cfg(feature, values("arbitrary", "bytemuck", "example_generated", "serde", "std"))' -C metadata=bfcfe2090ddef4bb -C extra-filename=-129819dfbc300194 --out-dir /mnt/data1/nix/vendor/rust/cargo2nix/submodules/rust/target/debug/deps -L dependency=/mnt/data1/nix/vendor/rust/cargo2nix/submodules/rust/target/debug/deps --cap-lints allow`
     Running `/home/mdupont/nix/vendor/rust/cargo2nix/submodules/rust/compiler/rustc_driver/simple_scanner --crate-name stable_deref_trait --edition=2015 /home/mdupont/.cargo/registry/src/index.crates.io-1949cf8c6b5b557f/stable_deref_trait-1.2.0/src/lib.rs --error-format=json --json=diagnostic-rendered-ansi,artifacts,future-incompat --crate-type lib --emit=dep-info,metadata,link -C embed-bitcode=no -C debuginfo=2 --cfg 'feature="alloc"' --cfg 'feature="default"' --cfg 'feature="std"' --check-cfg 'cfg(docsrs,test)' --check-cfg 'cfg(feature, values("alloc", "default", "std"))' -C metadata=8fd3a4703eb13599 -C extra-filename=-2c70b30158023693 --out-dir /mnt/data1/nix/vendor/rust/cargo2nix/submodules/rust/target/debug/deps -L dependency=/mnt/data1/nix/vendor/rust/cargo2nix/submodules/rust/target/debug/deps --cap-lints allow`
     Running `/home/mdupont/nix/vendor/rust/cargo2nix/submodules/rust/compiler/rustc_driver/simple_scanner --crate-name once_cell --edition=2021 /home/mdupont/.cargo/registry/src/index.crates.io-1949cf8c6b5b557f/once_cell-1.21.3/src/lib.rs --error-format=json --json=diagnostic-rendered-ansi,artifacts,future-incompat --crate-type lib --emit=dep-info,metadata,link -C embed-bitcode=no -C debuginfo=2 --cfg 'feature="alloc"' --cfg 'feature="default"' --cfg 'feature="race"' --cfg 'feature="std"' --check-cfg 'cfg(docsrs,test)' --check-cfg 'cfg(feature, values("alloc", "atomic-polyfill", "critical-section", "default", "parking_lot", "portable-atomic", "race", "std", "unstable"))' -C metadata=f0c73843241ac158 -C extra-filename=-e0ff1a360d95752c --out-dir /mnt/data1/nix/vendor/rust/cargo2nix/submodules/rust/target/debug/deps -L dependency=/mnt/data1/nix/vendor/rust/cargo2nix/submodules/rust/target/debug/deps --cap-lints allow`
     Running `/home/mdupont/nix/vendor/rust/cargo2nix/submodules/rust/compiler/rustc_driver/simple_scanner --crate-name regex_syntax --edition=2021 /home/mdupont/.cargo/registry/src/index.crates.io-1949cf8c6b5b557f/regex-syntax-0.8.5/src/lib.rs --error-format=json --json=diagnostic-rendered-ansi,artifacts,future-incompat --crate-type lib --emit=dep-info,metadata,link -C embed-bitcode=no -C debuginfo=2 --cfg 'feature="default"' --cfg 'feature="std"' --cfg 'feature="unicode"' --cfg 'feature="unicode-age"' --cfg 'feature="unicode-bool"' --cfg 'feature="unicode-case"' --cfg 'feature="unicode-gencat"' --cfg 'feature="unicode-perl"' --cfg 'feature="unicode-script"' --cfg 'feature="unicode-segment"' --check-cfg 'cfg(docsrs,test)' --check-cfg 'cfg(feature, values("arbitrary", "default", "std", "unicode", "unicode-age", "unicode-bool", "unicode-case", "unicode-gencat", "unicode-perl", "unicode-script", "unicode-segment"))' -C metadata=978fcc3475481ac0 -C extra-filename=-f70267668a8e084b --out-dir /mnt/data1/nix/vendor/rust/cargo2nix/submodules/rust/target/debug/deps -L dependency=/mnt/data1/nix/vendor/rust/cargo2nix/submodules/rust/target/debug/deps --cap-lints allow`
     Running `/home/mdupont/nix/vendor/rust/cargo2nix/submodules/rust/compiler/rustc_driver/simple_scanner --crate-name build_script_build --edition=2021 /home/mdupont/.cargo/registry/src/index.crates.io-1949cf8c6b5b557f/crossbeam-utils-0.8.21/build.rs --error-format=json --json=diagnostic-rendered-ansi,artifacts,future-incompat --crate-type bin --emit=dep-info,link -C embed-bitcode=no --warn=unexpected_cfgs '--allow=clippy::lint_groups_priority' '--allow=clippy::declare_interior_mutable_const' --check-cfg 'cfg(crossbeam_loom)' --check-cfg 'cfg(crossbeam_sanitize)' --cfg 'feature="default"' --cfg 'feature="std"' --check-cfg 'cfg(docsrs,test)' --check-cfg 'cfg(feature, values("default", "loom", "nightly", "std"))' -C metadata=6e6afb068b1ccfcc -C extra-filename=-21da9eb3521ff138 --out-dir /mnt/data1/nix/vendor/rust/cargo2nix/submodules/rust/target/debug/build/crossbeam-utils-21da9eb3521ff138 -L dependency=/mnt/data1/nix/vendor/rust/cargo2nix/submodules/rust/target/debug/deps --cap-lints allow`
     Running `/home/mdupont/nix/vendor/rust/cargo2nix/submodules/rust/compiler/rustc_driver/simple_scanner --crate-name build_script_build --edition=2021 /home/mdupont/.cargo/registry/src/index.crates.io-1949cf8c6b5b557f/serde_json-1.0.142/build.rs --error-format=json --json=diagnostic-rendered-ansi,artifacts,future-incompat --crate-type bin --emit=dep-info,link -C embed-bitcode=no --cfg 'feature="alloc"' --cfg 'feature="default"' --cfg 'feature="std"' --cfg 'feature="unbounded_depth"' --check-cfg 'cfg(docsrs,test)' --check-cfg 'cfg(feature, values("alloc", "arbitrary_precision", "default", "float_roundtrip", "indexmap", "preserve_order", "raw_value", "std", "unbounded_depth"))' -C metadata=1b657678f9396892 -C extra-filename=-d647db772dcc8b8a --out-dir /mnt/data1/nix/vendor/rust/cargo2nix/submodules/rust/target/debug/build/serde_json-d647db772dcc8b8a -L dependency=/mnt/data1/nix/vendor/rust/cargo2nix/submodules/rust/target/debug/deps --cap-lints allow`
WITNESS_SYMBOL: {"symbol":"simple_scanner_start","from":"main","file":"simple_scanner.rs","line":102}
WITNESS_SYMBOL: {"symbol":"simple_scanner_start","from":"main","file":"simple_scanner.rs","line":102}
WITNESS_SYMBOL: {"symbol":"simple_scanner_start","from":"main","file":"simple_scanner.rs","line":102}
WITNESS_SYMBOL: {"symbol":"simple_scanner_start","from":"main","file":"simple_scanner.rs","line":102}
     Running `/home/mdupont/nix/vendor/rust/cargo2nix/submodules/rust/compiler/rustc_driver/simple_scanner --crate-name ryu --edition=2018 /home/mdupont/.cargo/registry/src/index.crates.io-1949cf8c6b5b557f/ryu-1.0.20/src/lib.rs --error-format=json --json=diagnostic-rendered-ansi,artifacts,future-incompat --crate-type lib --emit=dep-info,metadata,link -C embed-bitcode=no -C debuginfo=2 --check-cfg 'cfg(docsrs,test)' --check-cfg 'cfg(feature, values("no-panic", "small"))' -C metadata=b3b3ea9d91d9cd27 -C extra-filename=-38acc9aafd79f65d --out-dir /mnt/data1/nix/vendor/rust/cargo2nix/submodules/rust/target/debug/deps -L dependency=/mnt/data1/nix/vendor/rust/cargo2nix/submodules/rust/target/debug/deps --cap-lints allow`
WITNESS_SYMBOL: {"symbol":"simple_scanner_start","from":"main","file":"simple_scanner.rs","line":102}
     Running `/home/mdupont/nix/vendor/rust/cargo2nix/submodules/rust/compiler/rustc_driver/simple_scanner --crate-name litemap --edition=2021 /home/mdupont/.cargo/registry/src/index.crates.io-1949cf8c6b5b557f/litemap-0.8.0/src/lib.rs --error-format=json --json=diagnostic-rendered-ansi,artifacts,future-incompat --crate-type lib --emit=dep-info,metadata,link -C embed-bitcode=no -C debuginfo=2 --cfg 'feature="alloc"' --check-cfg 'cfg(docsrs,test)' --check-cfg 'cfg(feature, values("alloc", "databake", "default", "serde", "testing", "yoke"))' -C metadata=8f20b5c6cad21ea8 -C extra-filename=-9a56f923a2ef9c92 --out-dir /mnt/data1/nix/vendor/rust/cargo2nix/submodules/rust/target/debug/deps -L dependency=/mnt/data1/nix/vendor/rust/cargo2nix/submodules/rust/target/debug/deps --cap-lints allow`
WITNESS_SYMBOL: {"symbol":"simple_scanner_start","from":"main","file":"simple_scanner.rs","line":102}
WITNESS_SYMBOL: {"symbol":"simple_scanner_start","from":"main","file":"simple_scanner.rs","line":102}
WITNESS_SYMBOL: {"symbol":"simple_scanner_start","from":"main","file":"simple_scanner.rs","line":102}
WITNESS_SYMBOL: {"symbol":"simple_scanner_start","from":"main","file":"simple_scanner.rs","line":102}
WITNESS_SYMBOL: {"symbol":"simple_scanner_start","from":"main","file":"simple_scanner.rs","line":102}
WITNESS_SYMBOL: {"symbol":"simple_scanner_start","from":"main","file":"simple_scanner.rs","line":102}
WITNESS_SYMBOL: {"symbol":"simple_scanner_start","from":"main","file":"simple_scanner.rs","line":102}
     Running `/home/mdupont/nix/vendor/rust/cargo2nix/submodules/rust/compiler/rustc_driver/simple_scanner --crate-name writeable --edition=2021 /home/mdupont/.cargo/registry/src/index.crates.io-1949cf8c6b5b557f/writeable-0.6.1/src/lib.rs --error-format=json --json=diagnostic-rendered-ansi,artifacts,future-incompat --crate-type lib --emit=dep-info,metadata,link -C embed-bitcode=no -C debuginfo=2 --check-cfg 'cfg(docsrs,test)' --check-cfg 'cfg(feature, values("either"))' -C metadata=0424aa55789b6ed2 -C extra-filename=-625b5ced0d39d6ca --out-dir /mnt/data1/nix/vendor/rust/cargo2nix/submodules/rust/target/debug/deps -L dependency=/mnt/data1/nix/vendor/rust/cargo2nix/submodules/rust/target/debug/deps --cap-lints allow`
WITNESS_SYMBOL: {"symbol":"simple_scanner_start","from":"main","file":"simple_scanner.rs","line":102}
SAVED: 10 items to scan_results/libc.json
SAVED: 5 items to scan_results/allocator-api2.json
SAVED: 31 items to scan_results/shlex.json
SAVED: 14 items to scan_results/proc-macro2.json
WITNESS_SYMBOL: {"symbol":"simple_scanner_start","from":"main","file":"simple_scanner.rs","line":102}
SAVED: 2 items to scan_results/cfg-if.json
SAVED: 5 items to scan_results/serde.json
SAVED: 12 items to scan_results/memchr.json
SAVED: 6 items to scan_results/equivalent.json
SAVED: 4 items to scan_results/unicode-ident.json
WITNESS_SYMBOL: {"symbol":"simple_scanner_start","from":"main","file":"simple_scanner.rs","line":102}
SAVED: 28 items to scan_results/autocfg.json
SAVED: 20 items to scan_results/foldhash.json
WITNESS_SYMBOL: {"symbol":"simple_scanner_start","from":"main","file":"simple_scanner.rs","line":102}
SUMMARY: 2 item types saved to scan_results/cfg-if_summary.json
WITNESS_SYMBOL: {"symbol":"simple_scanner_start","from":"main","file":"simple_scanner.rs","line":102}
WITNESS_SYMBOL: {"symbol":"simple_scanner_start","from":"main","file":"simple_scanner.rs","line":102}
SAVED: 10 items to scan_results/libc.json
WITNESS_SYMBOL: {"symbol":"simple_scanner_start","from":"main","file":"simple_scanner.rs","line":102}
SAVED: 22 items to scan_results/regex-syntax.json
WITNESS_SYMBOL: {"symbol":"simple_scanner_start","from":"main","file":"simple_scanner.rs","line":102}
WITNESS_SYMBOL: {"symbol":"simple_scanner_start","from":"main","file":"simple_scanner.rs","line":102}
WITNESS_SYMBOL: {"symbol":"simple_scanner_start","from":"main","file":"simple_scanner.rs","line":102}
SUMMARY: 6 item types saved to scan_results/equivalent_summary.json
SAVED: 32 items to scan_results/itoa.json
SAVED: 74 items to scan_results/log.json
WITNESS_SYMBOL: {"symbol":"simple_scanner_end","from":"main","file":"simple_scanner.rs","line":108}
WITNESS_SYMBOL: {"symbol":"simple_scanner_start","from":"main","file":"simple_scanner.rs","line":102}
WITNESS_SYMBOL: {"symbol":"simple_scanner_start","from":"main","file":"simple_scanner.rs","line":102}
SAVED: 12 items to scan_results/ryu.json
SAVED: 4 items to scan_results/crossbeam-utils.json
SAVED: 18 items to scan_results/bitflags.json
SUMMARY: 5 item types saved to scan_results/serde_summary.json
SAVED: 2 items to scan_results/serde_json.json
   Compiling either v1.15.0
     Running `/home/mdupont/nix/vendor/rust/cargo2nix/submodules/rust/compiler/rustc_driver/simple_scanner --crate-name either --edition=2021 /home/mdupont/.cargo/registry/src/index.crates.io-1949cf8c6b5b557f/either-1.15.0/src/lib.rs --error-format=json --json=diagnostic-rendered-ansi,artifacts,future-incompat --crate-type lib --emit=dep-info,metadata,link -C embed-bitcode=no -C debuginfo=2 --cfg 'feature="default"' --cfg 'feature="std"' --cfg 'feature="use_std"' --check-cfg 'cfg(docsrs,test)' --check-cfg 'cfg(feature, values("default", "serde", "std", "use_std"))' -C metadata=c19b9c4dec21a614 -C extra-filename=-98fb436d0ca8c218 --out-dir /mnt/data1/nix/vendor/rust/cargo2nix/submodules/rust/target/debug/deps -L dependency=/mnt/data1/nix/vendor/rust/cargo2nix/submodules/rust/target/debug/deps --cap-lints allow`
WITNESS_SYMBOL: {"symbol":"simple_scanner_end","from":"main","file":"simple_scanner.rs","line":108}
SAVED: 32 items to scan_results/stable_deref_trait.json
SAVED: 9 items to scan_results/litemap.json
SAVED: 26 items to scan_results/writeable.json
SAVED: 125 items to scan_results/smallvec.json
SUMMARY: 2 item types saved to scan_results/serde_json_summary.json
SUMMARY: 4 item types saved to scan_results/unicode-ident_summary.json
SAVED: 7 items to scan_results/once_cell.json
     Running `/home/mdupont/nix/vendor/rust/cargo2nix/submodules/rust/compiler/rustc_driver/simple_scanner --crate-name stable_deref_trait --edition=2015 /home/mdupont/.cargo/registry/src/index.crates.io-1949cf8c6b5b557f/stable_deref_trait-1.2.0/src/lib.rs --error-format=json --json=diagnostic-rendered-ansi,artifacts,future-incompat --crate-type lib --emit=dep-info,metadata,link -C embed-bitcode=no --cfg 'feature="alloc"' --check-cfg 'cfg(docsrs,test)' --check-cfg 'cfg(feature, values("alloc", "default", "std"))' -C metadata=403d1761f946500e -C extra-filename=-f0b1963e920ce6b7 --out-dir /mnt/data1/nix/vendor/rust/cargo2nix/submodules/rust/target/debug/deps -L dependency=/mnt/data1/nix/vendor/rust/cargo2nix/submodules/rust/target/debug/deps --cap-lints allow`
SUMMARY: 4 item types saved to scan_results/crossbeam-utils_summary.json
SUMMARY: 32 item types saved to scan_results/stable_deref_trait_summary.json
WITNESS_SYMBOL: {"symbol":"simple_scanner_end","from":"main","file":"simple_scanner.rs","line":108}
SUMMARY: 14 item types saved to scan_results/proc-macro2_summary.json
SUMMARY: 10 item types saved to scan_results/libc_summary.json
SUMMARY: 10 item types saved to scan_results/libc_summary.json
WITNESS_SYMBOL: {"symbol":"simple_scanner_end","from":"main","file":"simple_scanner.rs","line":108}
   Compiling parking_lot_core v0.9.11
     Running `/home/mdupont/nix/vendor/rust/cargo2nix/submodules/rust/compiler/rustc_driver/simple_scanner --crate-name build_script_build --edition=2021 /home/mdupont/.cargo/registry/src/index.crates.io-1949cf8c6b5b557f/parking_lot_core-0.9.11/build.rs --error-format=json --json=diagnostic-rendered-ansi,artifacts,future-incompat --crate-type bin --emit=dep-info,link -C embed-bitcode=no --check-cfg 'cfg(docsrs,test)' --check-cfg 'cfg(feature, values("backtrace", "deadlock_detection", "nightly", "petgraph", "thread-id"))' -C metadata=4e33d7feacd3f128 -C extra-filename=-f4375273e64acf42 --out-dir /mnt/data1/nix/vendor/rust/cargo2nix/submodules/rust/target/debug/build/parking_lot_core-f4375273e64acf42 -L dependency=/mnt/data1/nix/vendor/rust/cargo2nix/submodules/rust/target/debug/deps --cap-lints allow`
WITNESS_SYMBOL: {"symbol":"simple_scanner_start","from":"main","file":"simple_scanner.rs","line":102}
   Compiling getrandom v0.3.3
     Running `/home/mdupont/nix/vendor/rust/cargo2nix/submodules/rust/compiler/rustc_driver/simple_scanner --crate-name build_script_build --edition=2021 /home/mdupont/.cargo/registry/src/index.crates.io-1949cf8c6b5b557f/getrandom-0.3.3/build.rs --error-format=json --json=diagnostic-rendered-ansi,artifacts,future-incompat --crate-type bin --emit=dep-info,link -C embed-bitcode=no --warn=unexpected_cfgs --check-cfg 'cfg(getrandom_backend, values("custom", "efi_rng", "rdrand", "rndr", "linux_getrandom", "linux_raw", "wasm_js"))' --check-cfg 'cfg(getrandom_msan)' --check-cfg 'cfg(getrandom_windows_legacy)' --check-cfg 'cfg(getrandom_test_linux_fallback)' --check-cfg 'cfg(getrandom_test_linux_without_fallback)' --check-cfg 'cfg(getrandom_test_netbsd_fallback)' --check-cfg 'cfg(target_os, values("cygwin"))' --cfg 'feature="std"' --check-cfg 'cfg(docsrs,test)' --check-cfg 'cfg(feature, values("rustc-dep-of-std", "std", "wasm_js"))' -C metadata=425078a56d7b2888 -C extra-filename=-77c06051b4ea3829 --out-dir /mnt/data1/nix/vendor/rust/cargo2nix/submodules/rust/target/debug/build/getrandom-77c06051b4ea3829 -L dependency=/mnt/data1/nix/vendor/rust/cargo2nix/submodules/rust/target/debug/deps --cap-lints allow`
WITNESS_SYMBOL: {"symbol":"simple_scanner_start","from":"main","file":"simple_scanner.rs","line":102}
SUMMARY: 32 item types saved to scan_results/itoa_summary.json
SAVED: 32 items to scan_results/stable_deref_trait.json
SUMMARY: 20 item types saved to scan_results/foldhash_summary.json
SUMMARY: 31 item types saved to scan_results/shlex_summary.json
SUMMARY: 32 item types saved to scan_results/stable_deref_trait_summary.json
WITNESS_SYMBOL: {"symbol":"simple_scanner_start","from":"main","file":"simple_scanner.rs","line":102}
WITNESS_SYMBOL: {"symbol":"simple_scanner_start","from":"main","file":"simple_scanner.rs","line":102}
WITNESS_SYMBOL: {"symbol":"simple_scanner_end","from":"main","file":"simple_scanner.rs","line":108}
SAVED: 62 items to scan_results/either.json
WITNESS_SYMBOL: {"symbol":"simple_scanner_end","from":"main","file":"simple_scanner.rs","line":108}
   Compiling scopeguard v1.2.0
     Running `/home/mdupont/nix/vendor/rust/cargo2nix/submodules/rust/compiler/rustc_driver/simple_scanner --crate-name scopeguard --edition=2015 /home/mdupont/.cargo/registry/src/index.crates.io-1949cf8c6b5b557f/scopeguard-1.2.0/src/lib.rs --error-format=json --json=diagnostic-rendered-ansi,artifacts,future-incompat --crate-type lib --emit=dep-info,metadata,link -C embed-bitcode=no -C debuginfo=2 --check-cfg 'cfg(docsrs,test)' --check-cfg 'cfg(feature, values("default", "use_std"))' -C metadata=77abccbcd84105f4 -C extra-filename=-9b9df99bae6561dd --out-dir /mnt/data1/nix/vendor/rust/cargo2nix/submodules/rust/target/debug/deps -L dependency=/mnt/data1/nix/vendor/rust/cargo2nix/submodules/rust/target/debug/deps --cap-lints allow`
SAVED: 1 items to scan_results/parking_lot_core.json
SAVED: 3 items to scan_results/getrandom.json
   Compiling pin-project-lite v0.2.16
SUMMARY: 12 item types saved to scan_results/ryu_summary.json
     Running `/home/mdupont/nix/vendor/rust/cargo2nix/submodules/rust/compiler/rustc_driver/simple_scanner --crate-name pin_project_lite --edition=2018 /home/mdupont/.cargo/registry/src/index.crates.io-1949cf8c6b5b557f/pin-project-lite-0.2.16/src/lib.rs --error-format=json --json=diagnostic-rendered-ansi,artifacts,future-incompat --crate-type lib --emit=dep-info,metadata,link -C embed-bitcode=no -C debuginfo=2 --warn=unreachable_pub --warn=unexpected_cfgs '--warn=clippy::undocumented_unsafe_blocks' '--warn=clippy::transmute_undefined_repr' '--warn=clippy::trailing_empty_array' --warn=single_use_lifetimes --warn=rust_2018_idioms '--warn=clippy::pedantic' --warn=non_ascii_idents '--warn=clippy::inline_asm_x86_att_syntax' --warn=improper_ctypes_definitions --warn=improper_ctypes --warn=deprecated_safe '--warn=clippy::default_union_representation' '--warn=clippy::as_underscore' '--warn=clippy::as_ptr_cast_mut' '--warn=clippy::all' '--allow=clippy::unreadable_literal' '--allow=clippy::type_complexity' '--allow=clippy::too_many_lines' '--allow=clippy::too_many_arguments' '--allow=clippy::struct_field_names' '--allow=clippy::struct_excessive_bools' '--allow=clippy::single_match_else' '--allow=clippy::single_match' '--allow=clippy::similar_names' '--allow=clippy::range_plus_one' '--allow=clippy::nonminimal_bool' '--allow=clippy::naive_bytecount' '--allow=clippy::module_name_repetitions' '--allow=clippy::missing_errors_doc' '--allow=clippy::manual_range_contains' '--allow=clippy::manual_assert' '--allow=clippy::lint_groups_priority' '--allow=clippy::incompatible_msrv' '--allow=clippy::float_cmp' '--allow=clippy::doc_markdown' '--allow=clippy::declare_interior_mutable_const' '--allow=clippy::cast_lossless' '--allow=clippy::borrow_as_ptr' '--allow=clippy::bool_assert_comparison' --check-cfg 'cfg(docsrs,test)' --check-cfg 'cfg(feature, values())' -C metadata=7390d8431f190005 -C extra-filename=-984b11505bf42c30 --out-dir /mnt/data1/nix/vendor/rust/cargo2nix/submodules/rust/target/debug/deps -L dependency=/mnt/data1/nix/vendor/rust/cargo2nix/submodules/rust/target/debug/deps --cap-lints allow`
SUMMARY: 1 item types saved to scan_results/parking_lot_core_summary.json
SUMMARY: 18 item types saved to scan_results/bitflags_summary.json
SUMMARY: 3 item types saved to scan_results/getrandom_summary.json
WITNESS_SYMBOL: {"symbol":"simple_scanner_start","from":"main","file":"simple_scanner.rs","line":102}
SUMMARY: 74 item types saved to scan_results/log_summary.json
WITNESS_SYMBOL: {"symbol":"simple_scanner_start","from":"main","file":"simple_scanner.rs","line":102}
SUMMARY: 28 item types saved to scan_results/autocfg_summary.json
SAVED: 27 items to scan_results/scopeguard.json
WITNESS_SYMBOL: {"symbol":"simple_scanner_end","from":"main","file":"simple_scanner.rs","line":108}
   Compiling rustix v1.0.8
     Running `/home/mdupont/nix/vendor/rust/cargo2nix/submodules/rust/compiler/rustc_driver/simple_scanner --crate-name build_script_build --edition=2021 /home/mdupont/.cargo/registry/src/index.crates.io-1949cf8c6b5b557f/rustix-1.0.8/build.rs --error-format=json --json=diagnostic-rendered-ansi,artifacts,future-incompat --crate-type bin --emit=dep-info,link -C embed-bitcode=no --warn=unexpected_cfgs --check-cfg 'cfg(alloc_c_string)' --check-cfg 'cfg(alloc_ffi)' --check-cfg 'cfg(apple)' --check-cfg 'cfg(asm_experimental_arch)' --check-cfg 'cfg(bsd)' --check-cfg 'cfg(core_c_str)' --check-cfg 'cfg(core_ffi_c)' --check-cfg 'cfg(core_intrinsics)' --check-cfg 'cfg(criterion)' --check-cfg 'cfg(document_experimental_runtime_api)' --check-cfg 'cfg(error_in_core)' --check-cfg 'cfg(fix_y2038)' --check-cfg 'cfg(freebsdlike)' --check-cfg 'cfg(libc)' --check-cfg 'cfg(linux_kernel)' --check-cfg 'cfg(linux_like)' --check-cfg 'cfg(linux_raw)' --check-cfg 'cfg(netbsdlike)' --check-cfg 'cfg(rustc_attrs)' --check-cfg 'cfg(solarish)' --check-cfg 'cfg(staged_api)' --check-cfg 'cfg(static_assertions)' --check-cfg 'cfg(thumb_mode)' --check-cfg 'cfg(wasi)' --check-cfg 'cfg(wasi_ext)' --check-cfg 'cfg(wasip2)' --check-cfg 'cfg(target_arch, values("xtensa"))' --check-cfg 'cfg(target_os, values("cygwin"))' --cfg 'feature="alloc"' --cfg 'feature="default"' --cfg 'feature="fs"' --cfg 'feature="std"' --check-cfg 'cfg(docsrs,test)' --check-cfg 'cfg(feature, values("all-apis", "alloc", "core", "default", "event", "fs", "io_uring", "libc", "libc_errno", "linux_4_11", "linux_5_1", "linux_5_11", "linux_latest", "mm", "mount", "net", "param", "pipe", "process", "pty", "rand", "runtime", "rustc-dep-of-std", "rustc-std-workspace-alloc", "shm", "std", "stdio", "system", "termios", "thread", "time", "try_close", "use-explicitly-provided-auxv", "use-libc", "use-libc-auxv"))' -C metadata=49daad35c43a39d3 -C extra-filename=-ad04c6b5eeac424e --out-dir /mnt/data1/nix/vendor/rust/cargo2nix/submodules/rust/target/debug/build/rustix-ad04c6b5eeac424e -L dependency=/mnt/data1/nix/vendor/rust/cargo2nix/submodules/rust/target/debug/deps --cap-lints allow`
SUMMARY: 5 item types saved to scan_results/once_cell_summary.json
WITNESS_SYMBOL: {"symbol":"simple_scanner_end","from":"main","file":"simple_scanner.rs","line":108}
SUMMARY: 27 item types saved to scan_results/scopeguard_summary.json
SAVED: 25 items to scan_results/pin-project-lite.json
SUMMARY: 26 item types saved to scan_results/writeable_summary.json
WITNESS_SYMBOL: {"symbol":"simple_scanner_end","from":"main","file":"simple_scanner.rs","line":108}
   Compiling linux-raw-sys v0.9.4
     Running `/home/mdupont/nix/vendor/rust/cargo2nix/submodules/rust/compiler/rustc_driver/simple_scanner --crate-name linux_raw_sys --edition=2021 /home/mdupont/.cargo/registry/src/index.crates.io-1949cf8c6b5b557f/linux-raw-sys-0.9.4/src/lib.rs --error-format=json --json=diagnostic-rendered-ansi,artifacts,future-incompat --crate-type lib --emit=dep-info,metadata,link -C embed-bitcode=no -C debuginfo=2 --warn=unexpected_cfgs --check-cfg 'cfg(target_arch, values("xtensa"))' --cfg 'feature="elf"' --cfg 'feature="errno"' --cfg 'feature="general"' --cfg 'feature="ioctl"' --cfg 'feature="no_std"' --check-cfg 'cfg(docsrs,test)' --check-cfg 'cfg(feature, values("bootparam", "btrfs", "compiler_builtins", "core", "default", "elf", "elf_uapi", "errno", "general", "if_arp", "if_ether", "if_packet", "image", "io_uring", "ioctl", "landlock", "loop_device", "mempolicy", "net", "netlink", "no_std", "prctl", "ptrace", "rustc-dep-of-std", "std", "system", "xdp"))' -C metadata=5d5ea1501f1884cf -C extra-filename=-52f022832abf8799 --out-dir /mnt/data1/nix/vendor/rust/cargo2nix/submodules/rust/target/debug/deps -L dependency=/mnt/data1/nix/vendor/rust/cargo2nix/submodules/rust/target/debug/deps --cap-lints allow`
WITNESS_SYMBOL: {"symbol":"simple_scanner_end","from":"main","file":"simple_scanner.rs","line":108}
   Compiling version_check v0.9.5
     Running `/home/mdupont/nix/vendor/rust/cargo2nix/submodules/rust/compiler/rustc_driver/simple_scanner --crate-name version_check --edition=2015 /home/mdupont/.cargo/registry/src/index.crates.io-1949cf8c6b5b557f/version_check-0.9.5/src/lib.rs --error-format=json --json=diagnostic-rendered-ansi,artifacts,future-incompat --crate-type lib --emit=dep-info,metadata,link -C embed-bitcode=no --check-cfg 'cfg(docsrs,test)' --check-cfg 'cfg(feature, values())' -C metadata=4dbb06140c464fcd -C extra-filename=-f91e2283177ec8b2 --out-dir /mnt/data1/nix/vendor/rust/cargo2nix/submodules/rust/target/debug/deps -L dependency=/mnt/data1/nix/vendor/rust/cargo2nix/submodules/rust/target/debug/deps --cap-lints allow`
WITNESS_SYMBOL: {"symbol":"simple_scanner_end","from":"main","file":"simple_scanner.rs","line":108}
WITNESS_SYMBOL: {"symbol":"simple_scanner_start","from":"main","file":"simple_scanner.rs","line":102}
     Running `/mnt/data1/nix/vendor/rust/cargo2nix/submodules/rust/target/debug/build/serde_json-d647db772dcc8b8a/build-script-build`
SUMMARY: 25 item types saved to scan_results/pin-project-lite_summary.json
WITNESS_SYMBOL: {"symbol":"simple_scanner_end","from":"main","file":"simple_scanner.rs","line":108}
   Compiling tracing-core v0.1.34
   Compiling typenum v1.18.0
     Running `/home/mdupont/nix/vendor/rust/cargo2nix/submodules/rust/compiler/rustc_driver/simple_scanner --crate-name tracing_core --edition=2018 /home/mdupont/.cargo/registry/src/index.crates.io-1949cf8c6b5b557f/tracing-core-0.1.34/src/lib.rs --error-format=json --json=diagnostic-rendered-ansi,artifacts,future-incompat --crate-type lib --emit=dep-info,metadata,link -C embed-bitcode=no -C debuginfo=2 --warn=unexpected_cfgs --check-cfg 'cfg(flaky_tests)' --check-cfg 'cfg(tracing_unstable)' --check-cfg 'cfg(unsound_local_offset)' --cfg 'feature="default"' --cfg 'feature="once_cell"' --cfg 'feature="std"' --check-cfg 'cfg(docsrs,test)' --check-cfg 'cfg(feature, values("default", "once_cell", "std", "valuable"))' -C metadata=f312ff6eaed6501c -C extra-filename=-27c3560541c90919 --out-dir /mnt/data1/nix/vendor/rust/cargo2nix/submodules/rust/target/debug/deps -L dependency=/mnt/data1/nix/vendor/rust/cargo2nix/submodules/rust/target/debug/deps --extern once_cell=/mnt/data1/nix/vendor/rust/cargo2nix/submodules/rust/target/debug/deps/libonce_cell-e0ff1a360d95752c.rmeta --cap-lints allow`
     Running `/home/mdupont/nix/vendor/rust/cargo2nix/submodules/rust/compiler/rustc_driver/simple_scanner --crate-name build_script_build --edition=2018 /home/mdupont/.cargo/registry/src/index.crates.io-1949cf8c6b5b557f/typenum-1.18.0/build.rs --error-format=json --json=diagnostic-rendered-ansi,artifacts,future-incompat --crate-type bin --emit=dep-info,link -C embed-bitcode=no --check-cfg 'cfg(docsrs,test)' --check-cfg 'cfg(feature, values("const-generics", "force_unix_path_separator", "i128", "no_std", "scale-info", "scale_info", "strict"))' -C metadata=1e9b29aa81911490 -C extra-filename=-3c614557edd491d2 --out-dir /mnt/data1/nix/vendor/rust/cargo2nix/submodules/rust/target/debug/build/typenum-3c614557edd491d2 -L dependency=/mnt/data1/nix/vendor/rust/cargo2nix/submodules/rust/target/debug/deps --cap-lints allow`
SAVED: 10 items to scan_results/rustix.json
WITNESS_SYMBOL: {"symbol":"simple_scanner_start","from":"main","file":"simple_scanner.rs","line":102}
WITNESS_SYMBOL: {"symbol":"simple_scanner_end","from":"main","file":"simple_scanner.rs","line":108}
WITNESS_SYMBOL: {"symbol":"simple_scanner_start","from":"main","file":"simple_scanner.rs","line":102}
   Compiling rustc-hash v2.1.1
     Running `/home/mdupont/nix/vendor/rust/cargo2nix/submodules/rust/compiler/rustc_driver/simple_scanner --crate-name rustc_hash --edition=2021 /home/mdupont/.cargo/registry/src/index.crates.io-1949cf8c6b5b557f/rustc-hash-2.1.1/src/lib.rs --error-format=json --json=diagnostic-rendered-ansi,artifacts,future-incompat --crate-type lib --emit=dep-info,metadata,link -C embed-bitcode=no -C debuginfo=2 --cfg 'feature="default"' --cfg 'feature="std"' --check-cfg 'cfg(docsrs,test)' --check-cfg 'cfg(feature, values("default", "nightly", "rand", "std"))' -C metadata=02add2debcf79f24 -C extra-filename=-3992891dc87ba11b --out-dir /mnt/data1/nix/vendor/rust/cargo2nix/submodules/rust/target/debug/deps -L dependency=/mnt/data1/nix/vendor/rust/cargo2nix/submodules/rust/target/debug/deps --cap-lints allow`
WITNESS_SYMBOL: {"symbol":"simple_scanner_end","from":"main","file":"simple_scanner.rs","line":108}
   Compiling unicode-width v0.2.1
WITNESS_SYMBOL: {"symbol":"simple_scanner_start","from":"main","file":"simple_scanner.rs","line":102}
     Running `/home/mdupont/nix/vendor/rust/cargo2nix/submodules/rust/compiler/rustc_driver/simple_scanner --crate-name unicode_width --edition=2021 /home/mdupont/.cargo/registry/src/index.crates.io-1949cf8c6b5b557f/unicode-width-0.2.1/src/lib.rs --error-format=json --json=diagnostic-rendered-ansi,artifacts,future-incompat --crate-type lib --emit=dep-info,metadata,link -C embed-bitcode=no -C debuginfo=2 --cfg 'feature="cjk"' --cfg 'feature="default"' --check-cfg 'cfg(docsrs,test)' --check-cfg 'cfg(feature, values("cjk", "core", "default", "no_std", "rustc-dep-of-std", "std"))' -C metadata=18384c552fbd199c -C extra-filename=-88d3b9ae10c4e30b --out-dir /mnt/data1/nix/vendor/rust/cargo2nix/submodules/rust/target/debug/deps -L dependency=/mnt/data1/nix/vendor/rust/cargo2nix/submodules/rust/target/debug/deps --cap-lints allow`
   Compiling thiserror v2.0.15
SAVED: 369 items to scan_results/linux-raw-sys.json
WITNESS_SYMBOL: {"symbol":"simple_scanner_end","from":"main","file":"simple_scanner.rs","line":108}
WITNESS_SYMBOL: {"symbol":"simple_scanner_start","from":"main","file":"simple_scanner.rs","line":102}
     Running `/home/mdupont/nix/vendor/rust/cargo2nix/submodules/rust/compiler/rustc_driver/simple_scanner --crate-name build_script_build --edition=2021 /home/mdupont/.cargo/registry/src/index.crates.io-1949cf8c6b5b557f/thiserror-2.0.15/build.rs --error-format=json --json=diagnostic-rendered-ansi,artifacts,future-incompat --crate-type bin --emit=dep-info,link -C embed-bitcode=no --cfg 'feature="default"' --cfg 'feature="std"' --check-cfg 'cfg(docsrs,test)' --check-cfg 'cfg(feature, values("default", "std"))' -C metadata=a5e23fe8f927d5e3 -C extra-filename=-c137accf2a945943 --out-dir /mnt/data1/nix/vendor/rust/cargo2nix/submodules/rust/target/debug/build/thiserror-c137accf2a945943 -L dependency=/mnt/data1/nix/vendor/rust/cargo2nix/submodules/rust/target/debug/deps --cap-lints allow`
SUMMARY: 9 item types saved to scan_results/litemap_summary.json
SUMMARY: 10 item types saved to scan_results/rustix_summary.json
SAVED: 21 items to scan_results/version_check.json
   Compiling anstyle v1.0.11
     Running `/home/mdupont/nix/vendor/rust/cargo2nix/submodules/rust/compiler/rustc_driver/simple_scanner --crate-name anstyle --edition=2021 /home/mdupont/.cargo/registry/src/index.crates.io-1949cf8c6b5b557f/anstyle-1.0.11/src/lib.rs --error-format=json --json=diagnostic-rendered-ansi,artifacts,future-incompat --crate-type lib --emit=dep-info,metadata,link -C embed-bitcode=no -C debuginfo=2 --warn=rust_2018_idioms '--warn=clippy::zero_sized_map_values' '--warn=clippy::wildcard_imports' '--warn=clippy::verbose_file_reads' --warn=unused_qualifications --warn=unused_macro_rules --warn=unused_lifetimes --warn=unsafe_op_in_unsafe_fn --warn=unreachable_pub --warn=unnameable_types '--warn=clippy::uninlined_format_args' '--warn=clippy::trait_duplication_in_bounds' '--warn=clippy::todo' '--warn=clippy::string_to_string' '--warn=clippy::string_lit_as_bytes' '--warn=clippy::string_add_assign' '--warn=clippy::string_add' '--warn=clippy::str_to_string' '--warn=clippy::semicolon_if_nothing_returned' '--warn=clippy::self_named_module_files' '--warn=clippy::same_functions_in_if_condition' '--allow=clippy::result_large_err' '--warn=clippy::rest_pat_in_fully_bound_structs' '--warn=clippy::ref_option_ref' '--warn=clippy::redundant_feature_names' '--warn=clippy::rc_mutex' '--warn=clippy::ptr_as_ptr' '--warn=clippy::path_buf_push_overwrite' '--warn=clippy::negative_feature_names' '--warn=clippy::needless_for_each' '--allow=clippy::needless_continue' '--warn=clippy::mutex_integer' '--warn=clippy::mem_forget' '--warn=clippy::macro_use_imports' '--warn=clippy::lossy_float_literal' '--warn=clippy::linkedlist' '--allow=clippy::let_and_return' '--warn=clippy::large_types_passed_by_value' '--warn=clippy::large_stack_arrays' '--warn=clippy::large_digit_groups' '--warn=clippy::invalid_upcast_comparisons' '--warn=clippy::infinite_loop' '--warn=clippy::inefficient_to_string' '--warn=clippy::inconsistent_struct_constructor' '--warn=clippy::imprecise_flops' '--warn=clippy::implicit_clone' '--allow=clippy::if_same_then_else' '--warn=clippy::from_iter_instead_of_collect' '--warn=clippy::fn_params_excessive_bools' '--warn=clippy::float_cmp_const' '--warn=clippy::flat_map_option' '--warn=clippy::filter_map_next' '--warn=clippy::fallible_impl_from' '--warn=clippy::explicit_into_iter_loop' '--warn=clippy::explicit_deref_methods' '--warn=clippy::expl_impl_clone_on_copy' '--warn=clippy::enum_glob_use' '--warn=clippy::empty_enum' '--warn=clippy::doc_markdown' '--warn=clippy::debug_assert_with_mut_call' '--warn=clippy::dbg_macro' '--warn=clippy::create_dir' '--allow=clippy::collapsible_else_if' '--warn=clippy::checked_conversions' '--allow=clippy::branches_sharing_code' '--allow=clippy::bool_assert_comparison' --cfg 'feature="default"' --cfg 'feature="std"' --check-cfg 'cfg(docsrs,test)' --check-cfg 'cfg(feature, values("default", "std"))' -C metadata=31c9a8da752d2f3d -C extra-filename=-93e0e89170e68338 --out-dir /mnt/data1/nix/vendor/rust/cargo2nix/submodules/rust/target/debug/deps -L dependency=/mnt/data1/nix/vendor/rust/cargo2nix/submodules/rust/target/debug/deps --cap-lints allow`
SUMMARY: 125 item types saved to scan_results/smallvec_summary.json
WITNESS_SYMBOL: {"symbol":"simple_scanner_start","from":"main","file":"simple_scanner.rs","line":102}
SAVED: 20 items to scan_results/tracing-core.json
SAVED: 25 items to scan_results/typenum.json
WITNESS_SYMBOL: {"symbol":"simple_scanner_end","from":"main","file":"simple_scanner.rs","line":108}
WITNESS_SYMBOL: {"symbol":"simple_scanner_end","from":"main","file":"simple_scanner.rs","line":108}
     Running `/mnt/data1/nix/vendor/rust/cargo2nix/submodules/rust/target/debug/build/crossbeam-utils-21da9eb3521ff138/build-script-build`
WITNESS_SYMBOL: {"symbol":"simple_scanner_start","from":"main","file":"simple_scanner.rs","line":102}
SAVED: 27 items to scan_results/rustc-hash.json
WITNESS_SYMBOL: {"symbol":"simple_scanner_start","from":"main","file":"simple_scanner.rs","line":102}
   Compiling fastrand v2.3.0
     Running `/home/mdupont/nix/vendor/rust/cargo2nix/submodules/rust/compiler/rustc_driver/simple_scanner --crate-name fastrand --edition=2018 /home/mdupont/.cargo/registry/src/index.crates.io-1949cf8c6b5b557f/fastrand-2.3.0/src/lib.rs --error-format=json --json=diagnostic-rendered-ansi,artifacts,future-incompat --crate-type lib --emit=dep-info,metadata,link -C embed-bitcode=no -C debuginfo=2 --cfg 'feature="alloc"' --cfg 'feature="default"' --cfg 'feature="std"' --check-cfg 'cfg(docsrs,test)' --check-cfg 'cfg(feature, values("alloc", "default", "getrandom", "js", "std"))' -C metadata=25020fd7c5bc99bf -C extra-filename=-f737047f3c9153bc --out-dir /mnt/data1/nix/vendor/rust/cargo2nix/submodules/rust/target/debug/deps -L dependency=/mnt/data1/nix/vendor/rust/cargo2nix/submodules/rust/target/debug/deps --cap-lints allow`
WITNESS_SYMBOL: {"symbol":"simple_scanner_start","from":"main","file":"simple_scanner.rs","line":102}
SAVED: 12 items to scan_results/thiserror.json
SUMMARY: 62 item types saved to scan_results/either_summary.json
SAVED: 7 items to scan_results/unicode-width.json
     Running `/home/mdupont/nix/vendor/rust/cargo2nix/submodules/rust/compiler/rustc_driver/simple_scanner --crate-name crossbeam_utils --edition=2021 /home/mdupont/.cargo/registry/src/index.crates.io-1949cf8c6b5b557f/crossbeam-utils-0.8.21/src/lib.rs --error-format=json --json=diagnostic-rendered-ansi,artifacts,future-incompat --crate-type lib --emit=dep-info,metadata,link -C embed-bitcode=no -C debuginfo=2 --warn=unexpected_cfgs '--allow=clippy::lint_groups_priority' '--allow=clippy::declare_interior_mutable_const' --check-cfg 'cfg(crossbeam_loom)' --check-cfg 'cfg(crossbeam_sanitize)' --cfg 'feature="default"' --cfg 'feature="std"' --check-cfg 'cfg(docsrs,test)' --check-cfg 'cfg(feature, values("default", "loom", "nightly", "std"))' -C metadata=b56404279583fabd -C extra-filename=-7fc1b3f3083b76cc --out-dir /mnt/data1/nix/vendor/rust/cargo2nix/submodules/rust/target/debug/deps -L dependency=/mnt/data1/nix/vendor/rust/cargo2nix/submodules/rust/target/debug/deps --cap-lints allow --check-cfg 'cfg(crossbeam_no_atomic,crossbeam_sanitize_thread)'`
WITNESS_SYMBOL: {"symbol":"simple_scanner_end","from":"main","file":"simple_scanner.rs","line":108}
SAVED: 10 items to scan_results/anstyle.json
   Compiling itertools v0.12.1
     Running `/home/mdupont/nix/vendor/rust/cargo2nix/submodules/rust/compiler/rustc_driver/simple_scanner --crate-name itertools --edition=2018 /home/mdupont/.cargo/registry/src/index.crates.io-1949cf8c6b5b557f/itertools-0.12.1/src/lib.rs --error-format=json --json=diagnostic-rendered-ansi,artifacts,future-incompat --crate-type lib --emit=dep-info,metadata,link -C embed-bitcode=no -C debuginfo=2 --cfg 'feature="default"' --cfg 'feature="use_alloc"' --cfg 'feature="use_std"' --check-cfg 'cfg(docsrs,test)' --check-cfg 'cfg(feature, values("default", "use_alloc", "use_std"))' -C metadata=884029f49028a97c -C extra-filename=-940f3023e8473e6a --out-dir /mnt/data1/nix/vendor/rust/cargo2nix/submodules/rust/target/debug/deps -L dependency=/mnt/data1/nix/vendor/rust/cargo2nix/submodules/rust/target/debug/deps --extern either=/mnt/data1/nix/vendor/rust/cargo2nix/submodules/rust/target/debug/deps/libeither-98fb436d0ca8c218.rmeta --cap-lints allow`
WITNESS_SYMBOL: {"symbol":"simple_scanner_start","from":"main","file":"simple_scanner.rs","line":102}
WITNESS_SYMBOL: {"symbol":"simple_scanner_end","from":"main","file":"simple_scanner.rs","line":108}
SUMMARY: 27 item types saved to scan_results/rustc-hash_summary.json
WITNESS_SYMBOL: {"symbol":"simple_scanner_end","from":"main","file":"simple_scanner.rs","line":108}
SUMMARY: 25 item types saved to scan_results/typenum_summary.json
   Compiling strsim v0.11.1
WITNESS_SYMBOL: {"symbol":"simple_scanner_start","from":"main","file":"simple_scanner.rs","line":102}
     Running `/home/mdupont/nix/vendor/rust/cargo2nix/submodules/rust/compiler/rustc_driver/simple_scanner --crate-name strsim --edition=2015 /home/mdupont/.cargo/registry/src/index.crates.io-1949cf8c6b5b557f/strsim-0.11.1/src/lib.rs --error-format=json --json=diagnostic-rendered-ansi,artifacts,future-incompat --crate-type lib --emit=dep-info,metadata,link -C embed-bitcode=no -C debuginfo=2 --check-cfg 'cfg(docsrs,test)' --check-cfg 'cfg(feature, values())' -C metadata=791c2f30ef2c7b69 -C extra-filename=-cb53f5bd587fdebe --out-dir /mnt/data1/nix/vendor/rust/cargo2nix/submodules/rust/target/debug/deps -L dependency=/mnt/data1/nix/vendor/rust/cargo2nix/submodules/rust/target/debug/deps --cap-lints allow`
     Running `/mnt/data1/nix/vendor/rust/cargo2nix/submodules/rust/target/debug/build/serde-753051b0bb7f6308/build-script-build`
WITNESS_SYMBOL: {"symbol":"simple_scanner_end","from":"main","file":"simple_scanner.rs","line":108}
SAVED: 15 items to scan_results/fastrand.json
SAVED: 10 items to scan_results/crossbeam-utils.json
SUMMARY: 12 item types saved to scan_results/thiserror_summary.json
   Compiling proc-macro-hack v0.5.20+deprecated
     Running `/home/mdupont/nix/vendor/rust/cargo2nix/submodules/rust/compiler/rustc_driver/simple_scanner --crate-name build_script_build --edition=2018 /home/mdupont/.cargo/registry/src/index.crates.io-1949cf8c6b5b557f/proc-macro-hack-0.5.20+deprecated/build.rs --error-format=json --json=diagnostic-rendered-ansi,artifacts,future-incompat --crate-type bin --emit=dep-info,link -C embed-bitcode=no --check-cfg 'cfg(docsrs,test)' --check-cfg 'cfg(feature, values())' -C metadata=fc8d9570d8653eb7 -C extra-filename=-efc20aa59c2b952d --out-dir /mnt/data1/nix/vendor/rust/cargo2nix/submodules/rust/target/debug/build/proc-macro-hack-efc20aa59c2b952d -L dependency=/mnt/data1/nix/vendor/rust/cargo2nix/submodules/rust/target/debug/deps --cap-lints allow`
WITNESS_SYMBOL: {"symbol":"simple_scanner_start","from":"main","file":"simple_scanner.rs","line":102}
SUMMARY: 21 item types saved to scan_results/version_check_summary.json
WITNESS_SYMBOL: {"symbol":"simple_scanner_end","from":"main","file":"simple_scanner.rs","line":108}
WITNESS_SYMBOL: {"symbol":"simple_scanner_start","from":"main","file":"simple_scanner.rs","line":102}
SUMMARY: 5 item types saved to scan_results/allocator-api2_summary.json
WITNESS_SYMBOL: {"symbol":"simple_scanner_end","from":"main","file":"simple_scanner.rs","line":108}
     Running `/mnt/data1/nix/vendor/rust/cargo2nix/submodules/rust/target/debug/build/proc-macro2-056b14438eb110b4/build-script-build`
   Compiling unicode-xid v0.2.6
     Running `/home/mdupont/nix/vendor/rust/cargo2nix/submodules/rust/compiler/rustc_driver/simple_scanner --crate-name unicode_xid --edition=2015 /home/mdupont/.cargo/registry/src/index.crates.io-1949cf8c6b5b557f/unicode-xid-0.2.6/src/lib.rs --error-format=json --json=diagnostic-rendered-ansi,artifacts,future-incompat --crate-type lib --emit=dep-info,metadata,link -C embed-bitcode=no -C debuginfo=2 --cfg 'feature="default"' --check-cfg 'cfg(docsrs,test)' --check-cfg 'cfg(feature, values("bench", "default", "no_std"))' -C metadata=c55bf048ac70f161 -C extra-filename=-cb3ed77d2ce96037 --out-dir /mnt/data1/nix/vendor/rust/cargo2nix/submodules/rust/target/debug/deps -L dependency=/mnt/data1/nix/vendor/rust/cargo2nix/submodules/rust/target/debug/deps --cap-lints allow`
     Running `/mnt/data1/nix/vendor/rust/cargo2nix/submodules/rust/target/debug/build/parking_lot_core-f4375273e64acf42/build-script-build`
WITNESS_SYMBOL: {"symbol":"simple_scanner_start","from":"main","file":"simple_scanner.rs","line":102}
   Compiling cpufeatures v0.2.17
     Running `/home/mdupont/nix/vendor/rust/cargo2nix/submodules/rust/compiler/rustc_driver/simple_scanner --crate-name cpufeatures --edition=2018 /home/mdupont/.cargo/registry/src/index.crates.io-1949cf8c6b5b557f/cpufeatures-0.2.17/src/lib.rs --error-format=json --json=diagnostic-rendered-ansi,artifacts,future-incompat --crate-type lib --emit=dep-info,metadata,link -C embed-bitcode=no -C debuginfo=2 --check-cfg 'cfg(docsrs,test)' --check-cfg 'cfg(feature, values())' -C metadata=26e645ad07c45085 -C extra-filename=-5bed3969d71369d3 --out-dir /mnt/data1/nix/vendor/rust/cargo2nix/submodules/rust/target/debug/deps -L dependency=/mnt/data1/nix/vendor/rust/cargo2nix/submodules/rust/target/debug/deps --cap-lints allow`
SAVED: 87 items to scan_results/itertools.json
WITNESS_SYMBOL: {"symbol":"simple_scanner_end","from":"main","file":"simple_scanner.rs","line":108}
SAVED: 5 items to scan_results/proc-macro-hack.json
WITNESS_SYMBOL: {"symbol":"simple_scanner_end","from":"main","file":"simple_scanner.rs","line":108}
WITNESS_SYMBOL: {"symbol":"simple_scanner_start","from":"main","file":"simple_scanner.rs","line":102}
   Compiling arrayvec v0.7.6
     Running `/home/mdupont/nix/vendor/rust/cargo2nix/submodules/rust/compiler/rustc_driver/simple_scanner --crate-name arrayvec --edition=2018 /home/mdupont/.cargo/registry/src/index.crates.io-1949cf8c6b5b557f/arrayvec-0.7.6/src/lib.rs --error-format=json --json=diagnostic-rendered-ansi,artifacts,future-incompat --crate-type lib --emit=dep-info,metadata,link -C embed-bitcode=no -C debuginfo=2 --check-cfg 'cfg(docsrs,test)' --check-cfg 'cfg(feature, values("borsh", "default", "serde", "std", "zeroize"))' -C metadata=2691cff2abe18c48 -C extra-filename=-dfa224fbd5683f8a --out-dir /mnt/data1/nix/vendor/rust/cargo2nix/submodules/rust/target/debug/deps -L dependency=/mnt/data1/nix/vendor/rust/cargo2nix/submodules/rust/target/debug/deps --cap-lints allow`
SAVED: 42 items to scan_results/strsim.json
     Running `/mnt/data1/nix/vendor/rust/cargo2nix/submodules/rust/target/debug/build/libc-6817c6dc76352826/build-script-build`
SAVED: 8 items to scan_results/unicode-xid.json
SUMMARY: 5 item types saved to scan_results/proc-macro-hack_summary.json
WITNESS_SYMBOL: {"symbol":"simple_scanner_start","from":"main","file":"simple_scanner.rs","line":102}
WITNESS_SYMBOL: {"symbol":"simple_scanner_end","from":"main","file":"simple_scanner.rs","line":108}
SAVED: 6 items to scan_results/cpufeatures.json
WITNESS_SYMBOL: {"symbol":"simple_scanner_start","from":"main","file":"simple_scanner.rs","line":102}
WITNESS_SYMBOL: {"symbol":"simple_scanner_end","from":"main","file":"simple_scanner.rs","line":108}
   Compiling zerocopy v0.8.26
     Running `/home/mdupont/nix/vendor/rust/cargo2nix/submodules/rust/compiler/rustc_driver/simple_scanner --crate-name build_script_build --edition=2021 /home/mdupont/.cargo/registry/src/index.crates.io-1949cf8c6b5b557f/zerocopy-0.8.26/build.rs --error-format=json --json=diagnostic-rendered-ansi,artifacts,future-incompat --crate-type bin --emit=dep-info,link -C embed-bitcode=no --cfg 'feature="simd"' --check-cfg 'cfg(docsrs,test)' --check-cfg 'cfg(feature, values("__internal_use_only_features_that_work_on_stable", "alloc", "derive", "float-nightly", "simd", "simd-nightly", "std", "zerocopy-derive"))' -C metadata=78a1ec1bc06527a9 -C extra-filename=-b15b1e33105de1a4 --out-dir /mnt/data1/nix/vendor/rust/cargo2nix/submodules/rust/target/debug/build/zerocopy-b15b1e33105de1a4 -L dependency=/mnt/data1/nix/vendor/rust/cargo2nix/submodules/rust/target/debug/deps --cap-lints allow`
SUMMARY: 6 item types saved to scan_results/cpufeatures_summary.json
WITNESS_SYMBOL: {"symbol":"simple_scanner_end","from":"main","file":"simple_scanner.rs","line":108}
SUMMARY: 8 item types saved to scan_results/unicode-xid_summary.json
     Running `/mnt/data1/nix/vendor/rust/cargo2nix/submodules/rust/target/debug/build/getrandom-77c06051b4ea3829/build-script-build`
SAVED: 14 items to scan_results/arrayvec.json
error: failed to run custom build command for `libc v0.2.174`

Caused by:
  process didn't exit successfully: `/mnt/data1/nix/vendor/rust/cargo2nix/submodules/rust/target/debug/build/libc-6817c6dc76352826/build-script-build` (exit status: 101)
  --- stdout
  cargo:rerun-if-changed=build.rs

  --- stderr

  thread 'main' (372148) panicked at /home/mdupont/.cargo/registry/src/index.crates.io-1949cf8c6b5b557f/libc-0.2.174/build.rs:225:5:
  assertion `left == right` failed: Failed to get rustc version
    left: Some("WITNESS_SYMBOL: {\"symbol\":\"simple_scanner_start\",\"from\":\"main\",\"file\":\"simple_scanner")
   right: Some("rustc 1")
  note: run with `RUST_BACKTRACE=1` environment variable to display a backtrace
warning: build failed, waiting for other jobs to finish...
WITNESS_SYMBOL: {"symbol":"simple_scanner_end","from":"main","file":"simple_scanner.rs","line":108}
SUMMARY: 10 item types saved to scan_results/anstyle_summary.json
WITNESS_SYMBOL: {"symbol":"simple_scanner_start","from":"main","file":"simple_scanner.rs","line":102}
WITNESS_SYMBOL: {"symbol":"simple_scanner_end","from":"main","file":"simple_scanner.rs","line":108}
WITNESS_SYMBOL: {"symbol":"simple_scanner_end","from":"main","file":"simple_scanner.rs","line":108}
SAVED: 7 items to scan_results/zerocopy.json
SUMMARY: 15 item types saved to scan_results/fastrand_summary.json
WITNESS_SYMBOL: {"symbol":"simple_scanner_end","from":"main","file":"simple_scanner.rs","line":108}
SUMMARY: 42 item types saved to scan_results/strsim_summary.json
SUMMARY: 7 item types saved to scan_results/unicode-width_summary.json
WITNESS_SYMBOL: {"symbol":"simple_scanner_end","from":"main","file":"simple_scanner.rs","line":108}
SUMMARY: 7 item types saved to scan_results/zerocopy_summary.json
WITNESS_SYMBOL: {"symbol":"simple_scanner_end","from":"main","file":"simple_scanner.rs","line":108}
WITNESS_SYMBOL: {"symbol":"simple_scanner_end","from":"main","file":"simple_scanner.rs","line":108}
WITNESS_SYMBOL: {"symbol":"simple_scanner_end","from":"main","file":"simple_scanner.rs","line":108}
SUMMARY: 12 item types saved to scan_results/memchr_summary.json
WITNESS_SYMBOL: {"symbol":"simple_scanner_end","from":"main","file":"simple_scanner.rs","line":108}
SUMMARY: 14 item types saved to scan_results/arrayvec_summary.json
WITNESS_SYMBOL: {"symbol":"simple_scanner_end","from":"main","file":"simple_scanner.rs","line":108}
WITNESS_SYMBOL: {"symbol":"simple_scanner_end","from":"main","file":"simple_scanner.rs","line":108}
WITNESS_SYMBOL: {"symbol":"simple_scanner_end","from":"main","file":"simple_scanner.rs","line":108}
SUMMARY: 29 item types saved to scan_results/linux-raw-sys_summary.json
WITNESS_SYMBOL: {"symbol":"simple_scanner_end","from":"main","file":"simple_scanner.rs","line":108}
WITNESS_SYMBOL: {"symbol":"simple_scanner_end","from":"main","file":"simple_scanner.rs","line":108}
SUMMARY: 20 item types saved to scan_results/tracing-core_summary.json
WITNESS_SYMBOL: {"symbol":"simple_scanner_end","from":"main","file":"simple_scanner.rs","line":108}
WITNESS_SYMBOL: {"symbol":"simple_scanner_end","from":"main","file":"simple_scanner.rs","line":108}
SUMMARY: 10 item types saved to scan_results/crossbeam-utils_summary.json
WITNESS_SYMBOL: {"symbol":"simple_scanner_end","from":"main","file":"simple_scanner.rs","line":108}
WITNESS_SYMBOL: {"symbol":"simple_scanner_end","from":"main","file":"simple_scanner.rs","line":108}
SUMMARY: 87 item types saved to scan_results/itertools_summary.json
SUMMARY: 22 item types saved to scan_results/regex-syntax_summary.json
WITNESS_SYMBOL: {"symbol":"simple_scanner_end","from":"main","file":"simple_scanner.rs","line":108}
WITNESS_SYMBOL: {"symbol":"simple_scanner_end","from":"main","file":"simple_scanner.rs","line":108}
Bootstrap scan complete. Results in bootstrap_scan.log
