19:36:40 rustc --crate-name rustc_serialize --edition=2024 /mnt/data1/nix/vendor/rust/cargo2nix/submodules/rust-build/compiler/rustc_serialize/src/lib.rs --error-format=json --json=diagnostic-rendered-ansi,artifacts,future-incompat --crate-type lib --emit=dep-info,metadata,link -C embed-bitcode=no -C debuginfo=2 --check-cfg cfg(docsrs,test) --check-cfg cfg(feature, values()) -C metadata=c3241a6526a3271e -C extra-filename=-865b9514c43ea76f --out-dir /mnt/data1/nix/vendor/rust/cargo2nix/submodules/rust-build/compiler/zombie_driver2/target/debug/deps -C incremental=/mnt/data1/nix/vendor/rust/cargo2nix/submodules/rust-build/compiler/zombie_driver2/target/debug/incremental -L dependency=/mnt/data1/nix/vendor/rust/cargo2nix/submodules/rust-build/compiler/zombie_driver2/target/debug/deps --extern indexmap=/mnt/data1/nix/vendor/rust/cargo2nix/submodules/rust-build/compiler/zombie_driver2/target/debug/deps/libindexmap-66ebc7fee9cc3992.rmeta --extern rustc_hashes=/mnt/data1/nix/vendor/rust/cargo2nix/submodules/rust-build/compiler/zombie_driver2/target/debug/deps/librustc_hashes-90e81dae7d173bd5.rmeta --extern smallvec=/mnt/data1/nix/vendor/rust/cargo2nix/submodules/rust-build/compiler/zombie_driver2/target/debug/deps/libsmallvec-3970d95f1529de22.rmeta --extern thin_vec=/mnt/data1/nix/vendor/rust/cargo2nix/submodules/rust-build/compiler/zombie_driver2/target/debug/deps/libthin_vec-c5a2b73fca668a41.rmeta
19:36:40 STATS_CHANGE: Compile requests                      77
Compile requests executed             53
Cache hits                            36
Cache hits (Rust)                     36
Cache misses                           0
Cache hits rate                   100.00 %
Cache hits rate (Rust)            100.00 %
Cache timeouts                         0
Cache read errors                      0
Forced recaches                        0
Cache write errors                     0
Cache errors                           0
Compilations                           0
Compilation failures                   2
Non-cacheable compilations             0
Non-cacheable calls                   23
Non-compilation calls                  1
Unsupported compiler calls             0
Average cache write                0.000 s
Average compiler                   0.000 s
Average cache read hit             0.015 s
Failed distributed compilations        0

Non-cacheable reasons:
crate-type                            16
incremental                            3
missing input                          2
-                                      1
-o                                     1

Cache location                  Local disk: "/home/mdupont/.cache/sccache"
Use direct/preprocessor mode?   yes
Version (client)                0.12.0
Cache size                             1 GiB
Max cache size                        10 GiB -> Compile requests                     121
Compile requests executed             85
Cache hits                            73
Cache hits (Rust)                     73
Cache misses                           0
Cache hits rate                   100.00 %
Cache hits rate (Rust)            100.00 %
Cache timeouts                         0
Cache read errors                      0
Forced recaches                        0
Cache write errors                     0
Cache errors                           0
Compilations                           0
Compilation failures                   2
Non-cacheable compilations             0
Non-cacheable calls                   35
Non-compilation calls                  1
Unsupported compiler calls             0
Average cache write                0.000 s
Average compiler                   0.000 s
Average cache read hit             0.008 s
Failed distributed compilations        0

Non-cacheable reasons:
crate-type                            23
incremental                            6
-o                                     3
missing input                          2
-                                      1

Cache location                  Local disk: "/home/mdupont/.cache/sccache"
Use direct/preprocessor mode?   yes
Version (client)                0.12.0
Cache size                             1 GiB
Max cache size                        10 GiB
20:37:36 SKIPPED: rustc --crate-name rustc_serialize --edition=2024 /mnt/data1/nix/vendor/rust/cargo2nix/submodules/rust-build/compiler/rustc_serialize/src/lib.rs --error-format=json --json=diagnostic-rendered-ansi,artifacts,future-incompat --crate-type lib --emit=dep-info,metadata,link -C embed-bitcode=no -C debuginfo=2 --check-cfg cfg(docsrs,test) --check-cfg cfg(feature, values()) -C metadata=c3241a6526a3271e -C extra-filename=-865b9514c43ea76f --out-dir /mnt/data1/nix/vendor/rust/cargo2nix/submodules/rust-build/compiler/zombie_driver2/target/debug/deps -C incremental=/mnt/data1/nix/vendor/rust/cargo2nix/submodules/rust-build/compiler/zombie_driver2/target/debug/incremental -L dependency=/mnt/data1/nix/vendor/rust/cargo2nix/submodules/rust-build/compiler/zombie_driver2/target/debug/deps --extern indexmap=/mnt/data1/nix/vendor/rust/cargo2nix/submodules/rust-build/compiler/zombie_driver2/target/debug/deps/libindexmap-66ebc7fee9cc3992.rmeta --extern rustc_hashes=/mnt/data1/nix/vendor/rust/cargo2nix/submodules/rust-build/compiler/zombie_driver2/target/debug/deps/librustc_hashes-90e81dae7d173bd5.rmeta --extern smallvec=/mnt/data1/nix/vendor/rust/cargo2nix/submodules/rust-build/compiler/zombie_driver2/target/debug/deps/libsmallvec-3970d95f1529de22.rmeta --extern thin_vec=/mnt/data1/nix/vendor/rust/cargo2nix/submodules/rust-build/compiler/zombie_driver2/target/debug/deps/libthin_vec-c5a2b73fca668a41.rmeta
21:13:35 SKIPPED: rustc --crate-name rustc_serialize --edition=2024 /mnt/data1/nix/vendor/rust/cargo2nix/submodules/rust-build/compiler/rustc_serialize/src/lib.rs --error-format=json --json=diagnostic-rendered-ansi,artifacts,future-incompat --crate-type lib --emit=dep-info,metadata -C embed-bitcode=no -C debuginfo=2 --check-cfg cfg(docsrs,test) --check-cfg cfg(feature, values()) -C metadata=2b81c47e27716355 -C extra-filename=-f4304b9857419e4f --out-dir /mnt/data1/nix/vendor/rust/cargo2nix/submodules/rust-build/compiler/zombie_driver2/target/debug/deps -C incremental=/mnt/data1/nix/vendor/rust/cargo2nix/submodules/rust-build/compiler/zombie_driver2/target/debug/incremental -L dependency=/mnt/data1/nix/vendor/rust/cargo2nix/submodules/rust-build/compiler/zombie_driver2/target/debug/deps --extern indexmap=/mnt/data1/nix/vendor/rust/cargo2nix/submodules/rust-build/compiler/zombie_driver2/target/debug/deps/libindexmap-cc3b6d73330a07cd.rmeta --extern rustc_hashes=/mnt/data1/nix/vendor/rust/cargo2nix/submodules/rust-build/compiler/zombie_driver2/target/debug/deps/librustc_hashes-9380ec4d382d9972.rmeta --extern smallvec=/mnt/data1/nix/vendor/rust/cargo2nix/submodules/rust-build/compiler/zombie_driver2/target/debug/deps/libsmallvec-d872f462e8fa6b71.rmeta --extern thin_vec=/mnt/data1/nix/vendor/rust/cargo2nix/submodules/rust-build/compiler/zombie_driver2/target/debug/deps/libthin_vec-27fa477cdc2e9966.rmeta
21:13:47 SKIPPED: rustc --crate-name rustc_serialize --edition=2024 /mnt/data1/nix/vendor/rust/cargo2nix/submodules/rust-build/compiler/rustc_serialize/src/lib.rs --error-format=json --json=diagnostic-rendered-ansi,artifacts,future-incompat --crate-type lib --emit=dep-info,metadata -C embed-bitcode=no -C debuginfo=2 --check-cfg cfg(docsrs,test) --check-cfg cfg(feature, values()) -C metadata=2b81c47e27716355 -C extra-filename=-f4304b9857419e4f --out-dir /mnt/data1/nix/vendor/rust/cargo2nix/submodules/rust-build/compiler/zombie_driver2/target/debug/deps -C incremental=/mnt/data1/nix/vendor/rust/cargo2nix/submodules/rust-build/compiler/zombie_driver2/target/debug/incremental -L dependency=/mnt/data1/nix/vendor/rust/cargo2nix/submodules/rust-build/compiler/zombie_driver2/target/debug/deps --extern indexmap=/mnt/data1/nix/vendor/rust/cargo2nix/submodules/rust-build/compiler/zombie_driver2/target/debug/deps/libindexmap-cc3b6d73330a07cd.rmeta --extern rustc_hashes=/mnt/data1/nix/vendor/rust/cargo2nix/submodules/rust-build/compiler/zombie_driver2/target/debug/deps/librustc_hashes-9380ec4d382d9972.rmeta --extern smallvec=/mnt/data1/nix/vendor/rust/cargo2nix/submodules/rust-build/compiler/zombie_driver2/target/debug/deps/libsmallvec-d872f462e8fa6b71.rmeta --extern thin_vec=/mnt/data1/nix/vendor/rust/cargo2nix/submodules/rust-build/compiler/zombie_driver2/target/debug/deps/libthin_vec-27fa477cdc2e9966.rmeta
21:15:44 SKIPPED: rustc --crate-name rustc_serialize --edition=2024 /mnt/data1/nix/vendor/rust/cargo2nix/submodules/rust-build/compiler/rustc_serialize/src/lib.rs --error-format=json --json=diagnostic-rendered-ansi,artifacts,future-incompat --crate-type lib --emit=dep-info,metadata -C embed-bitcode=no -C debuginfo=2 --check-cfg cfg(docsrs,test) --check-cfg cfg(feature, values()) -C metadata=2b81c47e27716355 -C extra-filename=-f4304b9857419e4f --out-dir /mnt/data1/nix/vendor/rust/cargo2nix/submodules/rust-build/compiler/zombie_driver2/target/debug/deps -C incremental=/mnt/data1/nix/vendor/rust/cargo2nix/submodules/rust-build/compiler/zombie_driver2/target/debug/incremental -L dependency=/mnt/data1/nix/vendor/rust/cargo2nix/submodules/rust-build/compiler/zombie_driver2/target/debug/deps --extern indexmap=/mnt/data1/nix/vendor/rust/cargo2nix/submodules/rust-build/compiler/zombie_driver2/target/debug/deps/libindexmap-cc3b6d73330a07cd.rmeta --extern rustc_hashes=/mnt/data1/nix/vendor/rust/cargo2nix/submodules/rust-build/compiler/zombie_driver2/target/debug/deps/librustc_hashes-9380ec4d382d9972.rmeta --extern smallvec=/mnt/data1/nix/vendor/rust/cargo2nix/submodules/rust-build/compiler/zombie_driver2/target/debug/deps/libsmallvec-d872f462e8fa6b71.rmeta --extern thin_vec=/mnt/data1/nix/vendor/rust/cargo2nix/submodules/rust-build/compiler/zombie_driver2/target/debug/deps/libthin_vec-27fa477cdc2e9966.rmeta
