🔍 Comprehensive Usage Analysis - Deduplication & Field Coverage
================================================================
📊 Processing complete:
   Files processed: 9058
   Total usage entries: 222376
   Unique symbols: 33619

🔍 FIELD COVERAGE ANALYSIS:
All possible fields found: {"used_crate", "node_type", "used_def_id", "user_def_id", "usage_type", "kind", "user_crate"}

🎯 TOP USED SYMBOLS (Deduplicated):
   1.  23509 new (in 64 crates, 2 types)
   2.   7827 metadata (in 39 crates, 1 types)
   3.   5674 _ (in 53 crates, 1 types)
   4.   4710 __CALLSITE (in 43 crates, 1 types)
   5.   4710 META (in 43 crates, 1 types)
   6.   4670 le (in 41 crates, 2 types)
   7.   4486 DEBUG (in 40 crates, 1 types)
   8.   4304 fields (in 40 crates, 1 types)
   9.   3690 TRACE (in 33 crates, 1 types)
  10.   3254 EVENT (in 43 crates, 1 types)
  11.   3199 iter (in 54 crates, 2 types)
  12.   2805 new_v1 (in 55 crates, 2 types)
  13.   2517 expect (in 44 crates, 2 types)
  14.   2418 into (in 40 crates, 1 types)
  15.   2344 current (in 40 crates, 1 types)
  16.   2336 new_display (in 51 crates, 2 types)
  17.   2250 "message" (in 44 crates, 1 types)
  18.   2158 is_never (in 39 crates, 1 types)
  19.   2157 interest (in 39 crates, 1 types)
  20.   2155 value_set (in 39 crates, 1 types)

🔧 PARTIALLY USED OBJECTS (Candidates for more JSON fields):

💡 RECOMMENDATIONS FOR JSON DUMP ENHANCEMENT:
============================================

📈 SUMMARY STATISTICS:
   Average usage per symbol: 6.6
   High usage symbols (>10): 1057
   Multi-crate symbols: 4320
   Partial coverage candidates: 0
