🔥 Direct Profile Reader - Runtime Functions vs Static Usage
==========================================================
📊 Static symbols: 33619
🔧 Reading 10 profile files directly...
  📋 Reading ___
    Found 1 query entries
  📋 Reading comprehensive_usage_report
    Found 342 query entries
  📋 Reading rustc_hashes
    Found 424 query entries

🎯 DIRECT PROFILE ANALYSIS:
- Static symbols: 33619
- Runtime functions: 462
- Matched functions: 806
- Match rate: 2.4%

🔥 TOP RUNTIME FUNCTIONS:
  1. parse_crate
  2. stability_implications
  3. mir_pass_pre_codegen
  4. metadata_decode_entry_lookup_deprecation_entry
  5. has_alloc_error_handler
  6. explicit_predicates_of
  7. upstream_drop_glue_for
  8. incr_comp_persist_result_cache
  9. named_variable_map
  10. resolve_instance_raw

✅ MATCHED FUNCTIONS (in both runtime and static):
  - codegen_crate in comprehensive_usage_report (671.18ms)
  - codegen_crate in comprehensive_usage_report (671.18ms)
  - specialization_graph_of in rustc_hashes (8.33ms)
  - specialization_graph_of in rustc_hashes (8.33ms)
  - typeck in comprehensive_usage_report (7.13ms)
  - typeck in comprehensive_usage_report (7.13ms)
  - codegen_crate in rustc_hashes (5.47ms)
  - codegen_crate in rustc_hashes (5.47ms)
  - fn_abi_of_instance in comprehensive_usage_report (5.01ms)
  - fn_abi_of_instance in comprehensive_usage_report (5.01ms)

📈 SUMMARY:
- Found: 806 functions in both profile and static data

thread 'main' (1517549) panicked at compiler/introspector-collector/src/bin/direct_profile_reader.rs:116:65:
attempt to subtract with overflow
note: run with `RUST_BACKTRACE=1` environment variable to display a backtrace
