🔍 Enhanced Function Matcher - Static vs Runtime Correlation
===========================================================
📊 Loading static usage data...
🔧 Loading runtime profile data...
📈 Analysis complete:
   Static symbols: 33619
   Runtime functions: 487

🎯 MATCHING RESULTS:
==================

🔗 EXACT MATCHES (265):
  ✅ crate_inherent_impls_overlap_check (static: 4, runtime: 8)
  ✅ hir_module_items (static: 6, runtime: 8)
  ✅ is_reachable_non_generic (static: 6, runtime: 9)
  ✅ mir_keys (static: 6, runtime: 4)
  ✅ rendered_precise_capturing_args (static: 4, runtime: 1)
  ✅ inherent_impls (static: 4, runtime: 9)
  ✅ evaluate_root_goal_for_proof_tree_raw (static: 4, runtime: 1)
  ✅ fn_abi_of_instance (static: 10, runtime: 9)
  ✅ variances_of (static: 9, runtime: 9)
  ✅ rust_target_features (static: 10, runtime: 9)

🔗 PARTIAL MATCHES (13718):
  🔄 "pattern_analysis_excluside_range_missing_gap" ↔ analysis (static: 1, runtime: 9)
  🔄 "hir_typeck_no_field_on_variant_field" ↔ typeck (static: 1, runtime: 9)
  🔄 "the `linkage` attribute is experimental and not portable across platforms" ↔ link (static: 1, runtime: 9)
  🔄 "event compiler/rustc_hir_analysis/src/check/compare_impl_item.rs:695" ↔ analysis (static: 1, runtime: 9)
  🔄 "event compiler/rustc_hir_analysis/src/check/compare_impl_item.rs:695" ↔ compare_impl_item (static: 1, runtime: 6)
  🔄 passes_no_link ↔ link (static: 1, runtime: 9)
  🔄 "attr_parsing_incompatible_wasm_link" ↔ link (static: 1, runtime: 9)
  🔄 "event compiler/rustc_trait_selection/src/traits/coherence.rs:128" ↔ traits (static: 1, runtime: 4)
  🔄 "event compiler/rustc_trait_selection/src/traits/mod.rs:773" ↔ traits (static: 1, runtime: 4)
  🔄 pat ↔ dyn_compatibility_violations (static: 1, runtime: 5)

🔗 SEMANTIC MATCHES:
  🎯 Pattern 'new': 189 static ↔ 1 runtime
    📊 Static: new_source_file (4)
    📊 Static: incremental_create_new (1)
    📊 Static: incremental_write_new (1)
    ⚡ Runtime: maybe_create_a_macro_crate (9)

  🎯 Pattern 'encode': 53 static ↔ 4 runtime
    📊 Static: metadata_fail_create_file_encoder (1)
    📊 Static: "event compiler/rustc_metadata/src/rmeta/encoder.rs:660" (1)
    📊 Static: "always_encode_mir" (1)
    ⚡ Runtime: encode_query_results_for (9)
    ⚡ Runtime: incr_comp_encode_dep_graph_finish (9)
    ⚡ Runtime: encode_query_results (9)

  🎯 Pattern 'decode': 22 static ↔ 79 runtime
    📊 Static: "event compiler/rustc_metadata/src/rmeta/decoder.rs:1668" (1)
    📊 Static: "event compiler/rustc_metadata/src/rmeta/decoder.rs:1541" (1)
    📊 Static: "event compiler/rustc_metadata/src/rmeta/decoder.rs:498" (1)
    ⚡ Runtime: metadata_decode_entry_is_no_builtins (9)
    ⚡ Runtime: metadata_decode_entry_defaultness (9)
    ⚡ Runtime: metadata_decode_entry_crate_name (9)

  🎯 Pattern 'meta': 398 static ↔ 83 runtime
    📊 Static: MetaItemLit (1)
    📊 Static: "metadata_full_metadata_not_found" (1)
    📊 Static: metadata_fail_create_file_encoder (1)
    ⚡ Runtime: metadata_decode_entry_is_no_builtins (9)
    ⚡ Runtime: metadata_decode_entry_defaultness (9)
    ⚡ Runtime: metadata_decode_entry_crate_name (9)

  🎯 Pattern 'parse': 1100 static ↔ 1 runtime
    📊 Static: PassByValueParser (1)
    📊 Static: parse_label_unmatched (1)
    📊 Static: "parse_invalid_digit_literal" (1)
    ⚡ Runtime: parse_crate (9)

  🎯 Pattern 'span': 325 static ↔ 6 runtime
    📊 Static: span_suggestion_short (1)
    📊 Static: CollectUsageSpans (1)
    📊 Static: "rustc_query_impl::query_impl::source_span" (6)
    ⚡ Runtime: metadata_decode_entry_def_ident_span (9)
    ⚡ Runtime: ty_span (4)
    ⚡ Runtime: def_ident_span (9)

  🎯 Pattern 'error': 1094 static ↔ 3 runtime
    📊 Static: HumanReadableErrorType (1)
    📊 Static: "the query `enforce_impl_non_lifetime_params_are_constrained` has a value type `Result < (), ErrorGuaranteed >` that is too large" (1)
    📊 Static: NextSolverError (1)
    ⚡ Runtime: has_alloc_error_handler (6)
    ⚡ Runtime: resolve_report_errors (9)
    ⚡ Runtime: alloc_error_handler_kind (5)

  🎯 Pattern 'ast': 635 static ↔ 5 runtime
    📊 Static: "lint_invalid_reference_casting_note_book" (1)
    📊 Static: "ast_passes_abi_custom_safe_foreign_function" (1)
    📊 Static: trait_selection_fn_consider_casting_both (1)
    ⚡ Runtime: AST_validation (9)
    ⚡ Runtime: emit_ast_lowering_delayed_lints (9)
    ⚡ Runtime: pre_AST_expansion_lint_checks (9)

  🎯 Pattern 'trait': 1829 static ↔ 19 runtime
    📊 Static: trait_bound (3)
    📊 Static: AsyncFnInTraitDiag (1)
    📊 Static: "event compiler/rustc_trait_selection/src/traits/coherence.rs:128" (1)
    ⚡ Runtime: metadata_decode_entry_associated_types_for_impl_traits_in_trait_or_impl (6)
    ⚡ Runtime: trait_explicit_predicates_and_bounds (3)
    ⚡ Runtime: check_unused_traits (8)

  🎯 Pattern 'impl': 1805 static ↔ 49 runtime
    📊 Static: "event compiler/rustc_hir_analysis/src/check/compare_impl_item.rs:695" (1)
    📊 Static: "lint_non_local_definitions_impl" (1)
    📊 Static: AllowIncoherentImplParser (1)
    ⚡ Runtime: crate_inherent_impls_overlap_check (8)
    ⚡ Runtime: metadata_decode_entry_associated_types_for_impl_traits_in_trait_or_impl (6)
    ⚡ Runtime: inherent_impls (9)

📊 SUMMARY:
  Total matches: 13983
  Match rate: 41.6%
  Semantic patterns: 10
