🔍 Extracting Liftable Usage Examples from Existing Data
========================================================

🎯 TYPE_SYSTEM EXAMPLES:
  📋 "#### Note: this error code is no longer emitted by the compiler

A non-`'static` lifetime was used in a const generic. This is currently not
allowed.

Erroneous code example:

```compile_fail,E0770
#![feature(adt_const_params, unsized_const_params)]

fn function_with_str<'a, const STRING: &'a str>() {} // error!
```

To fix this issue, the lifetime in the const generic need to be changed to
`'static`:

```
#![feature(adt_const_params, unsized_const_params)]

fn function_with_str<const STRING: &'static str>() {} // ok!
```

For more information, see [GitHub issue #74052].

[GitHub issue #74052]: https://github.com/rust-lang/rust/issues/74052
" | NumericLiteral | literal | literals
  📋 "#### Note: this error code is no longer emitted by the compiler

Plugin `..` only found in rlib format, but must be available in dylib format.

Erroneous code example:

`rlib-plugin.rs`
```ignore (needs-linkage-with-other-tests)
#![crate_type = "rlib"]
#![feature(rustc_private)]

extern crate rustc_middle;
extern crate rustc_driver;

use rustc_driver::plugin::Registry;

#[no_mangle]
fn __rustc_plugin_registrar(_: &mut Registry) {}
```

`main.rs`
```ignore (needs-linkage-with-other-tests)
#![feature(plugin)]
#![plugin(rlib_plugin)] // error: plugin `rlib_plugin` only found in rlib
                        //        format, but must be available in dylib

fn main() {}
```

The compiler exposes a plugin interface to allow altering the compile process
(adding lints, etc). Plugins must be defined in their own crates (similar to
[proc-macro](../reference/procedural-macros.html) isolation) and then compiled
and linked to another crate. Plugin crates *must* be compiled to the
dynamically-linked dylib format, and not the statically-linked rlib format.
Learn more about different output types in
[this section](../reference/linkage.html) of the Rust reference.

This error is easily fixed by recompiling the plugin crate in the dylib format.
" | NumericLiteral | literal | literals
  📋 "#### Note: this error code is no longer emitted by the compiler

Support for Non-Lexical Lifetimes (NLL) has been included in the Rust compiler
since 1.31, and has been enabled on the 2015 edition since 1.36. The new borrow
checker for NLL uncovered some bugs in the old borrow checker, which in some
cases allowed unsound code to compile, resulting in memory safety issues.

### What do I do?

Change your code so the warning does no longer trigger. For backwards
compatibility, this unsound code may still compile (with a warning) right now.
However, at some point in the future, the compiler will no longer accept this
code and will throw a hard error.

### Shouldn't you fix the old borrow checker?

The old borrow checker has known soundness issues that are basically impossible
to fix. The new NLL-based borrow checker is the fix.

### Can I turn these warnings into errors by denying a lint?

No.

### When are these warnings going to turn into errors?

No formal timeline for turning the warnings into errors has been set. See
[GitHub issue 58781](https://github.com/rust-lang/rust/issues/58781) for more
information.

### Why do I get this message with code that doesn't involve borrowing?

There are some known bugs that trigger this message.
" | NumericLiteral | literal | literals
  📋 "#### Note: this error code is no longer emitted by the compiler

This is because it was too specific to the `inline` attribute.
Similar diagnostics occur for other attributes too.
The example here will now emit `E0805`

The `inline` attribute was malformed.

Erroneous code example:

```compile_fail,E0805
#[inline()] // error: expected one argument
pub fn something() {}

fn main() {}
```

The parenthesized `inline` attribute requires the parameter to be specified:

```
#[inline(always)]
fn something() {}
```

or:

```
#[inline(never)]
fn something() {}
```

Alternatively, a paren-less version of the attribute may be used to hint the
compiler about inlining opportunity:

```
#[inline]
fn something() {}
```

For more information see the [`inline` attribute][inline-attribute] section
of the Reference.

[inline-attribute]: https://doc.rust-lang.org/reference/attributes/codegen.html#the-inline-attribute
" | NumericLiteral | literal | literals
  📋 "#### Note: this error code is no longer emitted by the compiler

You implemented a trait, overriding one or more of its associated types but did
not reimplement its default methods.

Example of erroneous code:

```
#![feature(associated_type_defaults)]

pub trait Foo {
    type Assoc = u8;
    fn bar(&self) {}
}

impl Foo for i32 {
    // error - the following trait items need to be reimplemented as
    //         `Assoc` was overridden: `bar`
    type Assoc = i32;
}
```

To fix this, add an implementation for each default method from the trait:

```
#![feature(associated_type_defaults)]

pub trait Foo {
    type Assoc = u8;
    fn bar(&self) {}
}

impl Foo for i32 {
    type Assoc = i32;
    fn bar(&self) {} // ok!
}
```
" | NumericLiteral | literal | literals
  📋 "#### Note: this error code is no longer emitted by the compiler.


`#[ffi_returns_twice]` was used on something other than a foreign function
declaration.

Erroneous code example:

```compile_fail
#![feature(ffi_returns_twice)]
#![crate_type = "lib"]

#[ffi_returns_twice] // error!
pub fn foo() {}
```

`#[ffi_returns_twice]` can only be used on foreign function declarations.
For example, we might correct the previous example by declaring
the function inside of an `extern` block.

```compile_fail
#![feature(ffi_returns_twice)]

extern "C" {
   #[ffi_returns_twice] // ok!
   pub fn foo();
}
```
" | NumericLiteral | literal | literals
  📋 "#### Note: this error code is no longer emitted by the compiler.

A `#[coverage(off|on)]` attribute was found in a position where it is not
allowed.

Coverage attributes can be applied to:
- Function and method declarations that have a body, including trait methods
  that have a default implementation.
- Closure expressions, in situations where attributes can be applied to
  expressions.
- `impl` blocks (inherent or trait), and modules.

Example of erroneous code:

```ignore (no longer emitted)
unsafe extern "C" {
    #[coverage(off)]
    fn foreign_fn();
}
```

When using the `-C instrument-coverage` flag, coverage attributes act as a
hint to the compiler that it should instrument or not instrument the
corresponding function or enclosed functions. The precise effect of applying
a coverage attribute is not guaranteed and may change in future compiler
versions.
" | NumericLiteral | literal | literals
  📋 "#### Note: this error code is no longer emitted by the compiler.

A function with the `start` attribute was declared with type parameters.
" | NumericLiteral | literal | literals
  📋 "#### Note: this error code is no longer emitted by the compiler.

A lifetime of a returned value does not outlive the function call.

Erroneous code example:

```compile_fail,E0700
fn prefix<'a>(
    words: impl Iterator<Item = &'a str>
) -> impl Iterator<Item = String> { // error!
    words.map(|v| format!("foo-{}", v))
}
```

To fix this error, make the lifetime of the returned value explicit:

```
fn prefix<'a>(
    words: impl Iterator<Item = &'a str> + 'a
) -> impl Iterator<Item = String> + 'a { // ok!
    words.map(|v| format!("foo-{}", v))
}
```

The [`impl Trait`] feature in this example uses an implicit `'static` lifetime
restriction in the returned type. However the type implementing the `Iterator`
passed to the function lives just as long as `'a`, which is not long enough.

The solution involves adding lifetime bound to both function argument and
the return value to make sure that the values inside the iterator
are not dropped when the function goes out of the scope.

An alternative solution would be to guarantee that the `Item` references
in the iterator are alive for the whole lifetime of the program.

```
fn prefix(
    words: impl Iterator<Item = &'static str>
) -> impl Iterator<Item = String> {  // ok!
    words.map(|v| format!("foo-{}", v))
}
```

A similar lifetime problem might arise when returning closures:

```compile_fail,E0700
fn foo(
    x: &mut Vec<i32>
) -> impl FnMut(&mut Vec<i32>) -> &[i32] { // error!
    |y| {
        y.append(x);
        y
    }
}
```

Analogically, a solution here is to use explicit return lifetime
and move the ownership of the variable to the closure.

```
fn foo<'a>(
    x: &'a mut Vec<i32>
) -> impl FnMut(&mut Vec<i32>) -> &[i32] + 'a { // ok!
    move |y| {
        y.append(x);
        y
    }
}
```

To better understand the lifetime treatment in the [`impl Trait`],
please see the [RFC 1951].

[`impl Trait`]: https://doc.rust-lang.org/reference/types/impl-trait.html
[RFC 1951]: https://rust-lang.github.io/rfcs/1951-expand-impl-trait.html
" | NumericLiteral | literal | literals
  📋 "#### Note: this error code is no longer emitted by the compiler.

A method was called on a raw pointer whose inner type wasn't completely known.

Erroneous code example:

```compile_fail,edition2018
# #![deny(warnings)]
# fn main() {
let foo = &1;
let bar = foo as *const _;
if bar.is_null() {
    // ...
}
# }
```

Here, the type of `bar` isn't known; it could be a pointer to anything. Instead,
specify a type for the pointer (preferably something that makes sense for the
thing you're pointing to):

```
let foo = &1;
let bar = foo as *const i32;
if bar.is_null() {
    // ...
}
```

Even though `is_null()` exists as a method on any raw pointer, Rust shows this
error because  Rust allows for `self` to have arbitrary types (behind the
arbitrary_self_types feature flag).

This means that someone can specify such a function:

```ignore (cannot-doctest-feature-doesnt-exist-yet)
impl Foo {
    fn is_null(self: *const Self) -> bool {
        // do something else
    }
}
```

and now when you call `.is_null()` on a raw pointer to `Foo`, there's ambiguity.

Given that we don't know what type the pointer is, and there's potential
ambiguity for some types, we disallow calling methods on raw pointers when
the type is unknown.
" | NumericLiteral | literal | literals
  ... and 13444 more examples

🎯 PATTERN_MATCHING EXAMPLES:
  📋 "#### Note: this error code is no longer emitted by the compiler.

A `while let` pattern attempts to match the pattern, and enters the body if the
match was successful. If the match is irrefutable (when it cannot fail to
match), use a regular `let`-binding inside a `loop` instead. For instance:

```no_run
struct Irrefutable(i32);
let irr = Irrefutable(0);

// This fails to compile because the match is irrefutable.
while let Irrefutable(x) = irr {
    // ...
}
```

Try this instead:

```no_run
struct Irrefutable(i32);
let irr = Irrefutable(0);

loop {
    let Irrefutable(x) = irr;
    // ...
}
```
" | NumericLiteral | literal | literals
  📋 "#### Note: this error code is no longer emitted by the compiler.

A lifetime cannot be determined in the given situation.

Erroneous code example:

```compile_fail
fn transmute_lifetime<'a, 'b, T>(t: &'a (T,)) -> &'b T {
    match (&t,) { // error!
        ((u,),) => u,
    }
}

let y = Box::new((42,));
let x = transmute_lifetime(&y);
```

In this code, you have two ways to solve this issue:
 1. Enforce that `'a` lives at least as long as `'b`.
 2. Use the same lifetime requirement for both input and output values.

So for the first solution, you can do it by replacing `'a` with `'a: 'b`:

```
fn transmute_lifetime<'a: 'b, 'b, T>(t: &'a (T,)) -> &'b T {
    match (&t,) { // ok!
        ((u,),) => u,
    }
}
```

In the second you can do it by simply removing `'b` so they both use `'a`:

```
fn transmute_lifetime<'a, T>(t: &'a (T,)) -> &'a T {
    match (&t,) { // ok!
        ((u,),) => u,
    }
}
```
" | NumericLiteral | literal | literals
  📋 "#### Note: this error code is no longer emitted by the compiler.

An `if let` pattern attempts to match the pattern, and enters the body if the
match was successful. If the match is irrefutable (when it cannot fail to
match), use a regular `let`-binding instead. For instance:

```
struct Irrefutable(i32);
let irr = Irrefutable(0);

// This fails to compile because the match is irrefutable.
if let Irrefutable(x) = irr {
    // This body will always be executed.
    // ...
}
```

Try this instead:

```
struct Irrefutable(i32);
let irr = Irrefutable(0);

let Irrefutable(x) = irr;
println!("{}", x);
```
" | NumericLiteral | literal | literals
  📋 "#### Note: this error code is no longer emitted by the compiler.

Assignments are not allowed in pattern guards, because matching cannot have
side effects. Side effects could alter the matched object or the environment
on which the match depends in such a way, that the match would not be
exhaustive. For instance, the following would not match any arm if assignments
were allowed:

```compile_fail,E0594
match Some(()) {
    None => { },
    option if { option = None; false } => { },
    Some(_) => { } // When the previous match failed, the option became `None`.
}
```
" | NumericLiteral | literal | literals
  📋 "#### Note: this error code is no longer emitted by the compiler.

In Rust 1.3, the default object lifetime bounds are expected to change, as
described in [RFC 1156]. You are getting a warning because the compiler
thinks it is possible that this change will cause a compilation error in your
code. It is possible, though unlikely, that this is a false alarm.

The heart of the change is that where `&'a Box<SomeTrait>` used to default to
`&'a Box<SomeTrait+'a>`, it now defaults to `&'a Box<SomeTrait+'static>` (here,
`SomeTrait` is the name of some trait type). Note that the only types which are
affected are references to boxes, like `&Box<SomeTrait>` or
`&[Box<SomeTrait>]`. More common types like `&SomeTrait` or `Box<SomeTrait>`
are unaffected.

To silence this warning, edit your code to use an explicit bound. Most of the
time, this means that you will want to change the signature of a function that
you are calling. For example, if the error is reported on a call like `foo(x)`,
and `foo` is defined as follows:

```
# trait SomeTrait {}
fn foo(arg: &Box<SomeTrait>) { /* ... */ }
```

You might change it to:

```
# trait SomeTrait {}
fn foo<'a>(arg: &'a Box<SomeTrait+'a>) { /* ... */ }
```

This explicitly states that you expect the trait object `SomeTrait` to contain
references (with a maximum lifetime of `'a`).

[RFC 1156]: https://github.com/rust-lang/rfcs/blob/master/text/1156-adjust-default-object-bounds.md
" | NumericLiteral | literal | literals
  📋 "#### Note: this error code is no longer emitted by the compiler.

In a pattern, all values that don't implement the `Copy` trait have to be bound
the same way. The goal here is to avoid binding simultaneously by-move and
by-ref.

This limitation may be removed in a future version of Rust.

Erroneous code example:

```
#![feature(move_ref_pattern)]

struct X { x: (), }

let x = Some((X { x: () }, X { x: () }));
match x {
    Some((y, ref z)) => {}, // error: cannot bind by-move and by-ref in the
                            //        same pattern
    None => panic!()
}
```

You have two solutions:

Solution #1: Bind the pattern's values the same way.

```
struct X { x: (), }

let x = Some((X { x: () }, X { x: () }));
match x {
    Some((ref y, ref z)) => {},
    // or Some((y, z)) => {}
    None => panic!()
}
```

Solution #2: Implement the `Copy` trait for the `X` structure.

However, please keep in mind that the first solution should be preferred.

```
#[derive(Clone, Copy)]
struct X { x: (), }

let x = Some((X { x: () }, X { x: () }));
match x {
    Some((y, ref z)) => {},
    None => panic!()
}
```
" | NumericLiteral | literal | literals
  📋 "#### Note: this error code is no longer emitted by the compiler.

Mutable borrows are not allowed in pattern guards, because matching cannot have
side effects. Side effects could alter the matched object or the environment
on which the match depends in such a way, that the match would not be
exhaustive. For instance, the following would not match any arm if mutable
borrows were allowed:

```compile_fail,E0596
match Some(()) {
    None => { },
    option if option.take().is_none() => {
        /* impossible, option is `Some` */
    },
    Some(_) => { } // When the previous match failed, the option became `None`.
}
```
" | NumericLiteral | literal | literals
  📋 "#### Note: this error code is no longer emitted by the compiler.

Patterns used to bind names must be irrefutable. That is, they must guarantee
that a name will be extracted in all cases. Instead of pattern matching the
loop variable, consider using a `match` or `if let` inside the loop body. For
instance:

```compile_fail,E0005
let xs : Vec<Option<i32>> = vec![Some(1), None];

// This fails because `None` is not covered.
for Some(x) in xs {
    // ...
}
```

Match inside the loop instead:

```
let xs : Vec<Option<i32>> = vec![Some(1), None];

for item in xs {
    match item {
        Some(x) => {},
        None => {},
    }
}
```

Or use `if let`:

```
let xs : Vec<Option<i32>> = vec![Some(1), None];

for item in xs {
    if let Some(x) = item {
        // ...
    }
}
```
" | NumericLiteral | literal | literals
  📋 "#### Note: this error code is no longer emitted by the compiler.

Reference's lifetime of borrowed content doesn't match the expected lifetime.

Erroneous code example:

```compile_fail
pub fn opt_str<'a>(maybestr: &'a Option<String>) -> &'static str {
    if maybestr.is_none() {
        "(none)"
    } else {
        let s: &'a str = maybestr.as_ref().unwrap();
        s  // Invalid lifetime!
    }
}
```

To fix this error, either lessen the expected lifetime or find a way to not have
to use this reference outside of its current scope (by running the code directly
in the same block for example?):

```
// In this case, we can fix the issue by switching from "static" lifetime to 'a
pub fn opt_str<'a>(maybestr: &'a Option<String>) -> &'a str {
    if maybestr.is_none() {
        "(none)"
    } else {
        let s: &'a str = maybestr.as_ref().unwrap();
        s  // Ok!
    }
}
```
" | NumericLiteral | literal | literals
  📋 "#### Note: this error code is no longer emitted by the compiler.

Sub-bindings, e.g. `ref x @ Some(ref y)` are now allowed under
`#![feature(bindings_after_at)]` and checked to make sure that
memory safety is upheld.

--------------

In certain cases it is possible for sub-bindings to violate memory safety.
Updates to the borrow checker in a future version of Rust may remove this
restriction, but for now patterns must be rewritten without sub-bindings.

Before:

```compile_fail
match Some("hi".to_string()) {
    ref op_string_ref @ Some(s) => {},
    None => {},
}
```

After:

```
match Some("hi".to_string()) {
    Some(ref s) => {
        let op_string_ref = &Some(s);
        // ...
    },
    None => {},
}
```

The `op_string_ref` binding has type `&Option<&String>` in both cases.

See also [Issue 14587][issue-14587].

[issue-14587]: https://github.com/rust-lang/rust/issues/14587
" | NumericLiteral | literal | literals
  ... and 1114 more examples

🎯 MACRO_USAGE EXAMPLES:
  📋 ""invalid_parameter" isn't a valid argument for `#[macro_export]`" | NumericLiteral | literal | literals
  📋 "#### Note: this error code is no longer emitted by the compiler

An invalid meta-item was used inside an attribute.

Erroneous code example:

```compile_fail,E0539
#[deprecated(note)] // error!
fn i_am_deprecated() {}
```

Meta items are the key-value pairs inside of an attribute. To fix this issue,
you need to give a value to the `note` key. Example:

```
#[deprecated(note = "because")] // ok!
fn i_am_deprecated() {}
```
" | NumericLiteral | literal | literals
  📋 "#### Note: this error code is no longer emitted by the compiler

More than one `deprecated` attribute has been put on an item.

Erroneous code example:

```compile_fail
#[deprecated(note = "because why not?")]
#[deprecated(note = "right?")] // error!
fn the_banished() {}
```

The `deprecated` attribute can only be present **once** on an item.

```
#[deprecated(note = "because why not, right?")]
fn the_banished() {} // ok!
```
" | NumericLiteral | literal | literals
  📋 "#### Note: this error code is no longer emitted by the compiler

This is because it was too specific to the `inline` attribute.
Similar diagnostics occur for other attributes too.
The example here will now emit `E0539`


Erroneous code example:

```compile_fail,E0539
#[inline(unknown)] // error: invalid argument
pub fn something() {}

fn main() {}
```

The `inline` attribute only supports two arguments:

 * always
 * never

All other arguments given to the `inline` attribute will return this error.
Example:

```
#[inline(never)] // ok!
pub fn something() {}

fn main() {}
```

For more information see the [`inline` Attribute][inline-attribute] section
of the Reference.

[inline-attribute]: https://doc.rust-lang.org/reference/attributes/codegen.html#the-inline-attribute
" | NumericLiteral | literal | literals
  📋 "#### Note: this error code is no longer emitted by the compiler

This is because it was too specific to the `optimize` attribute.
Similar diagnostics occur for other attributes too.
The example here will now emit `E0539`

The `optimize` attribute was malformed.

Erroneous code example:

```compile_fail,E0539
#![feature(optimize_attribute)]

#[optimize(something)] // error: invalid argument
pub fn something() {}
```

The `#[optimize]` attribute should be used as follows:

- `#[optimize(size)]` -- instructs the optimization pipeline to generate code
  that's smaller rather than faster

- `#[optimize(speed)]` -- instructs the optimization pipeline to generate code
  that's faster rather than smaller

For example:

```
#![feature(optimize_attribute)]

#[optimize(size)]
pub fn something() {}
```

See [RFC 2412] for more details.

[RFC 2412]: https://rust-lang.github.io/rfcs/2412-optimize-attr.html
" | NumericLiteral | literal | literals
  📋 "#### Note: this error code is no longer emitted by the compiler.

A `#![feature]` attribute was used for a feature that is stable in the
current edition, but not in all editions.

Erroneous code example:

```compile_fail
#![feature(rust_2018_preview)]
#![feature(test_2018_feature)] // error: the feature
                               // `test_2018_feature` is
                               // included in the Rust 2018 edition
```
" | NumericLiteral | literal | literals
  📋 "#### Note: this error code is no longer emitted by the compiler.

A clobber was surrounded by braces in the `llvm_asm` macro.

Erroneous code example:

```ignore (no longer emitted)
llvm_asm!("mov $$0x200, %eax"
          :
          :
          : "{eax}"
         );
```
" | NumericLiteral | literal | literals
  📋 "#### Note: this error code is no longer emitted by the compiler.

An invalid input operand constraint was passed to the `llvm_asm` macro
(third line).

Erroneous code example:

```ignore (no longer emitted)
llvm_asm!("xor %eax, %eax"
          :
          : "+test"("a")
         );
```
" | NumericLiteral | literal | literals
  📋 "#### Note: this error code is no longer emitted by the compiler.

An invalid input operand constraint was passed to the `llvm_asm` macro
(third line).

Erroneous code example:

```ignore (no longer emitted)
llvm_asm!("xor %eax, %eax"
          :
          : "=test"("a")
         );
```
" | NumericLiteral | literal | literals
  📋 "#### Note: this error code is no longer emitted by the compiler.

An invalid syntax was passed to the second argument of an `llvm_asm` macro line.

Erroneous code example:

```ignore (no longer emitted)
let a;
llvm_asm!("nop" : "r"(a));
```
" | NumericLiteral | literal | literals
  ... and 2496 more examples

🎯 CONTROL_FLOW EXAMPLES:
  📋 "#### Note: this error code is no longer emitted by the compiler.

A lifetime was declared more than once in the same scope.

Erroneous code example:

```compile_fail,E0403
fn foo<'a, 'b, 'a>(x: &'a str, y: &'b str, z: &'a str) { // error!
}
```

Two lifetimes cannot have the same name. To fix this example, change
the second `'a` lifetime into something else (`'c` for example):

```
fn foo<'a, 'b, 'c>(x: &'a str, y: &'b str, z: &'c str) { // ok!
}
```
" | NumericLiteral | literal | literals
  📋 "#### Note: this error code is no longer emitted by the compiler.

An intrinsic was declared without being a function.

Erroneous code example:

```ignore (no longer emitted)
#![feature(intrinsics)]
#![allow(internal_features)]

extern "C" {
    #[rustc_intrinsic]
    pub static atomic_singlethreadfence_seqcst: unsafe fn();
    // error: intrinsic must be a function
}

fn main() { unsafe { atomic_singlethreadfence_seqcst(); } }
```

An intrinsic is a function available for use in a given programming language
whose implementation is handled specially by the compiler. In order to fix this
error, just declare a function. Example:

```ignore (no longer emitted)
#![feature(intrinsics)]
#![allow(internal_features)]

#[rustc_intrinsic]
pub unsafe fn atomic_singlethreadfence_seqcst(); // ok!

fn main() { unsafe { atomic_singlethreadfence_seqcst(); } }
```
" | NumericLiteral | literal | literals
  📋 "#### Note: this error code is no longer emitted by the compiler.

An unsupported expression was used inside a const context.

Erroneous code example:

```ignore (removed error code)
const _: i32 = {
    async { 0 }.await
};
```

At the moment, `.await` is forbidden inside a `const`, `static`, or `const fn`.

This may be allowed at some point in the future, but the implementation is not
yet complete. See the tracking issue for [`async`] in `const fn`.

[`async`]: https://github.com/rust-lang/rust/issues/69431
" | NumericLiteral | literal | literals
  📋 "#### Note: this error code is no longer emitted by the compiler.

Cannot convert inline assembly operand to a single LLVM value.

Erroneous code example:

```ignore (no longer emitted)
#![feature(llvm_asm)]

fn main() {
    unsafe {
        llvm_asm!("" :: "r"("")); // error!
    }
}
```

This error usually happens when trying to pass in a value to an input inline
assembly operand that is actually a pair of values. In particular, this can
happen when trying to pass in a slice, for instance a `&str`. In Rust, these
values are represented internally as a pair of values, the pointer and its
length. When passed as an input operand, this pair of values can not be
coerced into a register and thus we must fail with an error.
" | NumericLiteral | literal | literals
  📋 "#### Note: this error code is no longer emitted by the compiler.

Imports (`use` statements) are not allowed after non-item statements, such as
variable declarations and expression statements.

Here is an example that demonstrates the error:

```
fn f() {
    // Variable declaration before import
    let x = 0;
    use std::io::Read;
    // ...
}
```

The solution is to declare the imports at the top of the block, function, or
file.

Here is the previous example again, with the correct order:

```
fn f() {
    use std::io::Read;
    let x = 0;
    // ...
}
```

See the [Declaration Statements][declaration-statements] section of the
reference for more information about what constitutes an item declaration
and what does not.

[declaration-statements]: https://doc.rust-lang.org/reference/statements.html#declaration-statements
" | NumericLiteral | literal | literals
  📋 "#### Note: this error code is no longer emitted by the compiler.

In-band lifetimes cannot be used in `fn`/`Fn` syntax.

Erroneous code examples:

```ignore (feature got removed)
#![feature(in_band_lifetimes)]

fn foo(x: fn(&'a u32)) {} // error!

fn bar(x: &Fn(&'a u32)) {} // error!

fn baz(x: fn(&'a u32), y: &'a u32) {} // error!

struct Foo<'a> { x: &'a u32 }

impl Foo<'a> {
    fn bar(&self, x: fn(&'a u32)) {} // error!
}
```

Lifetimes used in `fn` or `Fn` syntax must be explicitly
declared using `<...>` binders. For example:

```
fn foo<'a>(x: fn(&'a u32)) {} // ok!

fn bar<'a>(x: &Fn(&'a u32)) {} // ok!

fn baz<'a>(x: fn(&'a u32), y: &'a u32) {} // ok!

struct Foo<'a> { x: &'a u32 }

impl<'a> Foo<'a> {
    fn bar(&self, x: fn(&'a u32)) {} // ok!
}
```
" | NumericLiteral | literal | literals
  📋 "#### Note: this error code is no longer emitted by the compiler.

In-band lifetimes were mixed with explicit lifetime binders.

Erroneous code example:

```ignore (feature got removed)
#![feature(in_band_lifetimes)]

fn foo<'a>(x: &'a u32, y: &'b u32) {}   // error!

struct Foo<'a> { x: &'a u32 }

impl Foo<'a> {
    fn bar<'b>(x: &'a u32, y: &'b u32, z: &'c u32) {}   // error!
}

impl<'b> Foo<'a> {  // error!
    fn baz() {}
}
```

In-band lifetimes cannot be mixed with explicit lifetime binders.
For example:

```
fn foo<'a, 'b>(x: &'a u32, y: &'b u32) {}   // ok!

struct Foo<'a> { x: &'a u32 }

impl<'a> Foo<'a> {
    fn bar<'b,'c>(x: &'a u32, y: &'b u32, z: &'c u32) {}    // ok!
}

impl<'a> Foo<'a> {  // ok!
    fn baz() {}
}
```
" | NumericLiteral | literal | literals
  📋 "#### Note: this error code is no longer emitted by the compiler.

More than one `main` function was found.

Erroneous code example:

```compile_fail
fn main() {
    // ...
}

// ...

fn main() { // error!
    // ...
}
```

A binary can only have one entry point, and by default that entry point is the
`main()` function. If there are multiple instances of this function, please
rename one of them.
" | NumericLiteral | literal | literals
  📋 "#### Note: this error code is no longer emitted by the compiler.

The compiler found multiple library files with the requested crate name.

```compile_fail
// aux-build:crateresolve-1.rs
// aux-build:crateresolve-2.rs
// aux-build:crateresolve-3.rs

extern crate crateresolve;
//~^ ERROR multiple candidates for `rlib` dependency `crateresolve` found

fn main() {}
```

This error can occur in several different cases -- for example, when using
`extern crate` or passing `--extern` options without crate paths. It can also be
caused by caching issues with the build directory, in which case `cargo clean`
may help.

In the above example, there are three different library files, all of which
define the same crate name. Without providing a full path, there is no way for
the compiler to know which crate it should use.

*Note that E0523 has been merged into E0464.*
" | NumericLiteral | literal | literals
  📋 "#### Note: this error code is no longer emitted by the compiler.

The length of the platform-intrinsic function `simd_shuffle` wasn't specified.

Erroneous code example:

```ignore (no longer emitted)
#![feature(platform_intrinsics)]

extern "platform-intrinsic" {
    fn simd_shuffle<A,B>(a: A, b: A, c: [u32; 8]) -> B;
    // error: invalid `simd_shuffle`, needs length: `simd_shuffle`
}
```

The `simd_shuffle` function needs the length of the array passed as
last parameter in its name. Example:

```ignore (no longer compiles)
#![feature(platform_intrinsics)]

extern "platform-intrinsic" {
    fn simd_shuffle8<A,B>(a: A, b: A, c: [u32; 8]) -> B;
}
```
" | NumericLiteral | literal | literals
  ... and 3976 more examples

🎯 MEMORY_SAFETY EXAMPLES:
  📋 "#### Note: this error code is no longer emitted by the compiler.

An undefined atomic operation function was declared.

Erroneous code example:

```ignore (no longer emitted)
#![feature(intrinsics)]
#![allow(internal_features)]

#[rustc_intrinsic]
unsafe fn atomic_foo(); // error: unrecognized atomic operation
                        //        function
```

Please check you didn't make a mistake in the function's name. All intrinsic
functions are defined in `library/core/src/intrinsics` in the Rust source code.
" | NumericLiteral | literal | literals
  📋 "#### Note: this error code is no longer emitted by the compiler.

You cannot define a struct (or enum) `Foo` that requires an instance of `Foo`
in order to make a new `Foo` value. This is because there would be no way a
first instance of `Foo` could be made to initialize another instance!

Here's an example of a struct that has this problem:

```
struct Foo { x: Box<Foo> } // error
```

One fix is to use `Option`, like so:

```
struct Foo { x: Option<Box<Foo>> }
```

Now it's possible to create at least one instance of `Foo`: `Foo { x: None }`.
" | NumericLiteral | literal | literals
  📋 "<https://doc.rust-lang.org/edition-guide/rust-2024/intoiterator-box-slice.html>" | NumericLiteral | literal | literals
  📋 "<https://doc.rust-lang.org/edition-guide/rust-2024/newly-unsafe-functions.html>" | NumericLiteral | literal | literals
  📋 "<https://doc.rust-lang.org/edition-guide/rust-2024/unsafe-extern.html>" | NumericLiteral | literal | literals
  📋 "<https://doc.rust-lang.org/edition-guide/rust-2024/unsafe-op-in-unsafe-fn.html>" | NumericLiteral | literal | literals
  📋 "An unknown intrinsic function was declared.

Erroneous code example:

```compile_fail,E0093
#![feature(intrinsics)]
#![allow(internal_features)]

#[rustc_intrinsic]
unsafe fn foo(); // error: unrecognized intrinsic function: `foo`

fn main() {
    unsafe {
        foo();
    }
}
```

Please check you didn't make a mistake in the function's name. All intrinsic
functions are defined in `library/core/src/intrinsics` in the Rust source code.
" | NumericLiteral | literal | literals
  📋 "BOXED_SLICE_INTO_ITER" | NumericLiteral | literal | literals
  📋 "Box Drawings Heavy Horizontal" | NumericLiteral | literal | literals
  📋 "Box Drawings Light Diagonal Upper Right To Lower Left" | NumericLiteral | literal | literals
  ... and 850 more examples

🎯 FIELD_ACCESS EXAMPLES:
  📋 "An assignment operator was used on a non-place expression.

Erroneous code examples:

```compile_fail,E0070
struct SomeStruct {
    x: i32,
    y: i32,
}

const SOME_CONST: i32 = 12;

fn some_other_func() {}

fn some_function() {
    SOME_CONST = 14; // error: a constant value cannot be changed!
    1 = 3; // error: 1 isn't a valid place!
    some_other_func() = 4; // error: we cannot assign value to a function!
    SomeStruct::x = 12; // error: SomeStruct a structure name but it is used
                        //        like a variable!
}
```

The left-hand side of an assignment operator must be a place expression. A
place expression represents a memory location and can be a variable (with
optional namespacing), a dereference, an indexing expression or a field
reference.

More details can be found in the [Expressions] section of the Reference.

[Expressions]: https://doc.rust-lang.org/reference/expressions.html#places-rvalues-and-temporaries

And now let's give working examples:

```
struct SomeStruct {
    x: i32,
    y: i32,
}
let mut s = SomeStruct { x: 0, y: 0 };

s.x = 3; // that's good !

// ...

fn some_func(x: &mut i32) {
    *x = 12; // that's good !
}
```
" | NumericLiteral | literal | literals
  📋 "DEFAULT_OVERRIDES_DEFAULT_FIELDS" | NumericLiteral | literal | literals
  📋 "REPR_TRANSPARENT_EXTERNAL_PRIVATE_FIELDS" | NumericLiteral | literal | literals
  📋 "Struct update syntax was used without a base expression.

Erroneous code example:

```compile_fail,E0797
struct Foo {
    fizz: u8,
    buzz: u8
}

let f1 = Foo { fizz: 10, buzz: 1};
let f2 = Foo { fizz: 10, .. }; // error
```

Using struct update syntax requires a 'base expression'.
This will be used to fill remaining fields.

```
struct Foo {
    fizz: u8,
    buzz: u8
}

let f1 = Foo { fizz: 10, buzz: 1};
let f2 = Foo { fizz: 10, ..f1 };
```
" | NumericLiteral | literal | literals
  📋 "The float ABI setting to be configured in the LLVM target machine." | NumericLiteral | literal | literals
  📋 "You can't import a value whose name is the same as another value defined in the
module.

Erroneous code example:

```compile_fail,E0255
use bar::foo; // error: an item named `foo` is already in scope

fn foo() {}

mod bar {
     pub fn foo() {}
}

fn main() {}
```

You can use aliases in order to fix this error. Example:

```
use bar::foo as bar_foo; // ok!

fn foo() {}

mod bar {
     pub fn foo() {}
}

fn main() {}
```

Or you can reference the item with its parent:

```
fn foo() {}

mod bar {
     pub fn foo() {}
}

fn main() {
    bar::foo(); // we get the item by referring to its parent
}
```
" | NumericLiteral | literal | literals
  📋 "access" | NumericLiteral | literal | literals
  📋 "access_c" | NumericLiteral | literal | literals
  📋 "access_place" | NumericLiteral | literal | literals
  📋 "all-target-specs-json" | NumericLiteral | literal | literals
  ... and 8514 more examples

💡 LIFTABLE IMPLEMENTATION EXAMPLES:
====================================

🎯 Pattern Matching (add to working_usage_collector.rs):
```rust
rustc_hir::ExprKind::Match(expr, arms, _) => {
    self.add_usage(module, "match_expr".to_string(), "pattern_match".to_string(),
                   "PatternMatch".to_string(), "Expression".to_string(), ...);
    for arm in arms {
        // Track pattern complexity
    }
}
```
Examples found: 1124

🔧 Type System (add to working_usage_collector.rs):
```rust
rustc_hir::TyKind::Path(_) => {
    self.add_usage(module, ty_name, "type_usage".to_string(),
                   "TypeAnnotation".to_string(), "Type".to_string(), ...);
}
```
Examples found: 13454

📊 Macro Usage (expand existing coverage):
```rust
rustc_hir::ExprKind::MacCall(mac) => {
    let macro_name = mac.path.segments.last().unwrap().ident.name.to_string();
    self.add_usage(module, macro_name, "macro_call".to_string(),
                   "MacroCall".to_string(), "Expression".to_string(), ...);
}
```
Examples found: 2506

🏗️ Control Flow (add to working_usage_collector.rs):
```rust
rustc_hir::ExprKind::Loop(block, label, source, _) => {
    self.add_usage(module, "loop".to_string(), "control_flow".to_string(),
                   "LoopUsage".to_string(), "Expression".to_string(), ...);
}
```
Examples found: 3986
