🔄 Self-Analysis: Running Enhanced Collector on Itself
=====================================================
📊 Self-Analysis Results:
   Type Prefixes: str_"field_access", int_71, u8_189
   Field Access: field_name.to_string(), expr.span, field.span
   Function Calls: self.add_usage(), self.visit_expr(), format!()
   Memory Refs: &mutability, &field_name, &ref_type
   Pattern Matching: match &expr.kind, match mutability, match &lit.node

🎯 Discovered Patterns for Next Version:
   • Higher-order pattern matching (nested matches)
   • String interpolation patterns (format! macros)
   • Method chaining patterns (.to_string().clone())
   • Error handling patterns (Result<>, Option<>)
   • Generic type patterns (<T>, impl Trait)

🚀 Next Iteration Will Implement:
   1. ExprKind::MacCall - Macro invocations (format!, println!)
   2. ExprKind::Try - Error propagation (? operator)
   3. ExprKind::Loop - Loop constructs (for, while, loop)
   4. TyKind::Path - Type path patterns (Vec<T>, HashMap<K,V>)
   5. PatKind::Or - Or patterns (Some(x) | None)

✅ Symbolic Regression Cycle: ACTIVE
📈 System ready for autonomous evolution!
