🔍 UsageMeter - Connecting Runtime Compilation Traces to Usage Index
================================================================
📊 Indexed 0 functions from usage data

🔧 Analyzing rustc compilation traces...
📋 Found 10 profile files:
  1. ../../compiler/introspector-collector/compilation_trace/___-1344735.mm_profdata
    ❌ Error analyzing ___: No such file or directory (os error 2)
  2. ../../compilation_trace/comprehensive_usage_report-1347032.mm_profdata
    ❌ Error analyzing comprehensive_usage_report: No such file or directory (os error 2)
  3. ../../compilation_trace/rustc_hashes-1345511.mm_profdata
    ❌ Error analyzing rustc_hashes: No such file or directory (os error 2)
  4. ../../compilation_trace/build_common-1344821.mm_profdata
    ❌ Error analyzing build_common: No such file or directory (os error 2)
  5. ../../compilation_trace/rustc_index-1346837.mm_profdata
    ❌ Error analyzing rustc_index: No such file or directory (os error 2)

📊 UsageMeter report saved: usagemeter_report.md

🎯 USAGEMETER RESULTS:
- Indexed functions: 0
- Profile files: 10
- Function correlations: 0
- Correlation rate: NaN%
