   Compiling proc-macro2 v1.0.105
   Compiling rustc-hash v2.1.1
   Compiling parking_lot_core v0.9.12
   Compiling generic-array v0.14.7
   Compiling getrandom v0.3.4
   Compiling regex-automata v0.4.13
   Compiling rustc-stable-hash v0.1.2
   Compiling ppv-lite86 v0.2.21
   Compiling rustix v1.1.2
   Compiling rustc-hash v1.1.0
   Compiling psm v0.1.26
   Compiling perf-event-open-sys v3.0.0
   Compiling memmap2 v0.2.3
   Compiling jobserver v0.1.34
   Compiling rustc_arena v0.0.0 (/mnt/data1/nix/vendor/rust/cargo2nix/submodules/rust-build/compiler/rustc_arena)
   Compiling crossbeam-epoch v0.9.18
   Compiling blake3 v1.8.2
   Compiling rustc_graphviz v0.0.0 (/mnt/data1/nix/vendor/rust/cargo2nix/submodules/rust-build/compiler/rustc_graphviz)
   Compiling scoped-tls v1.0.1
   Compiling icu_locale_data v2.1.1
   Compiling stacker v0.1.21
   Compiling type-map v0.5.1
   Compiling rustc-literal-escaper v0.0.5
   Compiling unicode-properties v0.1.4
   Compiling rustc_hashes v0.0.0 (/mnt/data1/nix/vendor/rust/cargo2nix/submodules/rust-build/compiler/rustc_hashes)
   Compiling parking_lot v0.12.5
   Compiling unicode-xid v0.2.6
   Compiling self_cell v1.2.2
   Compiling rand_core v0.9.3
   Compiling itertools v0.12.1
   Compiling crc32fast v1.5.0
   Compiling rustc_lexer v0.0.0 (/mnt/data1/nix/vendor/rust/cargo2nix/submodules/rust-build/compiler/rustc_lexer)
   Compiling zmij v1.0.12
   Compiling serde_json v1.0.149
   Compiling wasmparser v0.236.1
   Compiling crossbeam-deque v0.8.6
   Compiling rustc_serialize v0.0.0 (/mnt/data1/nix/vendor/rust/cargo2nix/submodules/rust-build/compiler/rustc_serialize)
   Compiling ref-cast v1.0.25
   Compiling object v0.37.3
   Compiling measureme v12.0.3
   Compiling ident_case v1.0.1
   Compiling rand_chacha v0.9.0
   Compiling rustc_thread_pool v0.0.0 (/mnt/data1/nix/vendor/rust/cargo2nix/submodules/rust-build/compiler/rustc_thread_pool)
   Compiling rand_xoshiro v0.7.0
   Compiling strsim v0.11.1
   Compiling dyn-clone v1.0.20
   Compiling serde_path_to_error v0.1.20
   Compiling anstyle v1.0.13
   Compiling quote v1.0.43
   Compiling odht v0.3.1
   Compiling rand v0.9.2
   Compiling smallvec v1.15.1
   Compiling utf8parse v0.2.2
   Compiling syn v2.0.114
   Compiling anstyle-parse v0.2.7
   Compiling annotate-snippets v0.11.5
   Compiling colorchoice v1.0.4
   Compiling anstyle-query v1.1.5
   Compiling is_terminal_polyfill v1.70.2
   Compiling termize v0.2.1
   Compiling rustc_error_codes v0.0.0 (/mnt/data1/nix/vendor/rust/cargo2nix/submodules/rust-build/compiler/rustc_error_codes)
   Compiling getopts v0.2.24
   Compiling rustc_apfloat v0.2.3+llvm-462a31f5a5ab
   Compiling block-buffer v0.10.4
   Compiling crypto-common v0.1.7
   Compiling anstream v0.6.21
   Compiling datafrog v2.0.1
   Compiling futures-sink v0.3.31
   Compiling futures-core v0.3.31
   Compiling futures-io v0.3.31
   Compiling digest v0.10.7
   Compiling futures-task v0.3.31
   Compiling pin-utils v0.1.0
   Compiling futures-channel v0.3.31
   Compiling slab v0.4.11
   Compiling tinyvec_macros v0.1.1
   Compiling static_assertions v1.1.0
   Compiling tinyvec v1.10.0
   Compiling num_cpus v1.17.0
   Compiling sha2 v0.10.9
   Compiling md-5 v0.10.6
   Compiling sha1 v0.10.6
   Compiling semver v1.0.27
   Compiling getrandom v0.2.16
   Compiling polonius-engine v0.13.0
   Compiling thiserror v1.0.69
   Compiling byteorder v1.5.0
   Compiling icu_properties_data v2.1.2
   Compiling rand_core v0.6.4
   Compiling tempfile v3.23.0
   Compiling bytes v1.11.0
   Compiling rustc_version v0.4.1
   Compiling icu_normalizer_data v2.1.1
   Compiling rustc_parse_format v0.0.0 (/mnt/data1/nix/vendor/rust/cargo2nix/submodules/rust-build/compiler/rustc_parse_format)
   Compiling syn v1.0.109
   Compiling rand_chacha v0.3.1
   Compiling unicode-normalization v0.1.25
   Compiling signature v2.2.0
   Compiling data-encoding v2.9.0
   Compiling curve25519-dalek v4.1.3
   Compiling utf8_iter v1.0.4
   Compiling percent-encoding v2.3.2
   Compiling rustc_fs_util v0.0.0 (/mnt/data1/nix/vendor/rust/cargo2nix/submodules/rust-build/compiler/rustc_fs_util)
   Compiling rand v0.8.5
   Compiling unsigned-varint v0.8.0
   Compiling form_urlencoded v1.2.2
   Compiling ed25519 v2.2.3
   Compiling quick-protobuf v0.8.1
   Compiling hmac v0.12.1
   Compiling errno v0.3.14
   Compiling core2 v0.4.0
   Compiling const-str v0.4.3
   Compiling mio v1.1.0
   Compiling hkdf v0.12.4
   Compiling signal-hook-registry v1.4.8
   Compiling socket2 v0.6.1
   Compiling base-x v0.2.11
   Compiling bs58 v0.5.1
   Compiling unsigned-varint v0.7.2
   Compiling futures-timer v3.0.3
   Compiling multihash v0.19.3
   Compiling paste v1.0.15
   Compiling web-time v1.1.0
   Compiling anyhow v1.0.100
   Compiling void v1.0.2
   Compiling rustc_proc_macro v0.0.0 (/mnt/data1/nix/vendor/rust/cargo2nix/submodules/rust-build/compiler/rustc_proc_macro)
   Compiling heck v0.5.0
   Compiling adler2 v2.0.1
   Compiling unicode-script v0.5.8
   Compiling simd-adler32 v0.3.8
   Compiling twox-hash v1.6.3
   Compiling find-msvc-tools v0.1.6
   Compiling object v0.36.7
   Compiling bitflags v1.3.2
   Compiling miniz_oxide v0.8.9
   Compiling lru v0.12.5
   Compiling ring v0.17.14
   Compiling libloading v0.8.9
   Compiling instant v0.1.13
   Compiling ruzstd v0.7.3
   Compiling pulldown-cmark v0.11.3
   Compiling lazy_static v1.5.0
   Compiling cfg_aliases v0.2.1
   Compiling nix v0.26.4
   Compiling unicode-security v0.1.2
   Compiling sharded-slab v0.1.7
   Compiling nix v0.30.1
   Compiling gimli v0.31.1
   Compiling thread_local v1.1.9
   Compiling pulldown-cmark-escape v0.11.0
   Compiling punycode v0.4.1
   Compiling nu-ansi-term v0.50.3
   Compiling rustc-demangle v0.1.26
   Compiling leb128 v0.2.5
   Compiling unicase v2.9.0
   Compiling flate2 v1.1.5
   Compiling ipnet v2.11.0
   Compiling wasm-encoder v0.219.2
   Compiling snow v0.9.6
   Compiling socket2 v0.5.10
   Compiling tracing-log v0.2.0
   Compiling untrusted v0.9.0
   Compiling pathdiff v0.2.3
   Compiling prometheus-client v0.22.3
   Compiling nohash-hasher v0.2.0
   Compiling rustc_windows_rc v0.0.0 (/mnt/data1/nix/vendor/rust/cargo2nix/submodules/rust-build/compiler/rustc_windows_rc)
   Compiling dtoa v1.0.11
   Compiling base64 v0.21.7
   Compiling jiff v0.2.18
   Compiling hex_fmt v0.3.0
   Compiling rustc_driver v0.0.0 (/mnt/data1/nix/vendor/rust/cargo2nix/submodules/rust-build/compiler/rustc_driver)
   Compiling ctrlc v3.5.1
   Compiling match-lookup v0.1.1
   Compiling regex v1.12.2
   Compiling matchers v0.2.0
   Compiling bstr v1.12.1
   Compiling base256emoji v1.0.2
   Compiling synstructure v0.13.2
   Compiling serde_derive_internals v0.29.1
   Compiling darling_core v0.20.11
   Compiling displaydoc v0.2.5
   Compiling zerofrom-derive v0.1.6
   Compiling yoke-derive v0.8.1
   Compiling zerovec-derive v0.11.2
   Compiling tracing-attributes v0.1.31
   Compiling thiserror-impl v2.0.17
   Compiling serde_derive v1.0.228
   Compiling rustc_macros v0.0.0 (/mnt/data1/nix/vendor/rust/cargo2nix/submodules/rust-build/compiler/rustc_macros)
   Compiling rustc_index_macros v0.0.0 (/mnt/data1/nix/vendor/rust/cargo2nix/submodules/rust-build/compiler/rustc_index_macros)
   Compiling derive-where v1.6.0
   Compiling ref-cast-impl v1.0.25
   Compiling rustc_type_ir_macros v0.0.0 (/mnt/data1/nix/vendor/rust/cargo2nix/submodules/rust-build/compiler/rustc_type_ir_macros)
   Compiling futures-macro v0.3.31
   Compiling thiserror-impl v1.0.69
   Compiling zeroize_derive v1.4.3
   Compiling schemars_derive v1.2.0
   Compiling tinystr v0.8.2
   Compiling pin-project-internal v1.1.10
   Compiling curve25519-dalek-derive v0.1.1
   Compiling unic-langid-impl v0.9.6
   Compiling data-encoding-macro-internal v0.1.16
   Compiling tokio-macros v2.6.0
   Compiling futures-util v0.3.31
   Compiling unic-langid-macros-impl v0.9.6
   Compiling zeroize v1.8.2
   Compiling libp2p-swarm-derive v0.34.2
   Compiling tracing v0.1.44
   Compiling data-encoding-macro v0.1.18
   Compiling zerofrom v0.1.6
   Compiling multibase v0.9.2
   Compiling thiserror v2.0.17
   Compiling yoke v0.8.1
   Compiling thorin-dwp v0.9.0
   Compiling tracing-subscriber v0.3.22
   Compiling fluent-syntax v0.12.0
   Compiling prometheus-client-derive-encode v0.4.2
   Compiling netlink-packet-utils v0.5.2
   Compiling unic-langid-macros v0.9.6
   Compiling zerovec v0.11.5
   Compiling zerotrie v0.2.3
   Compiling unic-langid v0.9.6
   Compiling intl-memoizer v0.5.3
   Compiling intl_pluralrules v7.0.2
   Compiling fluent-langneg v0.13.1
   Compiling pin-project v1.1.10
   Compiling tokio v1.49.0
   Compiling netlink-packet-core v0.7.0
   Compiling async-trait v0.1.89
   Compiling enum-as-inner v0.6.1
   Compiling netlink-packet-route v0.17.1
   Compiling fluent-bundle v0.16.0
   Compiling ed25519-dalek v2.2.0
   Compiling ar_archive_writer v0.5.1
   Compiling libp2p-identity v0.2.13
   Compiling x25519-dalek v2.0.1
   Compiling potential_utf v0.1.4
   Compiling rustc_index v0.0.0 (/mnt/data1/nix/vendor/rust/cargo2nix/submodules/rust-build/compiler/rustc_index)
   Compiling darling_macro v0.20.11
   Compiling icu_locale_core v2.1.1
   Compiling icu_collections v2.1.1
   Compiling tracing-tree v0.3.1
warning: unexpected `cfg` condition name: `bootstrap`
 --> /mnt/data1/nix/vendor/rust/cargo2nix/submodules/rust-build/compiler/rustc_index/src/lib.rs:3:13
  |
3 | #![cfg_attr(bootstrap, feature(new_zeroed_alloc))]
  |             ^^^^^^^^^
  |
  = help: expected names are: `docsrs`, `feature`, and `test` and 31 more
  = help: consider using a Cargo feature instead
  = help: or consider adding in `Cargo.toml` the `check-cfg` lint config for the lint:
           [lints.rust]
           unexpected_cfgs = { level = "warn", check-cfg = ['cfg(bootstrap)'] }
  = help: or consider adding `println!("cargo::rustc-check-cfg=cfg(bootstrap)");` to the top of the `build.rs`
  = note: see <https://doc.rust-lang.org/nightly/rustc/check-cfg/cargo-specifics.html> for more information about checking conditional configuration
  = note: `#[warn(unexpected_cfgs)]` on by default

warning: unexpected `cfg` condition name: `bootstrap`
   --> /mnt/data1/nix/vendor/rust/cargo2nix/submodules/rust-build/compiler/rustc_index/src/idx.rs:138:36
    |
138 | #[cfg(all(feature = "nightly", not(bootstrap)))]
    |                                    ^^^^^^^^^
    |
    = help: consider using a Cargo feature instead
    = help: or consider adding in `Cargo.toml` the `check-cfg` lint config for the lint:
             [lints.rust]
             unexpected_cfgs = { level = "warn", check-cfg = ['cfg(bootstrap)'] }
    = help: or consider adding `println!("cargo::rustc-check-cfg=cfg(bootstrap)");` to the top of the `build.rs`
    = note: see <https://doc.rust-lang.org/nightly/rustc/check-cfg/cargo-specifics.html> for more information about checking conditional configuration

   Compiling rustc_log v0.0.0 (/mnt/data1/nix/vendor/rust/cargo2nix/submodules/rust-build/compiler/rustc_log)
   Compiling rustc_fluent_macro v0.0.0 (/mnt/data1/nix/vendor/rust/cargo2nix/submodules/rust-build/compiler/rustc_fluent_macro)
   Compiling serde v1.0.228
   Compiling rustc_data_structures v0.0.0 (/mnt/data1/nix/vendor/rust/cargo2nix/submodules/rust-build/compiler/rustc_data_structures)
warning: `rustc_index` (lib) generated 2 warnings
   Compiling darling v0.20.11
   Compiling derive_setters v0.1.8
   Compiling icu_provider v2.1.1
   Compiling schemars v1.2.0
   Compiling gsgdt v0.1.2
   Compiling futures-executor v0.3.31
   Compiling asynchronous-codec v0.7.0
   Compiling futures v0.3.31
   Compiling rw-stream-sink v0.4.0
   Compiling multistream-select v0.13.0
   Compiling yamux v0.13.8
   Compiling futures-ticker v0.0.3
   Compiling yamux v0.12.1
   Compiling quick-protobuf-codec v0.3.1
   Compiling icu_locale v2.1.1
   Compiling icu_list v2.1.1
   Compiling icu_normalizer v2.1.1
   Compiling icu_properties v2.1.2
   Compiling rustc_baked_icu_data v0.0.0 (/mnt/data1/nix/vendor/rust/cargo2nix/submodules/rust-build/compiler/rustc_baked_icu_data)
   Compiling idna_adapter v1.2.1
   Compiling idna v1.1.0
   Compiling url v2.5.8
   Compiling multiaddr v0.18.2
   Compiling hickory-proto v0.24.4
   Compiling libp2p-core v0.41.3
   Compiling netlink-sys v0.8.7
   Compiling netlink-proto v0.11.5
   Compiling rtnetlink v0.13.1
   Compiling libp2p-swarm v0.44.2
   Compiling libp2p-noise v0.44.0
   Compiling libp2p-yamux v0.45.2
   Compiling if-watch v3.2.1
   Compiling libp2p-connection-limits v0.3.1
   Compiling libp2p-gossipsub v0.46.1
   Compiling libp2p-allow-block-list v0.3.0
   Compiling libp2p-mdns v0.45.1
   Compiling libp2p-tcp v0.41.0
   Compiling rustc_span v0.0.0 (/mnt/data1/nix/vendor/rust/cargo2nix/submodules/rust-build/compiler/rustc_span)
   Compiling libp2p v0.53.2
   Compiling rustc_ast_ir v0.0.0 (/mnt/data1/nix/vendor/rust/cargo2nix/submodules/rust-build/compiler/rustc_ast_ir)
   Compiling rustc_hir_id v0.0.0 (/mnt/data1/nix/vendor/rust/cargo2nix/submodules/rust-build/compiler/rustc_hir_id)
   Compiling rustc_ast v0.0.0 (/mnt/data1/nix/vendor/rust/cargo2nix/submodules/rust-build/compiler/rustc_ast)
   Compiling rustc_ast_pretty v0.0.0 (/mnt/data1/nix/vendor/rust/cargo2nix/submodules/rust-build/compiler/rustc_ast_pretty)
   Compiling rustc_error_messages v0.0.0 (/mnt/data1/nix/vendor/rust/cargo2nix/submodules/rust-build/compiler/rustc_error_messages)
   Compiling rustc_abi v0.0.0 (/mnt/data1/nix/vendor/rust/cargo2nix/submodules/rust-build/compiler/rustc_abi)
   Compiling rustc_lint_defs v0.0.0 (/mnt/data1/nix/vendor/rust/cargo2nix/submodules/rust-build/compiler/rustc_lint_defs)
   Compiling rustc_type_ir v0.0.0 (/mnt/data1/nix/vendor/rust/cargo2nix/submodules/rust-build/compiler/rustc_type_ir)
   Compiling rustc_target v0.0.0 (/mnt/data1/nix/vendor/rust/cargo2nix/submodules/rust-build/compiler/rustc_target)
   Compiling rustc_errors v0.0.0 (/mnt/data1/nix/vendor/rust/cargo2nix/submodules/rust-build/compiler/rustc_errors)
   Compiling rustc_next_trait_solver v0.0.0 (/mnt/data1/nix/vendor/rust/cargo2nix/submodules/rust-build/compiler/rustc_next_trait_solver)
   Compiling rustc_hir v0.0.0 (/mnt/data1/nix/vendor/rust/cargo2nix/submodules/rust-build/compiler/rustc_hir)
   Compiling rustc_feature v0.0.0 (/mnt/data1/nix/vendor/rust/cargo2nix/submodules/rust-build/compiler/rustc_feature)
   Compiling rustc_hir_pretty v0.0.0 (/mnt/data1/nix/vendor/rust/cargo2nix/submodules/rust-build/compiler/rustc_hir_pretty)
   Compiling rustc_session v0.0.0 (/mnt/data1/nix/vendor/rust/cargo2nix/submodules/rust-build/compiler/rustc_session)
   Compiling rustc_query_system v0.0.0 (/mnt/data1/nix/vendor/rust/cargo2nix/submodules/rust-build/compiler/rustc_query_system)
   Compiling rustc_parse v0.0.0 (/mnt/data1/nix/vendor/rust/cargo2nix/submodules/rust-build/compiler/rustc_parse)
   Compiling rustc_middle v0.0.0 (/mnt/data1/nix/vendor/rust/cargo2nix/submodules/rust-build/compiler/rustc_middle)
   Compiling rustc_attr_parsing v0.0.0 (/mnt/data1/nix/vendor/rust/cargo2nix/submodules/rust-build/compiler/rustc_attr_parsing)
   Compiling rustc_ast_passes v0.0.0 (/mnt/data1/nix/vendor/rust/cargo2nix/submodules/rust-build/compiler/rustc_ast_passes)
   Compiling rustc_expand v0.0.0 (/mnt/data1/nix/vendor/rust/cargo2nix/submodules/rust-build/compiler/rustc_expand)
   Compiling rustc_builtin_macros v0.0.0 (/mnt/data1/nix/vendor/rust/cargo2nix/submodules/rust-build/compiler/rustc_builtin_macros)
   Compiling rustc_infer v0.0.0 (/mnt/data1/nix/vendor/rust/cargo2nix/submodules/rust-build/compiler/rustc_infer)
   Compiling rustc_transmute v0.0.0 (/mnt/data1/nix/vendor/rust/cargo2nix/submodules/rust-build/compiler/rustc_transmute)
   Compiling rustc_incremental v0.0.0 (/mnt/data1/nix/vendor/rust/cargo2nix/submodules/rust-build/compiler/rustc_incremental)
   Compiling rustc_mir_dataflow v0.0.0 (/mnt/data1/nix/vendor/rust/cargo2nix/submodules/rust-build/compiler/rustc_mir_dataflow)
   Compiling rustc_pattern_analysis v0.0.0 (/mnt/data1/nix/vendor/rust/cargo2nix/submodules/rust-build/compiler/rustc_pattern_analysis)
   Compiling rustc_symbol_mangling v0.0.0 (/mnt/data1/nix/vendor/rust/cargo2nix/submodules/rust-build/compiler/rustc_symbol_mangling)
   Compiling rustc_ast_lowering v0.0.0 (/mnt/data1/nix/vendor/rust/cargo2nix/submodules/rust-build/compiler/rustc_ast_lowering)
   Compiling rustc_monomorphize v0.0.0 (/mnt/data1/nix/vendor/rust/cargo2nix/submodules/rust-build/compiler/rustc_monomorphize)
   Compiling rustc_query_impl v0.0.0 (/mnt/data1/nix/vendor/rust/cargo2nix/submodules/rust-build/compiler/rustc_query_impl)
   Compiling rustc_public_bridge v0.0.0 (/mnt/data1/nix/vendor/rust/cargo2nix/submodules/rust-build/compiler/rustc_public_bridge)
   Compiling rustc_public v0.1.0-preview (/mnt/data1/nix/vendor/rust/cargo2nix/submodules/rust-build/compiler/rustc_public)
   Compiling rustc_metadata v0.0.0 (/mnt/data1/nix/vendor/rust/cargo2nix/submodules/rust-build/compiler/rustc_metadata)
   Compiling rustc_trait_selection v0.0.0 (/mnt/data1/nix/vendor/rust/cargo2nix/submodules/rust-build/compiler/rustc_trait_selection)
   Compiling rustc_resolve v0.0.0 (/mnt/data1/nix/vendor/rust/cargo2nix/submodules/rust-build/compiler/rustc_resolve)
   Compiling rustc_lint v0.0.0 (/mnt/data1/nix/vendor/rust/cargo2nix/submodules/rust-build/compiler/rustc_lint)
   Compiling rustc_ty_utils v0.0.0 (/mnt/data1/nix/vendor/rust/cargo2nix/submodules/rust-build/compiler/rustc_ty_utils)
   Compiling rustc_hir_analysis v0.0.0 (/mnt/data1/nix/vendor/rust/cargo2nix/submodules/rust-build/compiler/rustc_hir_analysis)
   Compiling rustc_mir_build v0.0.0 (/mnt/data1/nix/vendor/rust/cargo2nix/submodules/rust-build/compiler/rustc_mir_build)
   Compiling rustc_privacy v0.0.0 (/mnt/data1/nix/vendor/rust/cargo2nix/submodules/rust-build/compiler/rustc_privacy)
   Compiling rustc_const_eval v0.0.0 (/mnt/data1/nix/vendor/rust/cargo2nix/submodules/rust-build/compiler/rustc_const_eval)
   Compiling rustc_traits v0.0.0 (/mnt/data1/nix/vendor/rust/cargo2nix/submodules/rust-build/compiler/rustc_traits)
   Compiling rustc_passes v0.0.0 (/mnt/data1/nix/vendor/rust/cargo2nix/submodules/rust-build/compiler/rustc_passes)
   Compiling rustc_mir_transform v0.0.0 (/mnt/data1/nix/vendor/rust/cargo2nix/submodules/rust-build/compiler/rustc_mir_transform)
   Compiling rustc_borrowck v0.0.0 (/mnt/data1/nix/vendor/rust/cargo2nix/submodules/rust-build/compiler/rustc_borrowck)
   Compiling rustc_hir_typeck v0.0.0 (/mnt/data1/nix/vendor/rust/cargo2nix/submodules/rust-build/compiler/rustc_hir_typeck)
   Compiling rustc_codegen_ssa v0.0.0 (/mnt/data1/nix/vendor/rust/cargo2nix/submodules/rust-build/compiler/rustc_codegen_ssa)
   Compiling rustc_interface v0.0.0 (/mnt/data1/nix/vendor/rust/cargo2nix/submodules/rust-build/compiler/rustc_interface)
   Compiling rustc_driver_impl v0.0.0 (/mnt/data1/nix/vendor/rust/cargo2nix/submodules/rust-build/compiler/rustc_driver_impl)
   Compiling zombie_rustc_driver v0.1.0 (/mnt/data1/nix/vendor/rust/cargo2nix/submodules/rust-build/compiler/zombie_driver2)
warning: unused import: `std::env`
 --> src/main.rs:3:5
  |
3 | use std::env;
  |     ^^^^^^^^
  |
  = note: `#[warn(unused_imports)]` (part of `#[warn(unused)]`) on by default

warning: unused import: `std::process`
 --> src/main.rs:4:5
  |
4 | use std::process;
  |     ^^^^^^^^^^^^

warning: unused variable: `config`
   --> src/main.rs:127:26
    |
127 |     fn config(&mut self, config: &mut interface::Config) {
    |                          ^^^^^^ help: if this is intentional, prefix it with an underscore: `_config`
    |
    = note: `#[warn(unused_variables)]` (part of `#[warn(unused)]`) on by default

warning: `zombie_rustc_driver` (bin "zombie_rustc_driver") generated 3 warnings (run `cargo fix --bin "zombie_rustc_driver"` to apply 2 suggestions)
    Finished `dev` profile [unoptimized + debuginfo] target(s) in 12m 33s
1056.97user 58.24system 12:34.61elapsed 147%CPU (0avgtext+0avgdata 4203444maxresident)k
9443360inputs+63891400outputs (14075major+15350006minor)pagefaults 0swaps
