1978142 openat(AT_FDCWD, "/etc/ld.so.cache", O_RDONLY|O_CLOEXEC) = 3
1978142 openat(AT_FDCWD, "/lib/x86_64-linux-gnu/libtinfo.so.6", O_RDONLY|O_CLOEXEC) = 3
1978142 openat(AT_FDCWD, "/lib/x86_64-linux-gnu/libc.so.6", O_RDONLY|O_CLOEXEC) = 3
1978142 openat(AT_FDCWD, "/dev/tty", O_RDWR|O_NONBLOCK) = 3
1978142 openat(AT_FDCWD, "/usr/lib/locale/locale-archive", O_RDONLY|O_CLOEXEC) = 3
1978142 openat(AT_FDCWD, "/usr/lib/x86_64-linux-gnu/gconv/gconv-modules.cache", O_RDONLY) = 3
1978142 openat(AT_FDCWD, "./zombie.sh", O_RDONLY) = 3
1978143 openat(AT_FDCWD, "target/debug/glibc-hwcaps/x86-64-v3/librustc_driver.so", O_RDONLY|O_CLOEXEC) = -1 ENOENT (No such file or directory)
1978143 openat(AT_FDCWD, "target/debug/glibc-hwcaps/x86-64-v2/librustc_driver.so", O_RDONLY|O_CLOEXEC) = -1 ENOENT (No such file or directory)
1978143 openat(AT_FDCWD, "target/debug/librustc_driver.so", O_RDONLY|O_CLOEXEC) = 3
1978143 openat(AT_FDCWD, "target/debug/glibc-hwcaps/x86-64-v3/libstd-55e31a9915372a07.so", O_RDONLY|O_CLOEXEC) = -1 ENOENT (No such file or directory)
1978143 openat(AT_FDCWD, "target/debug/glibc-hwcaps/x86-64-v2/libstd-55e31a9915372a07.so", O_RDONLY|O_CLOEXEC) = -1 ENOENT (No such file or directory)
1978143 openat(AT_FDCWD, "target/debug/libstd-55e31a9915372a07.so", O_RDONLY|O_CLOEXEC) = 3
1978143 openat(AT_FDCWD, "target/debug/glibc-hwcaps/x86-64-v3/libgcc_s.so.1", O_RDONLY|O_CLOEXEC) = -1 ENOENT (No such file or directory)
1978143 openat(AT_FDCWD, "target/debug/glibc-hwcaps/x86-64-v2/libgcc_s.so.1", O_RDONLY|O_CLOEXEC) = -1 ENOENT (No such file or directory)
1978143 openat(AT_FDCWD, "target/debug/libgcc_s.so.1", O_RDONLY|O_CLOEXEC) = -1 ENOENT (No such file or directory)
1978143 openat(AT_FDCWD, "glibc-hwcaps/x86-64-v3/libgcc_s.so.1", O_RDONLY|O_CLOEXEC) = -1 ENOENT (No such file or directory)
1978143 openat(AT_FDCWD, "glibc-hwcaps/x86-64-v2/libgcc_s.so.1", O_RDONLY|O_CLOEXEC) = -1 ENOENT (No such file or directory)
1978143 openat(AT_FDCWD, "libgcc_s.so.1", O_RDONLY|O_CLOEXEC) = -1 ENOENT (No such file or directory)
1978143 openat(AT_FDCWD, "/mnt/data1/nix/vendor/rust/cargo2nix/outputs/out/lib/glibc-hwcaps/x86-64-v3/libgcc_s.so.1", O_RDONLY|O_CLOEXEC) = -1 ENOENT (No such file or directory)
1978143 openat(AT_FDCWD, "/mnt/data1/nix/vendor/rust/cargo2nix/outputs/out/lib/glibc-hwcaps/x86-64-v2/libgcc_s.so.1", O_RDONLY|O_CLOEXEC) = -1 ENOENT (No such file or directory)
1978143 openat(AT_FDCWD, "/mnt/data1/nix/vendor/rust/cargo2nix/outputs/out/lib/libgcc_s.so.1", O_RDONLY|O_CLOEXEC) = -1 ENOENT (No such file or directory)
1978143 openat(AT_FDCWD, "/nix/store/i6xakg19vy8vc2g211yr9d5nmb0wk7v0-rustc-1.91.1/lib/rustlib/x86_64-unknown-linux-gnu/lib/glibc-hwcaps/x86-64-v3/libgcc_s.so.1", O_RDONLY|O_CLOEXEC) = -1 ENOENT (No such file or directory)
1978143 openat(AT_FDCWD, "/nix/store/i6xakg19vy8vc2g211yr9d5nmb0wk7v0-rustc-1.91.1/lib/rustlib/x86_64-unknown-linux-gnu/lib/glibc-hwcaps/x86-64-v2/libgcc_s.so.1", O_RDONLY|O_CLOEXEC) = -1 ENOENT (No such file or directory)
1978143 openat(AT_FDCWD, "/nix/store/i6xakg19vy8vc2g211yr9d5nmb0wk7v0-rustc-1.91.1/lib/rustlib/x86_64-unknown-linux-gnu/lib/libgcc_s.so.1", O_RDONLY|O_CLOEXEC) = -1 ENOENT (No such file or directory)
1978143 openat(AT_FDCWD, "/nix/store/xx7cm72qy2c0643cm1ipngd87aqwkcdp-glibc-2.40-66/lib/glibc-hwcaps/x86-64-v3/libgcc_s.so.1", O_RDONLY|O_CLOEXEC) = -1 ENOENT (No such file or directory)
1978143 openat(AT_FDCWD, "/nix/store/xx7cm72qy2c0643cm1ipngd87aqwkcdp-glibc-2.40-66/lib/glibc-hwcaps/x86-64-v2/libgcc_s.so.1", O_RDONLY|O_CLOEXEC) = -1 ENOENT (No such file or directory)
1978143 openat(AT_FDCWD, "/nix/store/xx7cm72qy2c0643cm1ipngd87aqwkcdp-glibc-2.40-66/lib/libgcc_s.so.1", O_RDONLY|O_CLOEXEC) = -1 ENOENT (No such file or directory)
1978143 openat(AT_FDCWD, "/nix/store/xm08aqdd7pxcdhm0ak6aqb1v7hw5q6ri-gcc-14.3.0-lib/lib/glibc-hwcaps/x86-64-v3/libgcc_s.so.1", O_RDONLY|O_CLOEXEC) = -1 ENOENT (No such file or directory)
1978143 openat(AT_FDCWD, "/nix/store/xm08aqdd7pxcdhm0ak6aqb1v7hw5q6ri-gcc-14.3.0-lib/lib/glibc-hwcaps/x86-64-v2/libgcc_s.so.1", O_RDONLY|O_CLOEXEC) = -1 ENOENT (No such file or directory)
1978143 openat(AT_FDCWD, "/nix/store/xm08aqdd7pxcdhm0ak6aqb1v7hw5q6ri-gcc-14.3.0-lib/lib/libgcc_s.so.1", O_RDONLY|O_CLOEXEC) = 3
1978143 openat(AT_FDCWD, "target/debug/glibc-hwcaps/x86-64-v3/libm.so.6", O_RDONLY|O_CLOEXEC) = -1 ENOENT (No such file or directory)
1978143 openat(AT_FDCWD, "target/debug/glibc-hwcaps/x86-64-v2/libm.so.6", O_RDONLY|O_CLOEXEC) = -1 ENOENT (No such file or directory)
1978143 openat(AT_FDCWD, "target/debug/libm.so.6", O_RDONLY|O_CLOEXEC) = -1 ENOENT (No such file or directory)
1978143 openat(AT_FDCWD, "glibc-hwcaps/x86-64-v3/libm.so.6", O_RDONLY|O_CLOEXEC) = -1 ENOENT (No such file or directory)
1978143 openat(AT_FDCWD, "glibc-hwcaps/x86-64-v2/libm.so.6", O_RDONLY|O_CLOEXEC) = -1 ENOENT (No such file or directory)
1978143 openat(AT_FDCWD, "libm.so.6", O_RDONLY|O_CLOEXEC) = -1 ENOENT (No such file or directory)
1978143 openat(AT_FDCWD, "/nix/store/i6xakg19vy8vc2g211yr9d5nmb0wk7v0-rustc-1.91.1/lib/rustlib/x86_64-unknown-linux-gnu/lib/libm.so.6", O_RDONLY|O_CLOEXEC) = -1 ENOENT (No such file or directory)
1978143 openat(AT_FDCWD, "/nix/store/xx7cm72qy2c0643cm1ipngd87aqwkcdp-glibc-2.40-66/lib/libm.so.6", O_RDONLY|O_CLOEXEC) = 3
1978143 openat(AT_FDCWD, "target/debug/glibc-hwcaps/x86-64-v3/libc.so.6", O_RDONLY|O_CLOEXEC) = -1 ENOENT (No such file or directory)
1978143 openat(AT_FDCWD, "target/debug/glibc-hwcaps/x86-64-v2/libc.so.6", O_RDONLY|O_CLOEXEC) = -1 ENOENT (No such file or directory)
1978143 openat(AT_FDCWD, "target/debug/libc.so.6", O_RDONLY|O_CLOEXEC) = -1 ENOENT (No such file or directory)
1978143 openat(AT_FDCWD, "glibc-hwcaps/x86-64-v3/libc.so.6", O_RDONLY|O_CLOEXEC) = -1 ENOENT (No such file or directory)
1978143 openat(AT_FDCWD, "glibc-hwcaps/x86-64-v2/libc.so.6", O_RDONLY|O_CLOEXEC) = -1 ENOENT (No such file or directory)
1978143 openat(AT_FDCWD, "libc.so.6", O_RDONLY|O_CLOEXEC) = -1 ENOENT (No such file or directory)
1978143 openat(AT_FDCWD, "/nix/store/i6xakg19vy8vc2g211yr9d5nmb0wk7v0-rustc-1.91.1/lib/rustlib/x86_64-unknown-linux-gnu/lib/libc.so.6", O_RDONLY|O_CLOEXEC) = -1 ENOENT (No such file or directory)
1978143 openat(AT_FDCWD, "/nix/store/xx7cm72qy2c0643cm1ipngd87aqwkcdp-glibc-2.40-66/lib/libc.so.6", O_RDONLY|O_CLOEXEC) = 3
1978143 openat(AT_FDCWD, "/proc/self/maps", O_RDONLY|O_CLOEXEC) = 3
1978143 openat(AT_FDCWD, "/proc/self/cgroup", O_RDONLY|O_CLOEXEC) = 3
1978143 openat(AT_FDCWD, "/sys/fs/cgroup/user.slice/user-1000.slice/session-1855.scope/cpu.max", O_RDONLY|O_CLOEXEC) = -1 ENOENT (No such file or directory)
1978143 openat(AT_FDCWD, "/sys/fs/cgroup/user.slice/user-1000.slice/cpu.max", O_RDONLY|O_CLOEXEC) = -1 ENOENT (No such file or directory)
1978143 openat(AT_FDCWD, "/sys/fs/cgroup/user.slice/cpu.max", O_RDONLY|O_CLOEXEC) = 3
1978143 openat(AT_FDCWD, "/sys/fs/cgroup/cpu.max", O_RDONLY|O_CLOEXEC) = -1 ENOENT (No such file or directory)
1978152 openat(AT_FDCWD, "/sys/devices/system/cpu/online", O_RDONLY|O_CLOEXEC) = 13
1978169 openat(AT_FDCWD, "/mnt/data1/nix/vendor/rust/cargo2nix/submodules/rust/compiler/zombie_driver/target/lib/rustlib/x86_64-unknown-linux-gnu/codegen-backends", O_RDONLY|O_NONBLOCK|O_CLOEXEC|O_DIRECTORY) = 24
1978169 +++ exited with 0 +++
1978170 +++ exited with 1 +++
1978168 +++ exited with 1 +++
1978167 +++ exited with 1 +++
1978166 +++ exited with 1 +++
1978165 +++ exited with 1 +++
1978164 +++ exited with 1 +++
1978163 +++ exited with 1 +++
1978162 +++ exited with 1 +++
1978161 +++ exited with 1 +++
1978160 +++ exited with 1 +++
1978159 +++ exited with 1 +++
1978158 +++ exited with 1 +++
1978157 +++ exited with 1 +++
1978156 +++ exited with 1 +++
1978155 +++ exited with 1 +++
1978154 +++ exited with 1 +++
1978153 +++ exited with 1 +++
1978152 +++ exited with 1 +++
1978151 +++ exited with 1 +++
1978150 +++ exited with 1 +++
1978149 +++ exited with 1 +++
1978148 +++ exited with 1 +++
1978147 +++ exited with 1 +++
1978146 +++ exited with 1 +++
1978145 +++ exited with 1 +++
1978144 +++ exited with 1 +++
1978143 +++ exited with 1 +++
1978142 --- SIGCHLD {si_signo=SIGCHLD, si_code=CLD_EXITED, si_pid=1978143, si_uid=1000, si_status=1, si_utime=7, si_stime=2} ---
1978142 +++ exited with 1 +++
