1982684 openat(AT_FDCWD, "/etc/ld.so.cache", O_RDONLY|O_CLOEXEC) = 3
1982684 openat(AT_FDCWD, "/lib/x86_64-linux-gnu/libtinfo.so.6", O_RDONLY|O_CLOEXEC) = 3
1982684 openat(AT_FDCWD, "/lib/x86_64-linux-gnu/libc.so.6", O_RDONLY|O_CLOEXEC) = 3
1982684 openat(AT_FDCWD, "/dev/tty", O_RDWR|O_NONBLOCK) = 3
1982684 openat(AT_FDCWD, "/usr/lib/locale/locale-archive", O_RDONLY|O_CLOEXEC) = 3
1982684 openat(AT_FDCWD, "/usr/lib/x86_64-linux-gnu/gconv/gconv-modules.cache", O_RDONLY) = 3
1982684 openat(AT_FDCWD, "./zombie.sh", O_RDONLY) = 3
1982685 openat(AT_FDCWD, "target/debug/glibc-hwcaps/x86-64-v3/librustc_driver.so", O_RDONLY|O_CLOEXEC) = 3
1982685 openat(AT_FDCWD, "target/debug/glibc-hwcaps/x86-64-v3/libstd-55e31a9915372a07.so", O_RDONLY|O_CLOEXEC) = 3
1982685 openat(AT_FDCWD, "target/debug/glibc-hwcaps/x86-64-v3/libgcc_s.so.1", O_RDONLY|O_CLOEXEC) = 3
1982685 openat(AT_FDCWD, "target/debug/glibc-hwcaps/x86-64-v3/libm.so.6", O_RDONLY|O_CLOEXEC) = 3
1982685 openat(AT_FDCWD, "target/debug/glibc-hwcaps/x86-64-v3/libc.so.6", O_RDONLY|O_CLOEXEC) = 3
1982685 openat(AT_FDCWD, "/proc/self/maps", O_RDONLY|O_CLOEXEC) = 3
1982685 openat(AT_FDCWD, "/proc/self/cgroup", O_RDONLY|O_CLOEXEC) = 3
1982685 openat(AT_FDCWD, "/sys/fs/cgroup/user.slice/user-1000.slice/session-1855.scope/cpu.max", O_RDONLY|O_CLOEXEC) = -1 ENOENT (No such file or directory)
1982685 openat(AT_FDCWD, "/sys/fs/cgroup/user.slice/user-1000.slice/cpu.max", O_RDONLY|O_CLOEXEC) = -1 ENOENT (No such file or directory)
1982685 openat(AT_FDCWD, "/sys/fs/cgroup/user.slice/cpu.max", O_RDONLY|O_CLOEXEC) = 3
1982685 openat(AT_FDCWD, "/sys/fs/cgroup/cpu.max", O_RDONLY|O_CLOEXEC) = -1 ENOENT (No such file or directory)
1982694 openat(AT_FDCWD, "/sys/devices/system/cpu/online", O_RDONLY|O_CLOEXEC) = 13
1982710 +++ exited with 0 +++
1982711 +++ exited with 1 +++
1982709 +++ exited with 1 +++
1982708 +++ exited with 1 +++
1982707 +++ exited with 1 +++
1982705 +++ exited with 1 +++
1982704 +++ exited with 1 +++
1982703 +++ exited with 1 +++
1982702 +++ exited with 1 +++
1982701 +++ exited with 1 +++
1982700 +++ exited with 1 +++
1982698 +++ exited with 1 +++
1982697 +++ exited with 1 +++
1982696 +++ exited with 1 +++
1982695 +++ exited with 1 +++
1982694 +++ exited with 1 +++
1982693 +++ exited with 1 +++
1982692 +++ exited with 1 +++
1982691 +++ exited with 1 +++
1982690 +++ exited with 1 +++
1982689 +++ exited with 1 +++
1982688 +++ exited with 1 +++
1982687 +++ exited with 1 +++
1982686 +++ exited with 1 +++
1982706 +++ exited with 1 +++
1982699 +++ exited with 1 +++
1982685 +++ exited with 1 +++
1982684 --- SIGCHLD {si_signo=SIGCHLD, si_code=CLD_EXITED, si_pid=1982685, si_uid=1000, si_status=1, si_utime=7, si_stime=2} ---
1982684 +++ exited with 1 +++
