1978061 access("/etc/ld-nix.so.preload", R_OK) = -1 ENOENT (No such file or directory)
1978061 openat(AT_FDCWD, "target/debug/glibc-hwcaps/x86-64-v3/librustc_driver.so", O_RDONLY|O_CLOEXEC) = -1 ENOENT (No such file or directory)
1978061 openat(AT_FDCWD, "target/debug/glibc-hwcaps/x86-64-v2/librustc_driver.so", O_RDONLY|O_CLOEXEC) = -1 ENOENT (No such file or directory)
1978061 openat(AT_FDCWD, "target/debug/librustc_driver.so", O_RDONLY|O_CLOEXEC) = 3
1978061 openat(AT_FDCWD, "target/debug/glibc-hwcaps/x86-64-v3/libstd-55e31a9915372a07.so", O_RDONLY|O_CLOEXEC) = -1 ENOENT (No such file or directory)
1978061 openat(AT_FDCWD, "target/debug/glibc-hwcaps/x86-64-v2/libstd-55e31a9915372a07.so", O_RDONLY|O_CLOEXEC) = -1 ENOENT (No such file or directory)
1978061 openat(AT_FDCWD, "target/debug/libstd-55e31a9915372a07.so", O_RDONLY|O_CLOEXEC) = 3
1978061 openat(AT_FDCWD, "target/debug/glibc-hwcaps/x86-64-v3/libgcc_s.so.1", O_RDONLY|O_CLOEXEC) = -1 ENOENT (No such file or directory)
1978061 openat(AT_FDCWD, "target/debug/glibc-hwcaps/x86-64-v2/libgcc_s.so.1", O_RDONLY|O_CLOEXEC) = -1 ENOENT (No such file or directory)
1978061 openat(AT_FDCWD, "target/debug/libgcc_s.so.1", O_RDONLY|O_CLOEXEC) = -1 ENOENT (No such file or directory)
1978061 openat(AT_FDCWD, "glibc-hwcaps/x86-64-v3/libgcc_s.so.1", O_RDONLY|O_CLOEXEC) = -1 ENOENT (No such file or directory)
1978061 openat(AT_FDCWD, "glibc-hwcaps/x86-64-v2/libgcc_s.so.1", O_RDONLY|O_CLOEXEC) = -1 ENOENT (No such file or directory)
1978061 openat(AT_FDCWD, "libgcc_s.so.1", O_RDONLY|O_CLOEXEC) = -1 ENOENT (No such file or directory)
1978061 openat(AT_FDCWD, "/mnt/data1/nix/vendor/rust/cargo2nix/outputs/out/lib/glibc-hwcaps/x86-64-v3/libgcc_s.so.1", O_RDONLY|O_CLOEXEC) = -1 ENOENT (No such file or directory)
1978061 openat(AT_FDCWD, "/mnt/data1/nix/vendor/rust/cargo2nix/outputs/out/lib/glibc-hwcaps/x86-64-v2/libgcc_s.so.1", O_RDONLY|O_CLOEXEC) = -1 ENOENT (No such file or directory)
1978061 openat(AT_FDCWD, "/mnt/data1/nix/vendor/rust/cargo2nix/outputs/out/lib/libgcc_s.so.1", O_RDONLY|O_CLOEXEC) = -1 ENOENT (No such file or directory)
1978061 openat(AT_FDCWD, "/nix/store/i6xakg19vy8vc2g211yr9d5nmb0wk7v0-rustc-1.91.1/lib/rustlib/x86_64-unknown-linux-gnu/lib/glibc-hwcaps/x86-64-v3/libgcc_s.so.1", O_RDONLY|O_CLOEXEC) = -1 ENOENT (No such file or directory)
1978061 openat(AT_FDCWD, "/nix/store/i6xakg19vy8vc2g211yr9d5nmb0wk7v0-rustc-1.91.1/lib/rustlib/x86_64-unknown-linux-gnu/lib/glibc-hwcaps/x86-64-v2/libgcc_s.so.1", O_RDONLY|O_CLOEXEC) = -1 ENOENT (No such file or directory)
1978061 openat(AT_FDCWD, "/nix/store/i6xakg19vy8vc2g211yr9d5nmb0wk7v0-rustc-1.91.1/lib/rustlib/x86_64-unknown-linux-gnu/lib/libgcc_s.so.1", O_RDONLY|O_CLOEXEC) = -1 ENOENT (No such file or directory)
1978061 openat(AT_FDCWD, "/nix/store/xx7cm72qy2c0643cm1ipngd87aqwkcdp-glibc-2.40-66/lib/glibc-hwcaps/x86-64-v3/libgcc_s.so.1", O_RDONLY|O_CLOEXEC) = -1 ENOENT (No such file or directory)
1978061 openat(AT_FDCWD, "/nix/store/xx7cm72qy2c0643cm1ipngd87aqwkcdp-glibc-2.40-66/lib/glibc-hwcaps/x86-64-v2/libgcc_s.so.1", O_RDONLY|O_CLOEXEC) = -1 ENOENT (No such file or directory)
1978061 openat(AT_FDCWD, "/nix/store/xx7cm72qy2c0643cm1ipngd87aqwkcdp-glibc-2.40-66/lib/libgcc_s.so.1", O_RDONLY|O_CLOEXEC) = -1 ENOENT (No such file or directory)
1978061 openat(AT_FDCWD, "/nix/store/xm08aqdd7pxcdhm0ak6aqb1v7hw5q6ri-gcc-14.3.0-lib/lib/glibc-hwcaps/x86-64-v3/libgcc_s.so.1", O_RDONLY|O_CLOEXEC) = -1 ENOENT (No such file or directory)
1978061 openat(AT_FDCWD, "/nix/store/xm08aqdd7pxcdhm0ak6aqb1v7hw5q6ri-gcc-14.3.0-lib/lib/glibc-hwcaps/x86-64-v2/libgcc_s.so.1", O_RDONLY|O_CLOEXEC) = -1 ENOENT (No such file or directory)
1978061 openat(AT_FDCWD, "/nix/store/xm08aqdd7pxcdhm0ak6aqb1v7hw5q6ri-gcc-14.3.0-lib/lib/libgcc_s.so.1", O_RDONLY|O_CLOEXEC) = 3
1978061 openat(AT_FDCWD, "target/debug/glibc-hwcaps/x86-64-v3/libm.so.6", O_RDONLY|O_CLOEXEC) = -1 ENOENT (No such file or directory)
1978061 openat(AT_FDCWD, "target/debug/glibc-hwcaps/x86-64-v2/libm.so.6", O_RDONLY|O_CLOEXEC) = -1 ENOENT (No such file or directory)
1978061 openat(AT_FDCWD, "target/debug/libm.so.6", O_RDONLY|O_CLOEXEC) = -1 ENOENT (No such file or directory)
1978061 openat(AT_FDCWD, "glibc-hwcaps/x86-64-v3/libm.so.6", O_RDONLY|O_CLOEXEC) = -1 ENOENT (No such file or directory)
1978061 openat(AT_FDCWD, "glibc-hwcaps/x86-64-v2/libm.so.6", O_RDONLY|O_CLOEXEC) = -1 ENOENT (No such file or directory)
1978061 openat(AT_FDCWD, "libm.so.6", O_RDONLY|O_CLOEXEC) = -1 ENOENT (No such file or directory)
1978061 openat(AT_FDCWD, "/nix/store/i6xakg19vy8vc2g211yr9d5nmb0wk7v0-rustc-1.91.1/lib/rustlib/x86_64-unknown-linux-gnu/lib/libm.so.6", O_RDONLY|O_CLOEXEC) = -1 ENOENT (No such file or directory)
1978061 openat(AT_FDCWD, "/nix/store/xx7cm72qy2c0643cm1ipngd87aqwkcdp-glibc-2.40-66/lib/libm.so.6", O_RDONLY|O_CLOEXEC) = 3
1978061 openat(AT_FDCWD, "target/debug/glibc-hwcaps/x86-64-v3/libc.so.6", O_RDONLY|O_CLOEXEC) = -1 ENOENT (No such file or directory)
1978061 openat(AT_FDCWD, "target/debug/glibc-hwcaps/x86-64-v2/libc.so.6", O_RDONLY|O_CLOEXEC) = -1 ENOENT (No such file or directory)
1978061 openat(AT_FDCWD, "target/debug/libc.so.6", O_RDONLY|O_CLOEXEC) = -1 ENOENT (No such file or directory)
1978061 openat(AT_FDCWD, "glibc-hwcaps/x86-64-v3/libc.so.6", O_RDONLY|O_CLOEXEC) = -1 ENOENT (No such file or directory)
1978061 openat(AT_FDCWD, "glibc-hwcaps/x86-64-v2/libc.so.6", O_RDONLY|O_CLOEXEC) = -1 ENOENT (No such file or directory)
1978061 openat(AT_FDCWD, "libc.so.6", O_RDONLY|O_CLOEXEC) = -1 ENOENT (No such file or directory)
1978061 openat(AT_FDCWD, "/nix/store/i6xakg19vy8vc2g211yr9d5nmb0wk7v0-rustc-1.91.1/lib/rustlib/x86_64-unknown-linux-gnu/lib/libc.so.6", O_RDONLY|O_CLOEXEC) = -1 ENOENT (No such file or directory)
1978061 openat(AT_FDCWD, "/nix/store/xx7cm72qy2c0643cm1ipngd87aqwkcdp-glibc-2.40-66/lib/libc.so.6", O_RDONLY|O_CLOEXEC) = 3
1978061 openat(AT_FDCWD, "/proc/self/maps", O_RDONLY|O_CLOEXEC) = 3
1978061 openat(AT_FDCWD, "/proc/self/cgroup", O_RDONLY|O_CLOEXEC) = 3
1978061 openat(AT_FDCWD, "/sys/fs/cgroup/user.slice/user-1000.slice/session-1855.scope/cpu.max", O_RDONLY|O_CLOEXEC) = -1 ENOENT (No such file or directory)
1978061 openat(AT_FDCWD, "/sys/fs/cgroup/user.slice/user-1000.slice/cpu.max", O_RDONLY|O_CLOEXEC) = -1 ENOENT (No such file or directory)
1978061 openat(AT_FDCWD, "/sys/fs/cgroup/user.slice/cpu.max", O_RDONLY|O_CLOEXEC) = 3
1978061 openat(AT_FDCWD, "/sys/fs/cgroup/cpu.max", O_RDONLY|O_CLOEXEC) = -1 ENOENT (No such file or directory)
1978068 openat(AT_FDCWD, "/sys/devices/system/cpu/online", O_RDONLY|O_CLOEXEC) = 13
1978084 +++ exited with 1 +++
1978083 +++ exited with 1 +++
1978085 +++ exited with 1 +++
1978082 +++ exited with 1 +++
1978081 +++ exited with 1 +++
1978080 +++ exited with 1 +++
1978078 +++ exited with 1 +++
1978077 +++ exited with 1 +++
1978076 +++ exited with 1 +++
1978075 +++ exited with 1 +++
1978074 +++ exited with 1 +++
1978073 +++ exited with 1 +++
1978072 +++ exited with 1 +++
1978071 +++ exited with 1 +++
1978070 +++ exited with 1 +++
1978069 +++ exited with 1 +++
1978068 +++ exited with 1 +++
1978067 +++ exited with 1 +++
1978066 +++ exited with 1 +++
1978065 +++ exited with 1 +++
1978064 +++ exited with 1 +++
1978063 +++ exited with 1 +++
1978062 +++ exited with 1 +++
1978079 +++ exited with 1 +++
1978061 +++ exited with 1 +++
