1981875 openat(AT_FDCWD, "/etc/ld.so.cache", O_RDONLY|O_CLOEXEC) = 3
1981875 openat(AT_FDCWD, "/lib/x86_64-linux-gnu/libtinfo.so.6", O_RDONLY|O_CLOEXEC) = 3
1981875 openat(AT_FDCWD, "/lib/x86_64-linux-gnu/libc.so.6", O_RDONLY|O_CLOEXEC) = 3
1981875 openat(AT_FDCWD, "/dev/tty", O_RDWR|O_NONBLOCK) = 3
1981875 openat(AT_FDCWD, "/usr/lib/locale/locale-archive", O_RDONLY|O_CLOEXEC) = 3
1981875 openat(AT_FDCWD, "/usr/lib/x86_64-linux-gnu/gconv/gconv-modules.cache", O_RDONLY) = 3
1981875 openat(AT_FDCWD, "./zombie.sh", O_RDONLY) = 3
1981876 openat(AT_FDCWD, "target/debug/glibc-hwcaps/x86-64-v3/librustc_driver.so", O_RDONLY|O_CLOEXEC) = 3
1981876 openat(AT_FDCWD, "target/debug/glibc-hwcaps/x86-64-v3/libstd-55e31a9915372a07.so", O_RDONLY|O_CLOEXEC) = 3
1981876 openat(AT_FDCWD, "target/debug/glibc-hwcaps/x86-64-v3/libgcc_s.so.1", O_RDONLY|O_CLOEXEC) = 3
1981876 openat(AT_FDCWD, "target/debug/glibc-hwcaps/x86-64-v3/libm.so.6", O_RDONLY|O_CLOEXEC) = 3
1981876 openat(AT_FDCWD, "target/debug/glibc-hwcaps/x86-64-v3/libc.so.6", O_RDONLY|O_CLOEXEC) = 3
1981876 openat(AT_FDCWD, "/proc/self/maps", O_RDONLY|O_CLOEXEC) = 3
1981876 openat(AT_FDCWD, "/proc/self/cgroup", O_RDONLY|O_CLOEXEC) = 3
1981876 openat(AT_FDCWD, "/sys/fs/cgroup/user.slice/user-1000.slice/session-1855.scope/cpu.max", O_RDONLY|O_CLOEXEC) = -1 ENOENT (No such file or directory)
1981876 openat(AT_FDCWD, "/sys/fs/cgroup/user.slice/user-1000.slice/cpu.max", O_RDONLY|O_CLOEXEC) = -1 ENOENT (No such file or directory)
1981876 openat(AT_FDCWD, "/sys/fs/cgroup/user.slice/cpu.max", O_RDONLY|O_CLOEXEC) = 3
1981876 openat(AT_FDCWD, "/sys/fs/cgroup/cpu.max", O_RDONLY|O_CLOEXEC) = -1 ENOENT (No such file or directory)
1981885 openat(AT_FDCWD, "/sys/devices/system/cpu/online", O_RDONLY|O_CLOEXEC) = 13
1981901 +++ exited with 0 +++
1981902 +++ exited with 1 +++
1981900 +++ exited with 1 +++
1981899 +++ exited with 1 +++
1981898 +++ exited with 1 +++
1981897 +++ exited with 1 +++
1981896 +++ exited with 1 +++
1981895 +++ exited with 1 +++
1981894 +++ exited with 1 +++
1981893 +++ exited with 1 +++
1981892 +++ exited with 1 +++
1981891 +++ exited with 1 +++
1981890 +++ exited with 1 +++
1981889 +++ exited with 1 +++
1981888 +++ exited with 1 +++
1981887 +++ exited with 1 +++
1981886 +++ exited with 1 +++
1981885 +++ exited with 1 +++
1981884 +++ exited with 1 +++
1981883 +++ exited with 1 +++
1981882 +++ exited with 1 +++
1981881 +++ exited with 1 +++
1981880 +++ exited with 1 +++
1981879 +++ exited with 1 +++
1981878 +++ exited with 1 +++
1981877 +++ exited with 1 +++
1981876 +++ exited with 1 +++
1981875 --- SIGCHLD {si_signo=SIGCHLD, si_code=CLD_EXITED, si_pid=1981876, si_uid=1000, si_status=1, si_utime=8, si_stime=2} ---
1981875 +++ exited with 1 +++
