1984904 execve("./zombie.sh", ["./zombie.sh", "--no-net", "hello_zombie.rs", "--crate-type", "bin", "-o", "hello_zombie"], 0x7fffffff5a98 /* 132 vars */) = 0
1984904 access("/etc/ld.so.preload", R_OK) = -1 ENOENT (No such file or directory)
1984904 openat(AT_FDCWD, "/etc/ld.so.cache", O_RDONLY|O_CLOEXEC) = 3
1984904 newfstatat(3, "", {st_mode=S_IFREG|0644, st_size=138808, ...}, AT_EMPTY_PATH) = 0
1984904 openat(AT_FDCWD, "/lib/x86_64-linux-gnu/libtinfo.so.6", O_RDONLY|O_CLOEXEC) = 3
1984904 newfstatat(3, "", {st_mode=S_IFREG|0644, st_size=200136, ...}, AT_EMPTY_PATH) = 0
1984904 openat(AT_FDCWD, "/lib/x86_64-linux-gnu/libc.so.6", O_RDONLY|O_CLOEXEC) = 3
1984904 newfstatat(3, "", {st_mode=S_IFREG|0755, st_size=2220400, ...}, AT_EMPTY_PATH) = 0
1984904 openat(AT_FDCWD, "/dev/tty", O_RDWR|O_NONBLOCK) = 3
1984904 openat(AT_FDCWD, "/usr/lib/locale/locale-archive", O_RDONLY|O_CLOEXEC) = 3
1984904 newfstatat(3, "", {st_mode=S_IFREG|0644, st_size=3048928, ...}, AT_EMPTY_PATH) = 0
1984904 openat(AT_FDCWD, "/usr/lib/x86_64-linux-gnu/gconv/gconv-modules.cache", O_RDONLY) = 3
1984904 newfstatat(3, "", {st_mode=S_IFREG|0644, st_size=27002, ...}, AT_EMPTY_PATH) = 0
1984904 newfstatat(AT_FDCWD, "/home/mdupont/nix/vendor/rust/cargo2nix/submodules/rust/compiler/zombie_driver", {st_mode=S_IFDIR|0755, st_size=4096, ...}, 0) = 0
1984904 newfstatat(AT_FDCWD, ".", {st_mode=S_IFDIR|0755, st_size=4096, ...}, 0) = 0
1984904 newfstatat(AT_FDCWD, "/home", {st_mode=S_IFDIR|0755, st_size=4096, ...}, 0) = 0
1984904 newfstatat(AT_FDCWD, "/home/mdupont", {st_mode=S_IFDIR|0755, st_size=12288, ...}, 0) = 0
1984904 newfstatat(AT_FDCWD, "/home/mdupont/nix", {st_mode=S_IFDIR|0775, st_size=4096, ...}, 0) = 0
1984904 newfstatat(AT_FDCWD, "/home/mdupont/nix/vendor", {st_mode=S_IFDIR|0775, st_size=4096, ...}, 0) = 0
1984904 newfstatat(AT_FDCWD, "/home/mdupont/nix/vendor/rust", {st_mode=S_IFDIR|0775, st_size=4096, ...}, 0) = 0
1984904 newfstatat(AT_FDCWD, "/home/mdupont/nix/vendor/rust/cargo2nix", {st_mode=S_IFDIR|0775, st_size=20480, ...}, 0) = 0
1984904 newfstatat(AT_FDCWD, "/home/mdupont/nix/vendor/rust/cargo2nix/submodules", {st_mode=S_IFDIR|0775, st_size=20480, ...}, 0) = 0
1984904 newfstatat(AT_FDCWD, "/home/mdupont/nix/vendor/rust/cargo2nix/submodules/rust", {st_mode=S_IFDIR|0755, st_size=4096, ...}, 0) = 0
1984904 newfstatat(AT_FDCWD, "/home/mdupont/nix/vendor/rust/cargo2nix/submodules/rust/compiler", {st_mode=S_IFDIR|0755, st_size=4096, ...}, 0) = 0
1984904 newfstatat(AT_FDCWD, "/home/mdupont/nix/vendor/rust/cargo2nix/submodules/rust/compiler/zombie_driver", {st_mode=S_IFDIR|0755, st_size=4096, ...}, 0) = 0
1984904 newfstatat(AT_FDCWD, "/home/mdupont/nix/vendor/rust/cargo2nix/submodules/rust/compiler", {st_mode=S_IFDIR|0755, st_size=4096, ...}, 0) = 0
1984904 openat(AT_FDCWD, "./zombie.sh", O_RDONLY) = 3
1984904 newfstatat(AT_FDCWD, "./zombie.sh", {st_mode=S_IFREG|0755, st_size=557, ...}, 0) = 0
1984904 newfstatat(255, "", {st_mode=S_IFREG|0755, st_size=557, ...}, AT_EMPTY_PATH) = 0
1984904 newfstatat(AT_FDCWD, "target/debug/zombie_rustc_driver", {st_mode=S_IFREG|0755, st_size=74660328, ...}, 0) = 0
1984906 execve("./target/debug/zombie_rustc_driver", ["./target/debug/zombie_rustc_driv"..., "--no-net", "hello_zombie.rs", "--crate-type", "bin", "-o", "hello_zombie"], 0x5555556da200 /* 136 vars */) = 0
1984906 access("/etc/ld-nix.so.preload", R_OK) = -1 ENOENT (No such file or directory)
1984906 openat(AT_FDCWD, "target/debug/glibc-hwcaps/x86-64-v3/librustc_driver.so", O_RDONLY|O_CLOEXEC) = 3
1984906 getcwd("/mnt/data1/nix/vendor/rust/cargo2nix/submodules/rust/compiler/zombie_driver", 128) = 76
1984906 openat(AT_FDCWD, "target/debug/glibc-hwcaps/x86-64-v3/libstd-55e31a9915372a07.so", O_RDONLY|O_CLOEXEC) = 3
1984906 getcwd("/mnt/data1/nix/vendor/rust/cargo2nix/submodules/rust/compiler/zombie_driver", 128) = 76
1984906 openat(AT_FDCWD, "target/debug/glibc-hwcaps/x86-64-v3/libgcc_s.so.1", O_RDONLY|O_CLOEXEC) = 3
1984906 getcwd("/mnt/data1/nix/vendor/rust/cargo2nix/submodules/rust/compiler/zombie_driver", 128) = 76
1984906 openat(AT_FDCWD, "target/debug/glibc-hwcaps/x86-64-v3/libm.so.6", O_RDONLY|O_CLOEXEC) = 3
1984906 getcwd("/mnt/data1/nix/vendor/rust/cargo2nix/submodules/rust/compiler/zombie_driver", 128) = 76
1984906 openat(AT_FDCWD, "target/debug/glibc-hwcaps/x86-64-v3/libc.so.6", O_RDONLY|O_CLOEXEC) = 3
1984906 getcwd("/mnt/data1/nix/vendor/rust/cargo2nix/submodules/rust/compiler/zombie_driver", 128) = 76
1984906 openat(AT_FDCWD, "/proc/self/maps", O_RDONLY|O_CLOEXEC) = 3
1984906 openat(AT_FDCWD, "/proc/self/cgroup", O_RDONLY|O_CLOEXEC) = 3
1984906 statx(3, "", AT_STATX_SYNC_AS_STAT|AT_EMPTY_PATH, STATX_ALL, {stx_mask=STATX_BASIC_STATS|STATX_MNT_ID, stx_attributes=0, stx_mode=S_IFREG|0444, stx_size=0, ...}) = 0
1984906 statx(AT_FDCWD, "/sys/fs/cgroup/user.slice/user-1000.slice/session-1855.scope/cgroup.controllers", AT_STATX_SYNC_AS_STAT, STATX_ALL, {stx_mask=STATX_BASIC_STATS|STATX_MNT_ID, stx_attributes=0, stx_mode=S_IFREG|0444, stx_size=0, ...}) = 0
1984906 openat(AT_FDCWD, "/sys/fs/cgroup/user.slice/user-1000.slice/session-1855.scope/cpu.max", O_RDONLY|O_CLOEXEC) = -1 ENOENT (No such file or directory)
1984906 openat(AT_FDCWD, "/sys/fs/cgroup/user.slice/user-1000.slice/cpu.max", O_RDONLY|O_CLOEXEC) = -1 ENOENT (No such file or directory)
1984906 openat(AT_FDCWD, "/sys/fs/cgroup/user.slice/cpu.max", O_RDONLY|O_CLOEXEC) = 3
1984906 statx(3, "", AT_STATX_SYNC_AS_STAT|AT_EMPTY_PATH, STATX_ALL, {stx_mask=STATX_BASIC_STATS|STATX_MNT_ID, stx_attributes=0, stx_mode=S_IFREG|0644, stx_size=0, ...}) = 0
1984906 openat(AT_FDCWD, "/sys/fs/cgroup/cpu.max", O_RDONLY|O_CLOEXEC) = -1 ENOENT (No such file or directory)
1984918 openat(AT_FDCWD, "/sys/devices/system/cpu/online", O_RDONLY|O_CLOEXEC) = 13
1984906 readlink("./target/debug/zombie_rustc_driver", 0x555555f53810, 256) = -1 EINVAL (Invalid argument)
1984906 getcwd("/mnt/data1/nix/vendor/rust/cargo2nix/submodules/rust/compiler/zombie_driver", 1024) = 76
1984906 readlink("/mnt/data1/nix/vendor/rust/cargo2nix/submodules/rust/compiler/zombie_driver/target", 0x7ffffffe6770, 1023) = -1 EINVAL (Invalid argument)
1984906 readlink("/mnt/data1/nix/vendor/rust/cargo2nix/submodules/rust/compiler/zombie_driver/target/debug", 0x7ffffffe6770, 1023) = -1 EINVAL (Invalid argument)
1984906 readlink("/mnt/data1/nix/vendor/rust/cargo2nix/submodules/rust/compiler/zombie_driver/target/debug/glibc-hwcaps", 0x7ffffffe6770, 1023) = -1 EINVAL (Invalid argument)
1984906 readlink("/mnt/data1/nix/vendor/rust/cargo2nix/submodules/rust/compiler/zombie_driver/target/debug/glibc-hwcaps/x86-64-v3", 0x7ffffffe6770, 1023) = -1 EINVAL (Invalid argument)
1984906 readlink("/mnt/data1/nix/vendor/rust/cargo2nix/submodules/rust/compiler/zombie_driver/target/debug/glibc-hwcaps/x86-64-v3/librustc_driver.so", 0x7ffffffe6770, 1023) = -1 EINVAL (Invalid argument)
1984906 statx(AT_FDCWD, "/mnt/data1/nix/vendor/rust/cargo2nix/submodules/rust/compiler/zombie_driver/target/debug/glibc-hwcaps/lib/rustlib/src/rust", AT_STATX_SYNC_AS_STAT|AT_SYMLINK_NOFOLLOW, STATX_ALL, {stx_mask=STATX_ALL|STATX_MNT_ID, stx_attributes=0, stx_mode=S_IFDIR|0755, stx_size=4096, ...}) = 0
1984906 statx(AT_FDCWD, "/mnt/data1/nix/vendor/rust/cargo2nix/submodules/rust/compiler/zombie_driver/target/debug/glibc-hwcaps/lib/rustlib/src/rust/library/std/src/lib.rs", AT_STATX_SYNC_AS_STAT, STATX_ALL, 0x7ffffffe7010) = -1 ENOENT (No such file or directory)
1984906 statx(AT_FDCWD, "/mnt/data1/nix/vendor/rust/cargo2nix/submodules/rust/compiler/zombie_driver/target/debug/glibc-hwcaps/lib/rustlib/rustc-src/rust", AT_STATX_SYNC_AS_STAT|AT_SYMLINK_NOFOLLOW, STATX_ALL, {stx_mask=STATX_ALL|STATX_MNT_ID, stx_attributes=0, stx_mode=S_IFDIR|0755, stx_size=4096, ...}) = 0
1984906 statx(AT_FDCWD, "/mnt/data1/nix/vendor/rust/cargo2nix/submodules/rust/compiler/zombie_driver/target/debug/glibc-hwcaps/lib/rustlib/rustc-src/rust/compiler/rustc/src/main.rs", AT_STATX_SYNC_AS_STAT, STATX_ALL, 0x7ffffffe7010) = -1 ENOENT (No such file or directory)
1984906 getcwd("/mnt/data1/nix/vendor/rust/cargo2nix/submodules/rust/compiler/zombie_driver", 512) = 76
1984906 getcwd("/mnt/data1/nix/vendor/rust/cargo2nix/submodules/rust/compiler/zombie_driver", 512) = 76
1984934 statx(AT_FDCWD, "/mnt/data1/nix/vendor/rust/cargo2nix/submodules/rust/compiler/zombie_driver/target/debug/glibc-hwcaps/lib64/rustlib", AT_STATX_SYNC_AS_STAT, STATX_ALL, 0x7fffc25d3ab0) = -1 ENOENT (No such file or directory)
1984934 statx(AT_FDCWD, "/mnt/data1/nix/vendor/rust/cargo2nix/submodules/rust/compiler/zombie_driver/target/debug/glibc-hwcaps/lib/rustlib/x86_64-unknown-linux-gnu/codegen-backends", AT_STATX_SYNC_AS_STAT, STATX_ALL, {stx_mask=STATX_ALL|STATX_MNT_ID, stx_attributes=0, stx_mode=S_IFDIR|0755, stx_size=4096, ...}) = 0
1984934 openat(AT_FDCWD, "/mnt/data1/nix/vendor/rust/cargo2nix/submodules/rust/compiler/zombie_driver/target/debug/glibc-hwcaps/lib/rustlib/x86_64-unknown-linux-gnu/codegen-backends", O_RDONLY|O_NONBLOCK|O_CLOEXEC|O_DIRECTORY) = 15
1984934 +++ exited with 0 +++
1984935 +++ exited with 1 +++
1984933 +++ exited with 1 +++
1984932 +++ exited with 1 +++
1984931 +++ exited with 1 +++
1984929 +++ exited with 1 +++
1984928 +++ exited with 1 +++
1984927 +++ exited with 1 +++
1984926 +++ exited with 1 +++
1984924 +++ exited with 1 +++
1984923 +++ exited with 1 +++
1984922 +++ exited with 1 +++
1984921 +++ exited with 1 +++
1984919 +++ exited with 1 +++
1984918 +++ exited with 1 +++
1984917 +++ exited with 1 +++
1984916 +++ exited with 1 +++
1984915 +++ exited with 1 +++
1984914 +++ exited with 1 +++
1984913 +++ exited with 1 +++
1984912 +++ exited with 1 +++
1984911 +++ exited with 1 +++
1984910 +++ exited with 1 +++
1984920 +++ exited with 1 +++
1984930 +++ exited with 1 +++
1984925 +++ exited with 1 +++
1984906 +++ exited with 1 +++
1984904 --- SIGCHLD {si_signo=SIGCHLD, si_code=CLD_EXITED, si_pid=1984906, si_uid=1000, si_status=1, si_utime=7, si_stime=1} ---
1984904 +++ exited with 1 +++
