2004563 openat(AT_FDCWD, "/etc/ld.so.cache", O_RDONLY|O_CLOEXEC) = 3
2004563 openat(AT_FDCWD, "/lib/x86_64-linux-gnu/libtinfo.so.6", O_RDONLY|O_CLOEXEC) = 3
2004563 openat(AT_FDCWD, "/lib/x86_64-linux-gnu/libc.so.6", O_RDONLY|O_CLOEXEC) = 3
2004563 openat(AT_FDCWD, "/dev/tty", O_RDWR|O_NONBLOCK) = 3
2004563 openat(AT_FDCWD, "/usr/lib/locale/locale-archive", O_RDONLY|O_CLOEXEC) = 3
2004563 openat(AT_FDCWD, "/usr/lib/x86_64-linux-gnu/gconv/gconv-modules.cache", O_RDONLY) = 3
2004563 openat(AT_FDCWD, "./zombie.sh", O_RDONLY) = 3
2004564 openat(AT_FDCWD, "target/debug/glibc-hwcaps/x86-64-v3/librustc_driver.so", O_RDONLY|O_CLOEXEC) = 3
2004564 openat(AT_FDCWD, "target/debug/glibc-hwcaps/x86-64-v3/libstd-55e31a9915372a07.so", O_RDONLY|O_CLOEXEC) = 3
2004564 openat(AT_FDCWD, "target/debug/glibc-hwcaps/x86-64-v3/libgcc_s.so.1", O_RDONLY|O_CLOEXEC) = 3
2004564 openat(AT_FDCWD, "target/debug/glibc-hwcaps/x86-64-v3/libm.so.6", O_RDONLY|O_CLOEXEC) = 3
2004564 openat(AT_FDCWD, "target/debug/glibc-hwcaps/x86-64-v3/libc.so.6", O_RDONLY|O_CLOEXEC) = 3
2004564 openat(AT_FDCWD, "/proc/self/maps", O_RDONLY|O_CLOEXEC) = 3
2004564 openat(AT_FDCWD, "/proc/self/cgroup", O_RDONLY|O_CLOEXEC) = 3
2004564 openat(AT_FDCWD, "/sys/fs/cgroup/user.slice/user-1000.slice/session-1855.scope/cpu.max", O_RDONLY|O_CLOEXEC) = -1 ENOENT (No such file or directory)
2004564 openat(AT_FDCWD, "/sys/fs/cgroup/user.slice/user-1000.slice/cpu.max", O_RDONLY|O_CLOEXEC) = -1 ENOENT (No such file or directory)
2004564 openat(AT_FDCWD, "/sys/fs/cgroup/user.slice/cpu.max", O_RDONLY|O_CLOEXEC) = 3
2004564 openat(AT_FDCWD, "/sys/fs/cgroup/cpu.max", O_RDONLY|O_CLOEXEC) = -1 ENOENT (No such file or directory)
2004573 openat(AT_FDCWD, "/sys/devices/system/cpu/online", O_RDONLY|O_CLOEXEC) = 13
2004574 openat(AT_FDCWD, "/sys/devices/system/cpu/online", O_RDONLY|O_CLOEXEC) = 14
2004589 openat(AT_FDCWD, "/mnt/data1/nix/vendor/rust/cargo2nix/submodules/rust/compiler/zombie_driver/target/debug/glibc-hwcaps/lib64/rustlib/x86_64-unknown-linux-gnu/codegen-backends", O_RDONLY|O_NONBLOCK|O_CLOEXEC|O_DIRECTORY) = 15
2004589 +++ exited with 0 +++
2004590 +++ exited with 1 +++
2004588 +++ exited with 1 +++
2004587 +++ exited with 1 +++
2004586 +++ exited with 1 +++
2004585 +++ exited with 1 +++
2004584 +++ exited with 1 +++
2004583 +++ exited with 1 +++
2004582 +++ exited with 1 +++
2004581 +++ exited with 1 +++
2004580 +++ exited with 1 +++
2004579 +++ exited with 1 +++
2004578 +++ exited with 1 +++
2004577 +++ exited with 1 +++
2004576 +++ exited with 1 +++
2004575 +++ exited with 1 +++
2004574 +++ exited with 1 +++
2004573 +++ exited with 1 +++
2004572 +++ exited with 1 +++
2004571 +++ exited with 1 +++
2004570 +++ exited with 1 +++
2004569 +++ exited with 1 +++
2004568 +++ exited with 1 +++
2004567 +++ exited with 1 +++
2004566 +++ exited with 1 +++
2004565 +++ exited with 1 +++
2004564 +++ exited with 1 +++
2004563 --- SIGCHLD {si_signo=SIGCHLD, si_code=CLD_EXITED, si_pid=2004564, si_uid=1000, si_status=1, si_utime=7, si_stime=2} ---
2004563 +++ exited with 1 +++
