1984489 access("/etc/ld.so.preload", R_OK) = -1 ENOENT (No such file or directory)
1984489 openat(AT_FDCWD, "/etc/ld.so.cache", O_RDONLY|O_CLOEXEC) = 3
1984489 openat(AT_FDCWD, "/lib/x86_64-linux-gnu/libtinfo.so.6", O_RDONLY|O_CLOEXEC) = 3
1984489 openat(AT_FDCWD, "/lib/x86_64-linux-gnu/libc.so.6", O_RDONLY|O_CLOEXEC) = 3
1984489 openat(AT_FDCWD, "/dev/tty", O_RDWR|O_NONBLOCK) = 3
1984489 openat(AT_FDCWD, "/usr/lib/locale/locale-archive", O_RDONLY|O_CLOEXEC) = 3
1984489 openat(AT_FDCWD, "/usr/lib/x86_64-linux-gnu/gconv/gconv-modules.cache", O_RDONLY) = 3
1984489 openat(AT_FDCWD, "./zombie.sh", O_RDONLY) = 3
1984490 access("/etc/ld-nix.so.preload", R_OK) = -1 ENOENT (No such file or directory)
1984490 openat(AT_FDCWD, "target/debug/glibc-hwcaps/x86-64-v3/librustc_driver.so", O_RDONLY|O_CLOEXEC) = 3
1984490 openat(AT_FDCWD, "target/debug/glibc-hwcaps/x86-64-v3/libstd-55e31a9915372a07.so", O_RDONLY|O_CLOEXEC) = 3
1984490 openat(AT_FDCWD, "target/debug/glibc-hwcaps/x86-64-v3/libgcc_s.so.1", O_RDONLY|O_CLOEXEC) = 3
1984490 openat(AT_FDCWD, "target/debug/glibc-hwcaps/x86-64-v3/libm.so.6", O_RDONLY|O_CLOEXEC) = 3
1984490 openat(AT_FDCWD, "target/debug/glibc-hwcaps/x86-64-v3/libc.so.6", O_RDONLY|O_CLOEXEC) = 3
1984490 openat(AT_FDCWD, "/proc/self/maps", O_RDONLY|O_CLOEXEC) = 3
1984490 openat(AT_FDCWD, "/proc/self/cgroup", O_RDONLY|O_CLOEXEC) = 3
1984490 openat(AT_FDCWD, "/sys/fs/cgroup/user.slice/user-1000.slice/session-1855.scope/cpu.max", O_RDONLY|O_CLOEXEC) = -1 ENOENT (No such file or directory)
1984490 openat(AT_FDCWD, "/sys/fs/cgroup/user.slice/user-1000.slice/cpu.max", O_RDONLY|O_CLOEXEC) = -1 ENOENT (No such file or directory)
1984490 openat(AT_FDCWD, "/sys/fs/cgroup/user.slice/cpu.max", O_RDONLY|O_CLOEXEC) = 3
1984490 openat(AT_FDCWD, "/sys/fs/cgroup/cpu.max", O_RDONLY|O_CLOEXEC) = -1 ENOENT (No such file or directory)
1984499 openat(AT_FDCWD, "/sys/devices/system/cpu/online", O_RDONLY|O_CLOEXEC) = 13
1984515 +++ exited with 0 +++
1984516 +++ exited with 1 +++
1984514 +++ exited with 1 +++
1984513 +++ exited with 1 +++
1984512 +++ exited with 1 +++
1984511 +++ exited with 1 +++
1984510 +++ exited with 1 +++
1984509 +++ exited with 1 +++
1984508 +++ exited with 1 +++
1984507 +++ exited with 1 +++
1984506 +++ exited with 1 +++
1984504 +++ exited with 1 +++
1984503 +++ exited with 1 +++
1984502 +++ exited with 1 +++
1984501 +++ exited with 1 +++
1984500 +++ exited with 1 +++
1984499 +++ exited with 1 +++
1984498 +++ exited with 1 +++
1984497 +++ exited with 1 +++
1984496 +++ exited with 1 +++
1984495 +++ exited with 1 +++
1984494 +++ exited with 1 +++
1984493 +++ exited with 1 +++
1984492 +++ exited with 1 +++
1984491 +++ exited with 1 +++
1984505 +++ exited with 1 +++
1984490 +++ exited with 1 +++
1984489 --- SIGCHLD {si_signo=SIGCHLD, si_code=CLD_EXITED, si_pid=1984490, si_uid=1000, si_status=1, si_utime=7, si_stime=2} ---
1984489 +++ exited with 1 +++
