=== SAVED 4 CLASSIFIED ENUMS FOR CRATE: syn ===
=== COLLECTING USAGE DATA FOR CRATE: syn === (6665 total usages)
=== COLLECTING USAGE DATA FOR CRATE: cfg_if === (0 total usages)
=== SAVED 3 CLASSIFIED ENUMS FOR CRATE: memchr ===
=== COLLECTING USAGE DATA FOR CRATE: memchr === (510 total usages)
=== COLLECTING USAGE DATA FOR CRATE: pin_project_lite === (4 total usages)
=== SAVED 3 CLASSIFIED ENUMS FOR CRATE: synstructure ===
=== COLLECTING USAGE DATA FOR CRATE: synstructure === (97 total usages)
=== SAVED 2 CLASSIFIED ENUMS FOR CRATE: autocfg ===
=== COLLECTING USAGE DATA FOR CRATE: autocfg === (63 total usages)
=== SAVED 1 CLASSIFIED ENUMS FOR CRATE: zerofrom_derive ===
=== COLLECTING USAGE DATA FOR CRATE: zerofrom_derive === (160 total usages)
=== COLLECTING USAGE DATA FOR CRATE: yoke_derive === (254 total usages)
=== SAVED 2 CLASSIFIED ENUMS FOR CRATE: version_check ===
=== COLLECTING USAGE DATA FOR CRATE: version_check === (96 total usages)
=== SAVED 3 CLASSIFIED ENUMS FOR CRATE: build_script_build ===
=== COLLECTING USAGE DATA FOR CRATE: build_script_build === (176 total usages)
=== SAVED 4 CLASSIFIED ENUMS FOR CRATE: zerovec_derive ===
=== COLLECTING USAGE DATA FOR CRATE: zerovec_derive === (1039 total usages)
=== SAVED 3 CLASSIFIED ENUMS FOR CRATE: displaydoc ===
=== COLLECTING USAGE DATA FOR CRATE: displaydoc === (250 total usages)
=== SAVED 1 CLASSIFIED ENUMS FOR CRATE: build_script_build ===
=== COLLECTING USAGE DATA FOR CRATE: build_script_build === (115 total usages)
=== COLLECTING USAGE DATA FOR CRATE: build_script_build === (4 total usages)
=== COLLECTING USAGE DATA FOR CRATE: build_script_build === (5 total usages)
=== SAVED 1 CLASSIFIED ENUMS FOR CRATE: build_script_build ===
=== COLLECTING USAGE DATA FOR CRATE: build_script_build === (59 total usages)
=== COLLECTING USAGE DATA FOR CRATE: scopeguard === (3 total usages)
=== COLLECTING USAGE DATA FOR CRATE: litemap === (16 total usages)
=== SAVED 6 CLASSIFIED ENUMS FOR CRATE: writeable ===
=== COLLECTING USAGE DATA FOR CRATE: writeable === (54 total usages)
=== COLLECTING USAGE DATA FOR CRATE: zerofrom === (0 total usages)
=== COLLECTING USAGE DATA FOR CRATE: build_script_build === (2 total usages)
=== SAVED 2 CLASSIFIED ENUMS FOR CRATE: build_script_build ===
=== COLLECTING USAGE DATA FOR CRATE: build_script_build === (91 total usages)
=== COLLECTING USAGE DATA FOR CRATE: log === (80 total usages)
=== SAVED 2 CLASSIFIED ENUMS FOR CRATE: thiserror_impl ===
=== COLLECTING USAGE DATA FOR CRATE: thiserror_impl === (1135 total usages)
=== COLLECTING USAGE DATA FOR CRATE: cpufeatures === (0 total usages)
=== COLLECTING USAGE DATA FOR CRATE: once_cell === (41 total usages)
=== COLLECTING USAGE DATA FOR CRATE: typenum === (19 total usages)
=== SAVED 2 CLASSIFIED ENUMS FOR CRATE: zerocopy ===
=== COLLECTING USAGE DATA FOR CRATE: zerocopy === (425 total usages)
=== COLLECTING USAGE DATA FOR CRATE: lock_api === (17 total usages)
=== SAVED 2 CLASSIFIED ENUMS FOR CRATE: tracing_core ===
=== COLLECTING USAGE DATA FOR CRATE: tracing_core === (140 total usages)
=== SAVED 3 CLASSIFIED ENUMS FOR CRATE: tracing_attributes ===
=== COLLECTING USAGE DATA FOR CRATE: tracing_attributes === (448 total usages)
=== COLLECTING USAGE DATA FOR CRATE: generic_array === (14 total usages)
=== COLLECTING USAGE DATA FOR CRATE: ppv_lite86 === (32 total usages)
=== COLLECTING USAGE DATA FOR CRATE: thiserror === (1 total usages)
=== SAVED 1 CLASSIFIED ENUMS FOR CRATE: tracing ===
=== COLLECTING USAGE DATA FOR CRATE: tracing === (39 total usages)
=== SAVED 1 CLASSIFIED ENUMS FOR CRATE: block_buffer ===
=== COLLECTING USAGE DATA FOR CRATE: block_buffer === (9 total usages)
=== COLLECTING USAGE DATA FOR CRATE: crypto_common === (1 total usages)
=== COLLECTING USAGE DATA FOR CRATE: arrayref === (0 total usages)
=== SAVED 1 CLASSIFIED ENUMS FOR CRATE: build_script_build ===
=== COLLECTING USAGE DATA FOR CRATE: build_script_build === (47 total usages)
=== SAVED 1 CLASSIFIED ENUMS FOR CRATE: shlex ===
=== COLLECTING USAGE DATA FOR CRATE: shlex === (66 total usages)
=== COLLECTING USAGE DATA FOR CRATE: bitflags === (0 total usages)
=== SAVED 4 CLASSIFIED ENUMS FOR CRATE: cc ===
=== COLLECTING USAGE DATA FOR CRATE: cc === (2735 total usages)
   Compiling zombie_client v0.0.0 (/mnt/data1/nix/vendor/rust/cargo2nix/submodules/rust-build/compiler/zombie_client)
    Finished `dev` profile [unoptimized + debuginfo] target(s) in 1.83s
     Running `/mnt/data1/nix/vendor/rust/cargo2nix/submodules/rust-build/target/debug/zombie_client`
🧟♂️ Zombie Client Test Starting...
🔪 Killing existing zombie processes...
