=== MANIFEST SAVED: ./test_usage_data/unicode_ident_manifest.json ===
=== COLLECTING USAGE DATA FOR CRATE: unicode_ident === (13 total usages)
=== MANIFEST SAVED: ./test_usage_data/smallvec_manifest.json ===
=== COLLECTING USAGE DATA FOR CRATE: smallvec === (10 total usages)
=== MANIFEST SAVED: ./test_usage_data/cfg_if_manifest.json ===
=== COLLECTING USAGE DATA FOR CRATE: cfg_if === (0 total usages)
=== MANIFEST SAVED: ./test_usage_data/itoa_manifest.json ===
=== COLLECTING USAGE DATA FOR CRATE: itoa === (1 total usages)
=== MANIFEST SAVED: ./test_usage_data/pin_project_lite_manifest.json ===
=== COLLECTING USAGE DATA FOR CRATE: pin_project_lite === (0 total usages)
=== MANIFEST SAVED: ./test_usage_data/futures_core_manifest.json ===
=== COLLECTING USAGE DATA FOR CRATE: futures_core === (3 total usages)
=== MANIFEST SAVED: ./test_usage_data/writeable_manifest.json ===
=== COLLECTING USAGE DATA FOR CRATE: writeable === (37 total usages)
=== MANIFEST SAVED: ./test_usage_data/log_manifest.json ===
=== COLLECTING USAGE DATA FOR CRATE: log === (37 total usages)
=== MANIFEST SAVED: ./test_usage_data/litemap_manifest.json ===
=== COLLECTING USAGE DATA FOR CRATE: litemap === (12 total usages)
=== MANIFEST SAVED: ./test_usage_data/futures_sink_manifest.json ===
=== COLLECTING USAGE DATA FOR CRATE: futures_sink === (0 total usages)
=== MANIFEST SAVED: ./test_usage_data/bytes_manifest.json ===
=== COLLECTING USAGE DATA FOR CRATE: bytes === (210 total usages)
=== MANIFEST SAVED: ./test_usage_data/rustc_hash_manifest.json ===
=== COLLECTING USAGE DATA FOR CRATE: rustc_hash === (1 total usages)
=== MANIFEST SAVED: ./test_usage_data/pin_utils_manifest.json ===
=== COLLECTING USAGE DATA FOR CRATE: pin_utils === (0 total usages)
=== MANIFEST SAVED: ./test_usage_data/slab_manifest.json ===
=== COLLECTING USAGE DATA FOR CRATE: slab === (0 total usages)
=== MANIFEST SAVED: ./test_usage_data/percent_encoding_manifest.json ===
=== COLLECTING USAGE DATA FOR CRATE: percent_encoding === (71 total usages)
=== MANIFEST SAVED: ./test_usage_data/futures_task_manifest.json ===
=== COLLECTING USAGE DATA FOR CRATE: futures_task === (27 total usages)
=== MANIFEST SAVED: ./test_usage_data/once_cell_manifest.json ===
=== COLLECTING USAGE DATA FOR CRATE: once_cell === (19 total usages)
=== MANIFEST SAVED: ./test_usage_data/build_common_manifest.json ===
=== COLLECTING USAGE DATA FOR CRATE: build_common === (24 total usages)
=== MANIFEST SAVED: ./test_usage_data/futures_io_manifest.json ===
=== COLLECTING USAGE DATA FOR CRATE: futures_io === (0 total usages)
=== MANIFEST SAVED: ./test_usage_data/hashbrown_manifest.json ===
=== COLLECTING USAGE DATA FOR CRATE: hashbrown === (21 total usages)
=== MANIFEST SAVED: ./test_usage_data/utf8parse_manifest.json ===
=== COLLECTING USAGE DATA FOR CRATE: utf8parse === (1 total usages)
=== MANIFEST SAVED: ./test_usage_data/equivalent_manifest.json ===
=== COLLECTING USAGE DATA FOR CRATE: equivalent === (0 total usages)
=== MANIFEST SAVED: ./test_usage_data/futures_channel_manifest.json ===
=== COLLECTING USAGE DATA FOR CRATE: futures_channel === (25 total usages)
=== MANIFEST SAVED: ./test_usage_data/form_urlencoded_manifest.json ===
=== COLLECTING USAGE DATA FOR CRATE: form_urlencoded === (26 total usages)
=== MANIFEST SAVED: ./test_usage_data/indexmap_manifest.json ===
=== COLLECTING USAGE DATA FOR CRATE: indexmap === (51 total usages)
=== MANIFEST SAVED: ./test_usage_data/version_check_manifest.json ===
=== COLLECTING USAGE DATA FOR CRATE: version_check === (91 total usages)
=== MANIFEST SAVED: ./test_usage_data/is_terminal_polyfill_manifest.json ===
=== COLLECTING USAGE DATA FOR CRATE: is_terminal_polyfill === (0 total usages)
=== MANIFEST SAVED: ./test_usage_data/regex_syntax_manifest.json ===
=== COLLECTING USAGE DATA FOR CRATE: regex_syntax === (767 total usages)
=== MANIFEST SAVED: ./test_usage_data/anstyle_manifest.json ===
=== COLLECTING USAGE DATA FOR CRATE: anstyle === (3 total usages)
=== MANIFEST SAVED: ./test_usage_data/anstyle_query_manifest.json ===
=== COLLECTING USAGE DATA FOR CRATE: anstyle_query === (15 total usages)
=== MANIFEST SAVED: ./test_usage_data/tower_layer_manifest.json ===
=== COLLECTING USAGE DATA FOR CRATE: tower_layer === (0 total usages)
=== MANIFEST SAVED: ./test_usage_data/bit_vec_manifest.json ===
=== COLLECTING USAGE DATA FOR CRATE: bit_vec === (17 total usages)
=== MANIFEST SAVED: ./test_usage_data/iri_string_manifest.json ===
=== COLLECTING USAGE DATA FOR CRATE: iri_string === (802 total usages)
=== MANIFEST SAVED: ./test_usage_data/rustc_stable_hash_manifest.json ===
=== COLLECTING USAGE DATA FOR CRATE: rustc_stable_hash === (20 total usages)
=== MANIFEST SAVED: ./test_usage_data/ipnet_manifest.json ===
=== COLLECTING USAGE DATA FOR CRATE: ipnet === (62 total usages)
=== MANIFEST SAVED: ./test_usage_data/powerfmt_manifest.json ===
=== COLLECTING USAGE DATA FOR CRATE: powerfmt === (3 total usages)
=== MANIFEST SAVED: ./test_usage_data/strsim_manifest.json ===
=== COLLECTING USAGE DATA FOR CRATE: strsim === (212 total usages)
=== MANIFEST SAVED: ./test_usage_data/num_conv_manifest.json ===
=== COLLECTING USAGE DATA FOR CRATE: num_conv === (192 total usages)
=== MANIFEST SAVED: ./test_usage_data/bit_set_manifest.json ===
=== COLLECTING USAGE DATA FOR CRATE: bit_set === (40 total usages)
=== MANIFEST SAVED: ./test_usage_data/toml_write_manifest.json ===
=== COLLECTING USAGE DATA FOR CRATE: toml_write === (150 total usages)
=== MANIFEST SAVED: ./test_usage_data/iana_time_zone_manifest.json ===
=== COLLECTING USAGE DATA FOR CRATE: iana_time_zone === (115 total usages)
=== MANIFEST SAVED: ./test_usage_data/num_cmp_manifest.json ===
=== COLLECTING USAGE DATA FOR CRATE: num_cmp === (6 total usages)
=== MANIFEST SAVED: ./test_usage_data/glob_manifest.json ===
=== COLLECTING USAGE DATA FOR CRATE: glob === (138 total usages)
   Compiling introspector-collector v0.1.0 (/mnt/data1/nix/vendor/rust/cargo2nix/submodules/rust/compiler/introspector-collector)
error: can't use a procedural macro from the same crate that defines it
 --> compiler/introspector-collector/src/github_ecosystem_lattice.rs:3:45
  |
3 | #[derive(Debug, Clone, PartialEq, Eq, Hash, LatticePointDerive)]
  |                                             ^^^^^^^^^^^^^^^^^^

error: can't use a procedural macro from the same crate that defines it
  --> compiler/introspector-collector/src/github_ecosystem_lattice.rs:17:45
   |
17 | #[derive(Debug, Clone, PartialEq, Eq, Hash, LatticePointDerive)]
   |                                             ^^^^^^^^^^^^^^^^^^

error: can't use a procedural macro from the same crate that defines it
  --> compiler/introspector-collector/src/github_ecosystem_lattice.rs:27:45
   |
27 | #[derive(Debug, Clone, PartialEq, Eq, Hash, LatticePointDerive)]
   |                                             ^^^^^^^^^^^^^^^^^^

error: can't use a procedural macro from the same crate that defines it
  --> compiler/introspector-collector/src/github_ecosystem_lattice.rs:34:45
   |
34 | #[derive(Debug, Clone, PartialEq, Eq, Hash, LatticePointDerive)]
   |                                             ^^^^^^^^^^^^^^^^^^

error: can't use a procedural macro from the same crate that defines it
  --> compiler/introspector-collector/src/github_ecosystem_lattice.rs:41:45
   |
41 | #[derive(Debug, Clone, PartialEq, Eq, Hash, LatticePointDerive)]
   |                                             ^^^^^^^^^^^^^^^^^^

error: can't use a procedural macro from the same crate that defines it
  --> compiler/introspector-collector/src/github_ecosystem_lattice.rs:48:45
   |
48 | #[derive(Debug, Clone, PartialEq, Eq, Hash, LatticePointDerive)]
   |                                             ^^^^^^^^^^^^^^^^^^

error: can't use a procedural macro from the same crate that defines it
  --> compiler/introspector-collector/src/github_ecosystem_lattice.rs:56:45
   |
56 | #[derive(Debug, Clone, PartialEq, Eq, Hash, LatticePointDerive)]
   |                                             ^^^^^^^^^^^^^^^^^^

error: can't use a procedural macro from the same crate that defines it
  --> compiler/introspector-collector/src/github_ecosystem_lattice.rs:72:45
   |
72 | #[derive(Debug, Clone, PartialEq, Eq, Hash, LatticePointDerive)]
   |                                             ^^^^^^^^^^^^^^^^^^

error: can't use a procedural macro from the same crate that defines it
  --> compiler/introspector-collector/src/github_ecosystem_lattice.rs:78:45
   |
78 | #[derive(Debug, Clone, PartialEq, Eq, Hash, LatticePointDerive)]
   |                                             ^^^^^^^^^^^^^^^^^^

error: can't use a procedural macro from the same crate that defines it
  --> compiler/introspector-collector/src/github_ecosystem_lattice.rs:84:45
   |
84 | #[derive(Debug, Clone, PartialEq, Eq, Hash, LatticePointDerive)]
   |                                             ^^^^^^^^^^^^^^^^^^

error: can't use a procedural macro from the same crate that defines it
  --> compiler/introspector-collector/src/rust_eigenmatrix_projection.rs:13:45
   |
13 | #[derive(Debug, Clone, PartialEq, Eq, Hash, LatticePointDerive)]
   |                                             ^^^^^^^^^^^^^^^^^^

error: can't use a procedural macro from the same crate that defines it
  --> compiler/introspector-collector/src/rust_eigenmatrix_projection.rs:21:45
   |
21 | #[derive(Debug, Clone, PartialEq, Eq, Hash, LatticePointDerive)]
   |                                             ^^^^^^^^^^^^^^^^^^

error: can't use a procedural macro from the same crate that defines it
  --> compiler/introspector-collector/src/rust_eigenmatrix_projection.rs:29:45
   |
29 | #[derive(Debug, Clone, PartialEq, Eq, Hash, LatticePointDerive)]
   |                                             ^^^^^^^^^^^^^^^^^^

error: the `#[proc_macro_derive]` attribute is only usable with crates of the `proc-macro` crate type
 --> compiler/introspector-collector/src/lattice_point_derive.rs:5:1
  |
5 | #[proc_macro_derive(LatticePointDerive)]
  | ^^^^^^^^^^^^^^^^^^^^^^^^^^^^^^^^^^^^^^^^

error[E0432]: unresolved import `self::*`
  --> compiler/introspector-collector/src/mkdwim_mega_fix.rs:72:9
   |
72 | pub use self::*;
   |         ^^^^^^^ cannot glob-import a module into itself

warning: unused import: `std::io::Write`
 --> compiler/introspector-collector/src/file_manager.rs:3:5
  |
3 | use std::io::Write;
  |     ^^^^^^^^^^^^^^
  |
  = note: `#[warn(unused_imports)]` (part of `#[warn(unused)]`) on by default

warning: unused import: `crate::data_structures::*`
 --> compiler/introspector-collector/src/visitors.rs:7:5
  |
7 | use crate::data_structures::*;
  |     ^^^^^^^^^^^^^^^^^^^^^^^^^

warning: unused import: `std::collections::HashMap`
  --> compiler/introspector-collector/src/visitors.rs:10:5
   |
10 | use std::collections::HashMap;
   |     ^^^^^^^^^^^^^^^^^^^^^^^^^

warning: unused import: `crate::collectors::*`
  --> compiler/introspector-collector/src/usage_collector.rs:11:5
   |
11 | use crate::collectors::*;
   |     ^^^^^^^^^^^^^^^^^^^^

warning: unused imports: `Visitor` and `self`
  --> compiler/introspector-collector/src/usage_collector.rs:17:29
   |
17 | use rustc_hir::intravisit::{self, Visitor};
   |                             ^^^^  ^^^^^^^

warning: unused import: `Ident`
 --> compiler/introspector-collector/src/enum_string_generator.rs:5:35
  |
5 | use syn::{visit::Visit, ItemEnum, Ident};
  |                                   ^^^^^

warning: unused macro definition: `mkdwim_field`
 --> compiler/introspector-collector/src/rust_tree_of_life.rs:7:14
  |
7 | macro_rules! mkdwim_field {
  |              ^^^^^^^^^^^^
  |
  = note: `#[warn(unused_macros)]` (part of `#[warn(unused)]`) on by default

warning: unused import: `crate::rust_tree_of_life::*`
 --> compiler/introspector-collector/src/rust_lattice.rs:4:5
  |
4 | use crate::rust_tree_of_life::*;
  |     ^^^^^^^^^^^^^^^^^^^^^^^^^^^

warning: unused import: `crate::dirac_delta_enum::DiracDeltaEnum`
 --> compiler/introspector-collector/src/metacoq_ultimate_lambda.rs:4:5
  |
4 | use crate::dirac_delta_enum::DiracDeltaEnum;
  |     ^^^^^^^^^^^^^^^^^^^^^^^^^^^^^^^^^^^^^^^

warning: unused import: `std::collections::HashMap`
 --> compiler/introspector-collector/src/metacoq_ultimate_lambda.rs:5:5
  |
5 | use std::collections::HashMap;
  |     ^^^^^^^^^^^^^^^^^^^^^^^^^

warning: unused import: `std::collections::HashMap`
 --> compiler/introspector-collector/src/rust_eigenmatrix_projection.rs:3:5
  |
3 | use std::collections::HashMap;
  |     ^^^^^^^^^^^^^^^^^^^^^^^^^

warning: unused import: `std::collections::HashMap`
 --> compiler/introspector-collector/src/maximal_value_extractor.rs:1:5
  |
1 | use std::collections::HashMap;
  |     ^^^^^^^^^^^^^^^^^^^^^^^^^

warning: unused import: `crate::metacoq_ultimate_lambda::MetaCoqLambda`
 --> compiler/introspector-collector/src/lean4_vs_ocaml.rs:4:5
  |
4 | use crate::metacoq_ultimate_lambda::MetaCoqLambda;
  |     ^^^^^^^^^^^^^^^^^^^^^^^^^^^^^^^^^^^^^^^^^^^^^

warning: unused import: `crate::macro_of_all_macros::*`
 --> compiler/introspector-collector/src/mcts_game_of_life_meta_meme.rs:4:5
  |
4 | use crate::macro_of_all_macros::*;
  |     ^^^^^^^^^^^^^^^^^^^^^^^^^^^^^

warning: unused import: `std::collections::HashMap`
 --> compiler/introspector-collector/src/mcts_game_of_life_meta_meme.rs:5:5
  |
5 | use std::collections::HashMap;
  |     ^^^^^^^^^^^^^^^^^^^^^^^^^

warning: unused import: `OperationCost`
 --> compiler/introspector-collector/src/ast_meme_spectral_analysis.rs:5:69
  |
5 | use crate::ast_resource_estimation::{ASTNodeType, AnnotatedASTNode, OperationCost};
  |                                                                     ^^^^^^^^^^^^^

warning: unused import: `ReductionStep`
 --> compiler/introspector-collector/src/self_compilation_equivalence.rs:4:69
  |
4 | use crate::complexity_reduction_engine::{ComplexityReductionEngine, ReductionStep, ComplexityLevel};
  |                                                                     ^^^^^^^^^^^^^

warning: unused import: `std::collections::HashMap`
 --> compiler/introspector-collector/src/trace_random.rs:4:5
  |
4 | use std::collections::HashMap;
  |     ^^^^^^^^^^^^^^^^^^^^^^^^^

warning: unused import: `std::fs`
 --> compiler/introspector-collector/src/nix_flake_generator.rs:4:5
  |
4 | use std::fs;
  |     ^^^^^^^

warning: unused import: `std::path::Path`
 --> compiler/introspector-collector/src/nix_flake_generator.rs:5:5
  |
5 | use std::path::Path;
  |     ^^^^^^^^^^^^^^^

warning: unused import: `std::collections::HashMap`
 --> compiler/introspector-collector/src/llm_context_optimizer.rs:4:5
  |
4 | use std::collections::HashMap;
  |     ^^^^^^^^^^^^^^^^^^^^^^^^^

warning: unused import: `ContextItem`
  --> compiler/introspector-collector/src/ast_chunking_system.rs:32:57
   |
32 | use crate::llm_context_optimizer::{LLMContextOptimizer, ContextItem, ContextType};
   |                                                         ^^^^^^^^^^^

warning: unused import: `std::collections::HashMap`
  --> compiler/introspector-collector/src/ast_chunking_system.rs:33:5
   |
33 | use std::collections::HashMap;
   |     ^^^^^^^^^^^^^^^^^^^^^^^^^

warning: unused import: `crate::spectral_ast_decomposition::SpectralASTDecomposition`
 --> compiler/introspector-collector/src/hierarchical_decomposition.rs:4:5
  |
4 | use crate::spectral_ast_decomposition::SpectralASTDecomposition;
  |     ^^^^^^^^^^^^^^^^^^^^^^^^^^^^^^^^^^^^^^^^^^^^^^^^^^^^^^^^^^^

warning: unused imports: `ASTChunk` and `ASTType`
 --> compiler/introspector-collector/src/hierarchical_decomposition.rs:5:34
  |
5 | use crate::ast_chunking_system::{ASTChunk, ASTType};
  |                                  ^^^^^^^^  ^^^^^^^

warning: crate-level attribute should be in the root module
 --> compiler/introspector-collector/src/visitors.rs:1:1
  |
1 | #![feature(rustc_private)]
  | ^^^^^^^^^^^^^^^^^^^^^^^^^^
  |
  = note: `#[warn(unused_attributes)]` (part of `#[warn(unused)]`) on by default

warning: crate-level attribute should be in the root module
 --> compiler/introspector-collector/src/usage_collector.rs:1:1
  |
1 | #![feature(rustc_private)]
  | ^^^^^^^^^^^^^^^^^^^^^^^^^^

error[E0599]: no method named `json` found for opaque type `impl futures_core::Future<Output = RequestBuilder>` in the current scope
   --> compiler/introspector-collector/src/ast_chunking_system.rs:274:14
    |
272 |           let response = client
    |  ________________________-
273 | |             .post(&format!("{}/api/generate", endpoint))
274 | |             .json(&payload)
    | |             -^^^^ method not found in `impl futures_core::Future<Output = RequestBuilder>`
    | |_____________|
    |
    |
help: consider `await`ing on the `Future` and calling the method on its `Output`
    |
274 |             .await.json(&payload)
    |              ++++++

error[E0599]: no method named `json` found for opaque type `impl futures_core::Future<Output = RequestBuilder>` in the current scope
   --> compiler/introspector-collector/src/ast_chunking_system.rs:292:14
    |
290 |           let response = client
    |  ________________________-
291 | |             .post(&format!("https://generativelanguage.googleapis.com/v1beta/models/{}:generateContent?key={}", model, api_key))
292 | |             .json(&payload)
    | |             -^^^^ method not found in `impl futures_core::Future<Output = RequestBuilder>`
    | |_____________|
    |
    |
help: consider `await`ing on the `Future` and calling the method on its `Output`
    |
292 |             .await.json(&payload)
    |              ++++++

error[E0063]: missing field `universal_mapping` in initializer of `UniversalNode`
   --> compiler/introspector-collector/src/rust_tree_of_life.rs:286:9
    |
286 |         UniversalNode {
    |         ^^^^^^^^^^^^^ missing `universal_mapping`

error[E0063]: missing field `universal_mapping` in initializer of `RustExpr`
   --> compiler/introspector-collector/src/rust_tree_of_life.rs:386:9
    |
386 |         RustExpr::EnumVariant {
    |         ^^^^^^^^^^^^^^^^^^^^^ missing `universal_mapping`

error[E0599]: no variant named `Enum` found for enum `RustExpr`
   --> compiler/introspector-collector/src/rust_tree_of_life.rs:400:27
    |
171 | pub enum RustExpr {
    | ----------------- variant `Enum` not found here
...
400 |                 RustExpr::Enum {
    |                           ^^^^ variant not found in `RustExpr`

error[E0599]: no variant named `Enum` found for enum `RustExpr`
   --> compiler/introspector-collector/src/rust_tree_of_life.rs:409:27
    |
171 | pub enum RustExpr {
    | ----------------- variant `Enum` not found here
...
409 |                 RustExpr::Enum {
    |                           ^^^^ variant not found in `RustExpr`

error[E0223]: ambiguous associated type
   --> compiler/introspector-collector/src/rust_tree_of_life.rs:416:64
    |
416 | ...                   data: Some(Box::new(RustExpr::Type(RustType::Generic {
    |                                                          ^^^^^^^^^^^^^^^^^
    |
help: if there were a trait named `Example` with associated type `Generic` implemented for `RustType`, you could use the fully-qualified path
    |
416 -                             data: Some(Box::new(RustExpr::Type(RustType::Generic {
416 +                             data: Some(Box::new(RustExpr::Type(<RustType as Example>::Generic {
    |

error[E0063]: missing field `universal_mapping` in initializer of `RustExpr`
   --> compiler/introspector-collector/src/rust_tree_of_life.rs:413:25
    |
413 |                         RustExpr::EnumVariant {
    |                         ^^^^^^^^^^^^^^^^^^^^^ missing `universal_mapping`

error[E0599]: no variant named `Enum` found for enum `RustExpr`
   --> compiler/introspector-collector/src/rust_tree_of_life.rs:425:27
    |
171 | pub enum RustExpr {
    | ----------------- variant `Enum` not found here
...
425 |                 RustExpr::Enum {
    |                           ^^^^ variant not found in `RustExpr`

error[E0223]: ambiguous associated type
   --> compiler/introspector-collector/src/rust_tree_of_life.rs:431:64
    |
431 | ...                   data: Some(Box::new(RustExpr::Type(RustType::Generic {
    |                                                          ^^^^^^^^^^^^^^^^^
    |
help: if there were a trait named `Example` with associated type `Generic` implemented for `RustType`, you could use the fully-qualified path
    |
431 -                             data: Some(Box::new(RustExpr::Type(RustType::Generic {
431 +                             data: Some(Box::new(RustExpr::Type(<RustType as Example>::Generic {
    |

error[E0063]: missing field `universal_mapping` in initializer of `RustExpr`
   --> compiler/introspector-collector/src/rust_tree_of_life.rs:428:25
    |
428 |                         RustExpr::EnumVariant {
    |                         ^^^^^^^^^^^^^^^^^^^^^ missing `universal_mapping`

error[E0223]: ambiguous associated type
   --> compiler/introspector-collector/src/rust_tree_of_life.rs:439:64
    |
439 | ...                   data: Some(Box::new(RustExpr::Type(RustType::Generic {
    |                                                          ^^^^^^^^^^^^^^^^^
    |
help: if there were a trait named `Example` with associated type `Generic` implemented for `RustType`, you could use the fully-qualified path
    |
439 -                             data: Some(Box::new(RustExpr::Type(RustType::Generic {
439 +                             data: Some(Box::new(RustExpr::Type(<RustType as Example>::Generic {
    |

error[E0063]: missing field `universal_mapping` in initializer of `RustExpr`
   --> compiler/introspector-collector/src/rust_tree_of_life.rs:436:25
    |
436 |                         RustExpr::EnumVariant {
    |                         ^^^^^^^^^^^^^^^^^^^^^ missing `universal_mapping`

error[E0063]: missing fields `hir_module`, `mir_module` and `syn_module` in initializer of `RustExpr`
   --> compiler/introspector-collector/src/rust_tree_of_life.rs:396:26
    |
396 |         let core_types = RustExpr::Module {
    |                          ^^^^^^^^^^^^^^^^ missing `hir_module`, `mir_module` and `syn_module`

error[E0599]: no variant or associated item named `RustcEnum` found for enum `RustExpr` in the current scope
   --> compiler/introspector-collector/src/rust_tree_of_life.rs:453:27
    |
171 | pub enum RustExpr {
    | ----------------- variant or associated item `RustcEnum` not found for this enum
...
453 |                 RustExpr::RustcEnum("rustc_ast::ItemKind".to_string()),
    |                           ^^^^^^^^^ variant or associated item not found in `RustExpr`

error[E0599]: no variant or associated item named `RustcEnum` found for enum `RustExpr` in the current scope
   --> compiler/introspector-collector/src/rust_tree_of_life.rs:454:27
    |
171 | pub enum RustExpr {
    | ----------------- variant or associated item `RustcEnum` not found for this enum
...
454 |                 RustExpr::RustcEnum("rustc_hir::ExprKind".to_string()),
    |                           ^^^^^^^^^ variant or associated item not found in `RustExpr`

error[E0599]: no variant or associated item named `RustcEnum` found for enum `RustExpr` in the current scope
   --> compiler/introspector-collector/src/rust_tree_of_life.rs:455:27
    |
171 | pub enum RustExpr {
    | ----------------- variant or associated item `RustcEnum` not found for this enum
...
455 |                 RustExpr::RustcEnum("rustc_middle::ty::TyKind".to_string()),
    |                           ^^^^^^^^^ variant or associated item not found in `RustExpr`

error[E0063]: missing fields `hir_module`, `mir_module` and `syn_module` in initializer of `RustExpr`
   --> compiler/introspector-collector/src/rust_tree_of_life.rs:450:30
    |
450 |         let rustc_bindings = RustExpr::Module {
    |                              ^^^^^^^^^^^^^^^^ missing `hir_module`, `mir_module` and `syn_module`

error[E0599]: no variant named `Annotation` found for enum `RustExpr`
   --> compiler/introspector-collector/src/rust_tree_of_life.rs:463:27
    |
171 | pub enum RustExpr {
    | ----------------- variant `Annotation` not found here
...
463 |                 RustExpr::Annotation {
    |                           ^^^^^^^^^^ variant not found in `RustExpr`

error[E0599]: no variant or associated item named `RustcEnum` found for enum `RustExpr` in the current scope
   --> compiler/introspector-collector/src/rust_tree_of_life.rs:464:48
    |
171 | pub enum RustExpr {
    | ----------------- variant or associated item `RustcEnum` not found for this enum
...
464 |                     target: Box::new(RustExpr::RustcEnum("rustc_ast::ItemKind".to_string())),
    |                                                ^^^^^^^^^ variant or associated item not found in `RustExpr`

error[E0599]: no variant or associated item named `GeneratedMacro` found for enum `RustExpr` in the current scope
   --> compiler/introspector-collector/src/rust_tree_of_life.rs:467:27
    |
171 | pub enum RustExpr {
    | ----------------- variant or associated item `GeneratedMacro` not found for this enum
...
467 |                 RustExpr::GeneratedMacro("mk_itemkind_to_string".to_string()),
    |                           ^^^^^^^^^^^^^^ variant or associated item not found in `RustExpr`

error[E0063]: missing fields `hir_module`, `mir_module` and `syn_module` in initializer of `RustExpr`
   --> compiler/introspector-collector/src/rust_tree_of_life.rs:460:27
    |
460 |         let macro_layer = RustExpr::Module {
    |                           ^^^^^^^^^^^^^^^^ missing `hir_module`, `mir_module` and `syn_module`

error[E0027]: pattern does not mention fields `syn_module`, `hir_module`, `mir_module`
   --> compiler/introspector-collector/src/rust_tree_of_life.rs:497:13
    |
497 |             RustExpr::Module { name, items } => {
    |             ^^^^^^^^^^^^^^^^^^^^^^^^^^^^^^^^ missing fields `syn_module`, `hir_module`, `mir_module`
    |
help: include the missing fields in the pattern
    |
497 |             RustExpr::Module { name, items, syn_module, hir_module, mir_module } => {
    |                                           ++++++++++++++++++++++++++++++++++++
help: if you don't care about these missing fields, you can explicitly ignore them
    |
497 |             RustExpr::Module { name, items, syn_module: _, hir_module: _, mir_module: _ } => {
    |                                           +++++++++++++++++++++++++++++++++++++++++++++
help: or always ignore missing fields here
    |
497 |             RustExpr::Module { name, items, .. } => {
    |                                           ++++

error[E0599]: no variant named `Enum` found for enum `RustExpr`
   --> compiler/introspector-collector/src/rust_tree_of_life.rs:506:23
    |
171 | pub enum RustExpr {
    | ----------------- variant `Enum` not found here
...
506 |             RustExpr::Enum { name, variants } => {
    |                       ^^^^ variant not found in `RustExpr`

error[E0599]: no variant or associated item named `RustcEnum` found for enum `RustExpr` in the current scope
   --> compiler/introspector-collector/src/rust_tree_of_life.rs:526:23
    |
171 | pub enum RustExpr {
    | ----------------- variant or associated item `RustcEnum` not found for this enum
...
526 |             RustExpr::RustcEnum(name) => {
    |                       ^^^^^^^^^ variant or associated item not found in `RustExpr`

error[E0599]: no variant or associated item named `GeneratedMacro` found for enum `RustExpr` in the current scope
   --> compiler/introspector-collector/src/rust_tree_of_life.rs:530:23
    |
171 | pub enum RustExpr {
    | ----------------- variant or associated item `GeneratedMacro` not found for this enum
...
530 |             RustExpr::GeneratedMacro(name) => {
    |                       ^^^^^^^^^^^^^^ variant or associated item not found in `RustExpr`

error[E0599]: no variant named `Annotation` found for enum `RustExpr`
   --> compiler/introspector-collector/src/rust_tree_of_life.rs:534:23
    |
171 | pub enum RustExpr {
    | ----------------- variant `Annotation` not found here
...
534 |             RustExpr::Annotation { target, annotation } => {
    |                       ^^^^^^^^^^ variant not found in `RustExpr`

error[E0277]: `rust_lattice::RustLattice` doesn't implement `std::fmt::Debug`
  --> compiler/introspector-collector/src/meta_lattice.rs:11:5
   |
 9 | #[derive(Debug, Clone)]
   |          ----- in this derive macro expansion
10 | pub struct MetaLattice {
11 |     pub base_lattice: RustLattice,
   |     ^^^^^^^^^^^^^^^^^^^^^^^^^^^^^ the trait `std::fmt::Debug` is not implemented for `rust_lattice::RustLattice`
   |
   = note: add `#[derive(Debug)]` to `rust_lattice::RustLattice` or manually `impl std::fmt::Debug for rust_lattice::RustLattice`
help: consider annotating `rust_lattice::RustLattice` with `#[derive(Debug)]`
  --> compiler/introspector-collector/src/rust_lattice.rs:9:1
   |
 9 + #[derive(Debug)]
10 | pub struct RustLattice {
   |

error[E0658]: use of unstable library feature `str_as_str`
  --> compiler/introspector-collector/src/quine_relay_proof.rs:76:25
   |
76 |         match lang_name.as_str() {
   |                         ^^^^^^
   |
   = note: see issue #130366 <https://github.com/rust-lang/rust/issues/130366> for more information
   = help: add `#![feature(str_as_str)]` to the crate attributes to enable
   = note: this compiler was built on 2025-11-07; consider upgrading it if it is out of date

error[E0599]: no method named `arg` found for reference `&Complex` in the current scope
   --> compiler/introspector-collector/src/spectral_ast_decomposition.rs:103:44
    |
103 |                     total_phase += element.arg();
    |                                            ^^^ method not found in `&Complex`
    |
    = help: items from traits can only be used if the trait is implemented and in scope
    = note: the following trait defines an item `arg`, perhaps you need to implement it:
            candidate #1: `num_complex::ComplexFloat`

error[E0689]: can't call method `max` on ambiguous numeric type `{float}`
   --> compiler/introspector-collector/src/spectral_ast_decomposition.rs:153:59
    |
153 |         let max_val = spectrum.iter().fold(0.0, |a, &b| a.max(b));
    |                                                  -        ^^^
    |                                                  |
    |                                                  you must specify a type for this binding, like `f32`

error[E0308]: mismatched types
   --> compiler/introspector-collector/src/hierarchical_decomposition.rs:129:24
    |
129 |             .unwrap_or("unknown");
    |              --------- ^^^^^^^^^ expected `&&str`, found `&str`
    |              |
    |              arguments to this method are incorrect
    |
    = note: expected reference `&&_`
               found reference `&'static _`
help: the return type of this call is `&'static str` due to the type of the argument passed
   --> compiler/introspector-collector/src/hierarchical_decomposition.rs:126:29
    |
126 |           let most_frequent = scores.iter()
    |  _____________________________^
127 | |             .max_by_key(|(_, &count)| count)
128 | |             .map(|(&keyword, _)| keyword)
129 | |             .unwrap_or("unknown");
    | |________________________---------^
    |                          |
    |                          this argument influences the return type of `unwrap_or`
note: method defined here
   --> /build/rustc-1.91.1-src/library/core/src/option.rs:1032:18
help: use `Option::map_or` to deref inner value of `Option`
    |
129 -             .unwrap_or("unknown");
129 +             .map_or("unknown", |v| v);
    |

warning: unused import: `Visitor`
 --> compiler/introspector-collector/src/visitors.rs:9:35
  |
9 | use rustc_hir::intravisit::{self, Visitor};
  |                                   ^^^^^^^

warning: unused variable: `body_id`
   --> compiler/introspector-collector/src/usage_collector.rs:203:53
    |
203 |                 rustc_hir::ItemKind::Const(_, _, _, body_id) => {
    |                                                     ^^^^^^^ help: if this is intentional, prefix it with an underscore: `_body_id`
    |
    = note: `#[warn(unused_variables)]` (part of `#[warn(unused)]`) on by default

warning: unused variable: `enum_name_ident`
   --> compiler/introspector-collector/src/usage_collector.rs:268:50
    |
268 |                 if let rustc_hir::ItemKind::Enum(enum_name_ident, generics, enum_def) = &item.kind {
    |                                                  ^^^^^^^^^^^^^^^ help: if this is intentional, prefix it with an underscore: `_enum_name_ident`

warning: unused variable: `generics`
   --> compiler/introspector-collector/src/usage_collector.rs:268:67
    |
268 |                 if let rustc_hir::ItemKind::Enum(enum_name_ident, generics, enum_def) = &item.kind {
    |                                                                   ^^^^^^^^ help: if this is intentional, prefix it with an underscore: `_generics`

warning: unused variable: `user_location`
   --> compiler/introspector-collector/src/usage_collector.rs:329:17
    |
329 |             let user_location = format!("crate::{}::{}::{}", local_crate, module, decl);
    |                 ^^^^^^^^^^^^^ help: if this is intentional, prefix it with an underscore: `_user_location`

warning: unused variable: `pattern`
  --> compiler/introspector-collector/src/rustc_enum_generator.rs:28:13
   |
28 |         let pattern = format!("{}/*enums.json", test_data_path);
   |             ^^^^^^^ help: if this is intentional, prefix it with an underscore: `_pattern`

warning: unused variable: `repr`
  --> compiler/introspector-collector/src/reconstruction_engine.rs:65:19
   |
65 |             .map(|repr| format!("{}:{}", layer, construct))
   |                   ^^^^ help: if this is intentional, prefix it with an underscore: `_repr`

error[E0502]: cannot borrow `*self` as mutable because it is also borrowed as immutable
   --> compiler/introspector-collector/src/rust_lattice.rs:117:17
    |
113 |         for (existing_id, existing_node) in &self.nodes {
    |                                             -----------
    |                                             |
    |                                             immutable borrow occurs here
    |                                             immutable borrow later used here
...
117 |                 self.add_connection(new_node_id, existing_id);
    |                 ^^^^^^^^^^^^^^^^^^^^^^^^^^^^^^^^^^^^^^^^^^^^^ mutable borrow occurs here

warning: unused variable: `existing_layer`
   --> compiler/introspector-collector/src/rust_lattice.rs:232:22
    |
232 |                 for (existing_layer, content) in &node.representations {
    |                      ^^^^^^^^^^^^^^ help: if this is intentional, prefix it with an underscore: `_existing_layer`

warning: unused variable: `rng`
   --> compiler/introspector-collector/src/meta_lattice.rs:204:17
    |
204 |         let mut rng = rand::thread_rng();
    |                 ^^^ help: if this is intentional, prefix it with an underscore: `_rng`

warning: variable does not need to be mutable
   --> compiler/introspector-collector/src/meta_lattice.rs:204:13
    |
204 |         let mut rng = rand::thread_rng();
    |             ----^^^
    |             |
    |             help: remove this `mut`
    |
    = note: `#[warn(unused_mut)]` (part of `#[warn(unused)]`) on by default

warning: unused variable: `generation`
   --> compiler/introspector-collector/src/meta_lattice.rs:235:61
    |
235 |     fn genetic_step(&self, mut population: Vec<Individual>, generation: u32) -> Vec<Individual> {
    |                                                             ^^^^^^^^^^ help: if this is intentional, prefix it with an underscore: `_generation`

warning: unused variable: `properties`
  --> compiler/introspector-collector/src/language_meta_system.rs:82:41
   |
82 | pub fn create_language_tree(name: &str, properties: HashMap<String, String>) -> LanguageTree {
   |                                         ^^^^^^^^^^ help: if this is intentional, prefix it with an underscore: `_properties`

error[E0716]: temporary value dropped while borrowed
   --> compiler/introspector-collector/src/repository_enumification.rs:252:57
    |
252 |             let name = url.split('/').last().unwrap_or(&format!("repo_{}", i));
    |                                                         ^^^^^^^^^^^^^^^^^^^^^ - temporary value is freed at the end of this statement
    |                                                         |
    |                                                         creates a temporary value which is freed while still in use
...
255 |                 name,
    |                 ---- borrow later used here
    |
    = note: consider using a `let` binding to create a longer lived value
    = note: this error originates in the macro `format` (in Nightly builds, run with -Z macro-backtrace for more info)

error[E0716]: temporary value dropped while borrowed
   --> compiler/introspector-collector/src/universal_transformation.rs:205:67
    |
205 |                 let projection = projections.get(lang).unwrap_or(&"".to_string());
    |                                                                   ^^^^^^^^^^^^^^ - temporary value is freed at the end of this statement
    |                                                                   |
    |                                                                   creates a temporary value which is freed while still in use
206 |                 let short_proj = if projection.len() > 20 {
    |                                     ---------- borrow later used here
    |
    = note: consider using a `let` binding to create a longer lived value

warning: unused variable: `base_enum`
   --> compiler/introspector-collector/src/delta_lattice.rs:122:53
    |
122 |     fn generate_haskell_polyfill(&self, pos: usize, base_enum: &DiracDeltaEnum) -> String {
    |                                                     ^^^^^^^^^ help: if this is intentional, prefix it with an underscore: `_base_enum`

warning: unused variable: `repo`
  --> compiler/introspector-collector/src/github_ecosystem_lattice.rs:98:30
   |
98 |             Self::Repository(repo) => {
   |                              ^^^^ help: if this is intentional, prefix it with an underscore: `_repo`

warning: variable does not need to be mutable
   --> compiler/introspector-collector/src/rust_eigenmatrix_projection.rs:118:9
    |
118 |     let mut decls = Vec::new();
    |         ----^^^^^
    |         |
    |         help: remove this `mut`

warning: variable does not need to be mutable
   --> compiler/introspector-collector/src/rust_eigenmatrix_projection.rs:119:9
    |
119 |     let mut asts = Vec::new();
    |         ----^^^^
    |         |
    |         help: remove this `mut`

warning: unused variable: `operation`
   --> compiler/introspector-collector/src/universal_resource_metrics.rs:277:53
    |
277 |     pub fn measure_equivalent_operations(&mut self, operation: &str) -> HashMap<String, ResourceCost> {
    |                                                     ^^^^^^^^^ help: if this is intentional, prefix it with an underscore: `_operation`

error[E0596]: cannot borrow `*self` as mutable, as it is behind a `&` reference
   --> compiler/introspector-collector/src/universal_resource_metrics.rs:369:31
    |
369 |         let factorial_costs = self.measure_equivalent_operations("factorial");
    |                               ^^^^ `self` is a `&` reference, so the data it refers to cannot be borrowed as mutable
    |
help: consider changing this to be a mutable reference
    |
355 |     pub fn efficiency_comparison(&mut self) -> String {
    |                                   +++

error[E0502]: cannot borrow `*self` as immutable because it is also borrowed as mutable
   --> compiler/introspector-collector/src/mcts_game_of_life_meta_meme.rs:145:22
    |
120 |         let mut current = &mut self.root_meme;
    |                           ------------------- mutable borrow occurs here
...
145 |         let profit = self.simulate_profit(current);
    |                      ^^^^                 ------- mutable borrow later used here
    |                      |
    |                      immutable borrow occurs here

warning: unused variable: `resource_type`
   --> compiler/introspector-collector/src/ast_resource_estimation.rs:202:23
    |
202 |     pub fn est(&self, resource_type: &str, levels: &[&str]) -> HashMap<String, OperationCost> {
    |                       ^^^^^^^^^^^^^ help: if this is intentional, prefix it with an underscore: `_resource_type`

error[E0382]: borrow of moved value: `current_chunk`
   --> compiler/introspector-collector/src/ast_chunking_system.rs:130:48
    |
 90 |         let mut current_chunk = String::new();
    |             ----------------- move occurs because `current_chunk` has type `std::string::String`, which does not implement the `Copy` trait
...
128 |                 content: current_chunk,
    |                          ------------- value moved here
129 |                 token_count: current_tokens,
130 |                 ast_type: self.detect_ast_type(&current_chunk),
    |                                                ^^^^^^^^^^^^^^ value borrowed here after move
    |
    = note: borrow occurs due to deref coercion to `str`
help: consider cloning the value if the performance cost is acceptable
    |
128 |                 content: current_chunk.clone(),
    |                                       ++++++++

warning: unused variable: `chunk`
  --> compiler/introspector-collector/src/hierarchical_decomposition.rs:76:36
   |
76 |     fn binary_decomposition(&self, chunk: &str, idx: usize) -> String {
   |                                    ^^^^^ help: if this is intentional, prefix it with an underscore: `_chunk`

warning: unused variable: `chunk`
  --> compiler/introspector-collector/src/hierarchical_decomposition.rs:84:37
   |
84 |     fn ternary_decomposition(&self, chunk: &str, idx: usize) -> String {
   |                                     ^^^^^ help: if this is intentional, prefix it with an underscore: `_chunk`

warning: unused variable: `chunk`
  --> compiler/introspector-collector/src/hierarchical_decomposition.rs:93:40
   |
93 |     fn quaternary_decomposition(&self, chunk: &str, idx: usize) -> String {
   |                                        ^^^^^ help: if this is intentional, prefix it with an underscore: `_chunk`

warning: unused variable: `n`
   --> compiler/introspector-collector/src/hierarchical_decomposition.rs:103:60
    |
103 |     fn small_decomposition(&self, chunk: &str, idx: usize, n: usize) -> String {
    |                                                            ^ help: if this is intentional, prefix it with an underscore: `_n`

warning: unused variable: `n`
   --> compiler/introspector-collector/src/hierarchical_decomposition.rs:147:59
    |
147 |     fn fine_decomposition(&self, chunk: &str, idx: usize, n: usize) -> String {
    |                                                           ^ help: if this is intentional, prefix it with an underscore: `_n`

Some errors have detailed explanations: E0027, E0063, E0223, E0277, E0308, E0382, E0432, E0502, E0596...
For more information about an error, try `rustc --explain E0027`.
warning: `introspector-collector` (lib) generated 50 warnings
error: could not compile `introspector-collector` (lib) due to 53 previous errors; 50 warnings emitted
